Archive member included to satisfy reference by file (symbol)

/home/notbonzo/toolchain32/i686-elf/lib/gcc/i686-elf/11.2.0/libgcc.a(_udivdi3.o)
                              build/i686_debug/stage2/stdio.o (__udivdi3)
/home/notbonzo/toolchain32/i686-elf/lib/gcc/i686-elf/11.2.0/libgcc.a(_umoddi3.o)
                              build/i686_debug/stage2/stdio.o (__umoddi3)

Memory Configuration

Name             Origin             Length             Attributes
*default*        0x0000000000000000 0xffffffffffffffff

Linker script and memory map

                0x0000000000000500                phys = 0x500
                0x0000000000000500                . = phys

.entry          0x0000000000000500       0xe3
                0x0000000000000500                __entry_start = .
 *(.entry)
 .entry         0x0000000000000500       0xe3 build/i686_debug/stage2/entry.o
                0x0000000000000500                entry

.text           0x00000000000005f0     0x26f0
                0x00000000000005f0                __text_start = .
 *(.text)
 .text          0x00000000000005f0      0x145 /home/notbonzo/toolchain32/i686-elf/lib/gcc/i686-elf/11.2.0/crtbegin.o
 .text          0x0000000000000735       0x55 build/i686_debug/stage2/ctype.o
                0x0000000000000735                islower
                0x000000000000075e                toupper
 .text          0x000000000000078a      0x194 build/i686_debug/stage2/disk.o
                0x000000000000078a                DISK_Initialize
                0x00000000000007f5                DISK_LBA2CHS
                0x0000000000000882                DISK_ReadSectors
 .text          0x000000000000091e      0x3ae build/i686_debug/stage2/elf.o
                0x000000000000091e                ELF_Read
 .text          0x0000000000000ccc      0xc12 build/i686_debug/stage2/fat.o
                0x0000000000000ccc                FAT_CompareLFNBlocks
                0x0000000000000cf6                FAT_ReadBootSector
                0x0000000000000d13                FAT_ReadFat
                0x0000000000000d46                FAT_Detect
                0x0000000000000daa                FAT_Initialize
                0x0000000000001013                FAT_ClusterToLba
                0x0000000000001034                FAT_OpenEntry
                0x00000000000011fc                FAT_NextCluster
                0x000000000000134b                FAT_Read
                0x00000000000015a0                FAT_ReadEntry
                0x00000000000015c1                FAT_Close
                0x000000000000160f                FAT_GetShortName
                0x0000000000001708                FAT_FindFile
                0x0000000000001794                FAT_Open
 .text          0x00000000000018de      0x127 build/i686_debug/stage2/main.o
                0x00000000000018de                start
 .text          0x0000000000001a05       0xaa build/i686_debug/stage2/mbr.o
                0x0000000000001a05                MBR_DetectPartition
                0x0000000000001a7f                Partition_ReadSectors
 .text          0x0000000000001aaf      0x128 build/i686_debug/stage2/memdetect.o
                0x0000000000001aaf                Memory_Detect
 .text          0x0000000000001bd7      0x11e build/i686_debug/stage2/memory.o
                0x0000000000001bd7                memcpy
                0x0000000000001c29                memset
                0x0000000000001c6c                memcmp
                0x0000000000001ccc                segoffset_to_linear
 .text          0x0000000000001cf5      0x895 build/i686_debug/stage2/stdio.o
                0x0000000000001cf5                putchr
                0x0000000000001d24                putcolor
                0x0000000000001d56                getchr
                0x0000000000001d78                getcolor
                0x0000000000001d9d                setcursor
                0x0000000000001e0e                clrscr
                0x0000000000001e9c                scrollback
                0x0000000000001f8a                putc
                0x0000000000002097                puts
                0x00000000000020c6                printf_unsigned
                0x000000000000217f                printf_signed
                0x00000000000021dc                printf
                0x00000000000024f1                print_buffer
 .text          0x000000000000258a      0x17a build/i686_debug/stage2/stdlib.o
                0x000000000000258a                qsort_internal
                0x00000000000026db                qsort
 .text          0x0000000000002704       0xb6 build/i686_debug/stage2/string.o
                0x0000000000002704                strchr
                0x0000000000002742                strcpy
                0x0000000000002794                strlen
 *fill*         0x00000000000027ba        0x6 
 .text          0x00000000000027c0      0x24e build/i686_debug/stage2/x86.o
                0x00000000000027c0                x86_outb
                0x00000000000027cb                x86_inb
                0x00000000000027d4                x86_Disk_GetDriveParams
                0x0000000000002897                x86_Disk_Reset
                0x00000000000028e7                x86_Disk_Read
                0x0000000000002965                x86_E820GetNextBlock
 *fill*         0x0000000000002a0e        0x2 
 .text          0x0000000000002a10       0x41 /home/notbonzo/toolchain32/i686-elf/lib/gcc/i686-elf/11.2.0/crtend.o
 *fill*         0x0000000000002a51        0xf 
 .text          0x0000000000002a60      0x12a /home/notbonzo/toolchain32/i686-elf/lib/gcc/i686-elf/11.2.0/libgcc.a(_udivdi3.o)
                0x0000000000002a60                __udivdi3
 *fill*         0x0000000000002b8a        0x6 
 .text          0x0000000000002b90      0x150 /home/notbonzo/toolchain32/i686-elf/lib/gcc/i686-elf/11.2.0/libgcc.a(_umoddi3.o)
                0x0000000000002b90                __umoddi3

.init           0x0000000000002ce0        0xf
 .init          0x0000000000002ce0        0x3 build/i686_debug/stage2/crti.o
                0x0000000000002ce0                _init
 .init          0x0000000000002ce3        0x5 /home/notbonzo/toolchain32/i686-elf/lib/gcc/i686-elf/11.2.0/crtbegin.o
 .init          0x0000000000002ce8        0x5 /home/notbonzo/toolchain32/i686-elf/lib/gcc/i686-elf/11.2.0/crtend.o
 .init          0x0000000000002ced        0x2 build/i686_debug/stage2/crtn.o

.fini           0x0000000000002cef        0xa
 .fini          0x0000000000002cef        0x3 build/i686_debug/stage2/crti.o
                0x0000000000002cef                _fini
 .fini          0x0000000000002cf2        0x5 /home/notbonzo/toolchain32/i686-elf/lib/gcc/i686-elf/11.2.0/crtbegin.o
 .fini          0x0000000000002cf7        0x2 build/i686_debug/stage2/crtn.o

.data           0x0000000000002cfc       0x10
                0x0000000000002cfc                __data_start = .
 *(.data)
 .data          0x0000000000002cfc        0x4 /home/notbonzo/toolchain32/i686-elf/lib/gcc/i686-elf/11.2.0/crtbegin.o
                0x0000000000002cfc                __dso_handle
 .data          0x0000000000002d00        0x0 build/i686_debug/stage2/ctype.o
 .data          0x0000000000002d00        0x0 build/i686_debug/stage2/disk.o
 .data          0x0000000000002d00        0x0 build/i686_debug/stage2/elf.o
 .data          0x0000000000002d00        0x0 build/i686_debug/stage2/fat.o
 .data          0x0000000000002d00        0x8 build/i686_debug/stage2/main.o
                0x0000000000002d00                KernelLoadBuffer
                0x0000000000002d04                Kernel
 .data          0x0000000000002d08        0x0 build/i686_debug/stage2/mbr.o
 .data          0x0000000000002d08        0x0 build/i686_debug/stage2/memdetect.o
 .data          0x0000000000002d08        0x0 build/i686_debug/stage2/memory.o
 .data          0x0000000000002d08        0x4 build/i686_debug/stage2/stdio.o
                0x0000000000002d08                g_ScreenBuffer
 .data          0x0000000000002d0c        0x0 build/i686_debug/stage2/stdlib.o
 .data          0x0000000000002d0c        0x0 build/i686_debug/stage2/string.o
 .data          0x0000000000002d0c        0x0 /home/notbonzo/toolchain32/i686-elf/lib/gcc/i686-elf/11.2.0/crtend.o
 .data          0x0000000000002d0c        0x0 /home/notbonzo/toolchain32/i686-elf/lib/gcc/i686-elf/11.2.0/libgcc.a(_udivdi3.o)
 .data          0x0000000000002d0c        0x0 /home/notbonzo/toolchain32/i686-elf/lib/gcc/i686-elf/11.2.0/libgcc.a(_umoddi3.o)

.ctors          0x0000000000002d0c        0x8
 .ctors         0x0000000000002d0c        0x4 /home/notbonzo/toolchain32/i686-elf/lib/gcc/i686-elf/11.2.0/crtbegin.o
 .ctors         0x0000000000002d10        0x4 /home/notbonzo/toolchain32/i686-elf/lib/gcc/i686-elf/11.2.0/crtend.o

.dtors          0x0000000000002d14        0x8
 .dtors         0x0000000000002d14        0x4 /home/notbonzo/toolchain32/i686-elf/lib/gcc/i686-elf/11.2.0/crtbegin.o
 .dtors         0x0000000000002d18        0x4 /home/notbonzo/toolchain32/i686-elf/lib/gcc/i686-elf/11.2.0/crtend.o
                0x0000000000002d18                __DTOR_END__

.tm_clone_table
                0x0000000000002d1c        0x0
 .tm_clone_table
                0x0000000000002d1c        0x0 /home/notbonzo/toolchain32/i686-elf/lib/gcc/i686-elf/11.2.0/crtbegin.o
 .tm_clone_table
                0x0000000000002d1c        0x0 /home/notbonzo/toolchain32/i686-elf/lib/gcc/i686-elf/11.2.0/crtend.o

.rodata         0x0000000000002d1c      0x256
                0x0000000000002d1c                __rodata_start = .
 *(.rodata)
 .rodata        0x0000000000002d1c       0x16 build/i686_debug/stage2/elf.o
 *fill*         0x0000000000002d32        0x2 
 .rodata        0x0000000000002d34       0xc3 build/i686_debug/stage2/fat.o
 *fill*         0x0000000000002df7        0x1 
 .rodata        0x0000000000002df8       0x9c build/i686_debug/stage2/main.o
 .rodata        0x0000000000002e94       0x21 build/i686_debug/stage2/memdetect.o
 *fill*         0x0000000000002eb5        0x3 
 .rodata        0x0000000000002eb8       0xba build/i686_debug/stage2/stdio.o
                0x0000000000002eb8                SCREEN_WIDTH
                0x0000000000002ebc                SCREEN_HEIGHT
                0x0000000000002ec0                DEFAULT_COLOR
                0x0000000000002ec4                g_HexChars

.eh_frame       0x0000000000002f74       0xdc
 .eh_frame      0x0000000000002f74        0x0 /home/notbonzo/toolchain32/i686-elf/lib/gcc/i686-elf/11.2.0/crtbegin.o
 .eh_frame      0x0000000000002f74        0x4 /home/notbonzo/toolchain32/i686-elf/lib/gcc/i686-elf/11.2.0/crtend.o
 .eh_frame      0x0000000000002f78       0x64 /home/notbonzo/toolchain32/i686-elf/lib/gcc/i686-elf/11.2.0/libgcc.a(_udivdi3.o)
 .eh_frame      0x0000000000002fdc       0x74 /home/notbonzo/toolchain32/i686-elf/lib/gcc/i686-elf/11.2.0/libgcc.a(_umoddi3.o)

.bss            0x0000000000003060     0x184c
                0x0000000000003060                __bss_start = .
 *(.bss)
 .bss           0x0000000000003060       0x20 /home/notbonzo/toolchain32/i686-elf/lib/gcc/i686-elf/11.2.0/crtbegin.o
 .bss           0x0000000000003080        0x0 build/i686_debug/stage2/ctype.o
 .bss           0x0000000000003080        0x0 build/i686_debug/stage2/disk.o
 .bss           0x0000000000003080        0x0 build/i686_debug/stage2/elf.o
 .bss           0x0000000000003080       0x14 build/i686_debug/stage2/fat.o
 .bss           0x0000000000003094        0x0 build/i686_debug/stage2/main.o
 .bss           0x0000000000003094        0x0 build/i686_debug/stage2/mbr.o
 *fill*         0x0000000000003094        0xc 
 .bss           0x00000000000030a0     0x1804 build/i686_debug/stage2/memdetect.o
                0x00000000000030a0                g_MemRegions
                0x00000000000048a0                g_MemRegionCount
 .bss           0x00000000000048a4        0x0 build/i686_debug/stage2/memory.o
 .bss           0x00000000000048a4        0x8 build/i686_debug/stage2/stdio.o
                0x00000000000048a4                g_ScreenX
                0x00000000000048a8                g_ScreenY
 .bss           0x00000000000048ac        0x0 build/i686_debug/stage2/stdlib.o
 .bss           0x00000000000048ac        0x0 build/i686_debug/stage2/string.o
 .bss           0x00000000000048ac        0x0 /home/notbonzo/toolchain32/i686-elf/lib/gcc/i686-elf/11.2.0/crtend.o
 .bss           0x00000000000048ac        0x0 /home/notbonzo/toolchain32/i686-elf/lib/gcc/i686-elf/11.2.0/libgcc.a(_udivdi3.o)
 .bss           0x00000000000048ac        0x0 /home/notbonzo/toolchain32/i686-elf/lib/gcc/i686-elf/11.2.0/libgcc.a(_umoddi3.o)
                0x00000000000048ac                __end = .
LOAD build/i686_debug/stage2/crti.o
LOAD /home/notbonzo/toolchain32/i686-elf/lib/gcc/i686-elf/11.2.0/crtbegin.o
LOAD build/i686_debug/stage2/ctype.o
LOAD build/i686_debug/stage2/disk.o
LOAD build/i686_debug/stage2/elf.o
LOAD build/i686_debug/stage2/fat.o
LOAD build/i686_debug/stage2/main.o
LOAD build/i686_debug/stage2/mbr.o
LOAD build/i686_debug/stage2/memdetect.o
LOAD build/i686_debug/stage2/memory.o
LOAD build/i686_debug/stage2/stdio.o
LOAD build/i686_debug/stage2/stdlib.o
LOAD build/i686_debug/stage2/string.o
LOAD build/i686_debug/stage2/entry.o
LOAD build/i686_debug/stage2/x86.o
LOAD build/i686_debug/libs/core/libcore.o
LOAD /home/notbonzo/toolchain32/i686-elf/lib/gcc/i686-elf/11.2.0/crtend.o
LOAD build/i686_debug/stage2/crtn.o
LOAD /home/notbonzo/toolchain32/i686-elf/lib/gcc/i686-elf/11.2.0/libgcc.a
OUTPUT(build/i686_debug/stage2/stage2.bin binary)

.debug_aranges  0x0000000000000000      0x1c0
 .debug_aranges
                0x0000000000000000        0x0 build/i686_debug/stage2/crti.o
 .debug_aranges
                0x0000000000000000       0x20 build/i686_debug/stage2/ctype.o
 .debug_aranges
                0x0000000000000020       0x20 build/i686_debug/stage2/disk.o
 .debug_aranges
                0x0000000000000040       0x20 build/i686_debug/stage2/elf.o
 .debug_aranges
                0x0000000000000060       0x20 build/i686_debug/stage2/fat.o
 .debug_aranges
                0x0000000000000080       0x20 build/i686_debug/stage2/main.o
 .debug_aranges
                0x00000000000000a0       0x20 build/i686_debug/stage2/mbr.o
 .debug_aranges
                0x00000000000000c0       0x20 build/i686_debug/stage2/memdetect.o
 .debug_aranges
                0x00000000000000e0       0x20 build/i686_debug/stage2/memory.o
 .debug_aranges
                0x0000000000000100       0x20 build/i686_debug/stage2/stdio.o
 .debug_aranges
                0x0000000000000120       0x20 build/i686_debug/stage2/stdlib.o
 .debug_aranges
                0x0000000000000140       0x20 build/i686_debug/stage2/string.o
 .debug_aranges
                0x0000000000000160        0x0 build/i686_debug/stage2/entry.o
 .debug_aranges
                0x0000000000000160       0x20 build/i686_debug/stage2/x86.o
 .debug_aranges
                0x0000000000000180        0x0 build/i686_debug/stage2/crtn.o
 .debug_aranges
                0x0000000000000180       0x20 /home/notbonzo/toolchain32/i686-elf/lib/gcc/i686-elf/11.2.0/libgcc.a(_udivdi3.o)
 .debug_aranges
                0x00000000000001a0       0x20 /home/notbonzo/toolchain32/i686-elf/lib/gcc/i686-elf/11.2.0/libgcc.a(_umoddi3.o)

.debug_pubnames
                0x0000000000000000        0x0
 .debug_pubnames
                0x0000000000000000        0x0 build/i686_debug/stage2/crti.o
 .debug_pubnames
                0x0000000000000000        0x0 build/i686_debug/stage2/entry.o
 .debug_pubnames
                0x0000000000000000        0x0 build/i686_debug/stage2/x86.o
 .debug_pubnames
                0x0000000000000000        0x0 build/i686_debug/stage2/crtn.o

.debug_info     0x0000000000000000     0x2fc6
 .debug_info    0x0000000000000000        0x0 build/i686_debug/stage2/crti.o
 .debug_info    0x0000000000000000       0xcb build/i686_debug/stage2/ctype.o
 .debug_info    0x00000000000000cb      0x2b1 build/i686_debug/stage2/disk.o
 .debug_info    0x000000000000037c      0x656 build/i686_debug/stage2/elf.o
 .debug_info    0x00000000000009d2      0xca6 build/i686_debug/stage2/fat.o
 .debug_info    0x0000000000001678      0x355 build/i686_debug/stage2/main.o
 .debug_info    0x00000000000019cd      0x289 build/i686_debug/stage2/mbr.o
 .debug_info    0x0000000000001c56      0x23a build/i686_debug/stage2/memdetect.o
 .debug_info    0x0000000000001e90      0x237 build/i686_debug/stage2/memory.o
 .debug_info    0x00000000000020c7      0x54d build/i686_debug/stage2/stdio.o
 .debug_info    0x0000000000002614      0x1b4 build/i686_debug/stage2/stdlib.o
 .debug_info    0x00000000000027c8      0x140 build/i686_debug/stage2/string.o
 .debug_info    0x0000000000002908        0x0 build/i686_debug/stage2/entry.o
 .debug_info    0x0000000000002908       0x4f build/i686_debug/stage2/x86.o
 .debug_info    0x0000000000002957        0x0 build/i686_debug/stage2/crtn.o
 .debug_info    0x0000000000002957      0x32c /home/notbonzo/toolchain32/i686-elf/lib/gcc/i686-elf/11.2.0/libgcc.a(_udivdi3.o)
 .debug_info    0x0000000000002c83      0x343 /home/notbonzo/toolchain32/i686-elf/lib/gcc/i686-elf/11.2.0/libgcc.a(_umoddi3.o)

.debug_abbrev   0x0000000000000000     0x1082
 .debug_abbrev  0x0000000000000000        0x0 build/i686_debug/stage2/crti.o
 .debug_abbrev  0x0000000000000000       0x77 build/i686_debug/stage2/ctype.o
 .debug_abbrev  0x0000000000000077      0x140 build/i686_debug/stage2/disk.o
 .debug_abbrev  0x00000000000001b7      0x167 build/i686_debug/stage2/elf.o
 .debug_abbrev  0x000000000000031e      0x27e build/i686_debug/stage2/fat.o
 .debug_abbrev  0x000000000000059c      0x13b build/i686_debug/stage2/main.o
 .debug_abbrev  0x00000000000006d7      0x121 build/i686_debug/stage2/mbr.o
 .debug_abbrev  0x00000000000007f8      0x13d build/i686_debug/stage2/memdetect.o
 .debug_abbrev  0x0000000000000935       0xe2 build/i686_debug/stage2/memory.o
 .debug_abbrev  0x0000000000000a17      0x1f6 build/i686_debug/stage2/stdio.o
 .debug_abbrev  0x0000000000000c0d       0xe6 build/i686_debug/stage2/stdlib.o
 .debug_abbrev  0x0000000000000cf3       0xa8 build/i686_debug/stage2/string.o
 .debug_abbrev  0x0000000000000d9b        0x0 build/i686_debug/stage2/entry.o
 .debug_abbrev  0x0000000000000d9b       0x1b build/i686_debug/stage2/x86.o
 .debug_abbrev  0x0000000000000db6        0x0 build/i686_debug/stage2/crtn.o
 .debug_abbrev  0x0000000000000db6      0x15b /home/notbonzo/toolchain32/i686-elf/lib/gcc/i686-elf/11.2.0/libgcc.a(_udivdi3.o)
 .debug_abbrev  0x0000000000000f11      0x171 /home/notbonzo/toolchain32/i686-elf/lib/gcc/i686-elf/11.2.0/libgcc.a(_umoddi3.o)

.debug_line     0x0000000000000000     0x17ff
 .debug_line    0x0000000000000000        0x0 build/i686_debug/stage2/crti.o
 .debug_line    0x0000000000000000       0x8c build/i686_debug/stage2/ctype.o
 .debug_line    0x000000000000008c       0xef build/i686_debug/stage2/disk.o
 .debug_line    0x000000000000017b      0x2b6 build/i686_debug/stage2/elf.o
 .debug_line    0x0000000000000431      0x5cc build/i686_debug/stage2/fat.o
 .debug_line    0x00000000000009fd       0xc1 build/i686_debug/stage2/main.o
 .debug_line    0x0000000000000abe       0xae build/i686_debug/stage2/mbr.o
 .debug_line    0x0000000000000b6c       0xcd build/i686_debug/stage2/memdetect.o
 .debug_line    0x0000000000000c39      0x102 build/i686_debug/stage2/memory.o
 .debug_line    0x0000000000000d3b      0x3c5 build/i686_debug/stage2/stdio.o
 .debug_line    0x0000000000001100      0x169 build/i686_debug/stage2/stdlib.o
 .debug_line    0x0000000000001269       0x9b build/i686_debug/stage2/string.o
 .debug_line    0x0000000000001304        0x0 build/i686_debug/stage2/entry.o
 .debug_line    0x0000000000001304      0x1ad build/i686_debug/stage2/x86.o
 .debug_line    0x00000000000014b1        0x0 build/i686_debug/stage2/crtn.o
 .debug_line    0x00000000000014b1      0x179 /home/notbonzo/toolchain32/i686-elf/lib/gcc/i686-elf/11.2.0/libgcc.a(_udivdi3.o)
 .debug_line    0x000000000000162a      0x1d5 /home/notbonzo/toolchain32/i686-elf/lib/gcc/i686-elf/11.2.0/libgcc.a(_umoddi3.o)

.debug_frame    0x0000000000000000      0x6d0
 .debug_frame   0x0000000000000000        0x0 build/i686_debug/stage2/crti.o
 .debug_frame   0x0000000000000000       0x54 build/i686_debug/stage2/ctype.o
 .debug_frame   0x0000000000000054       0x80 build/i686_debug/stage2/disk.o
 .debug_frame   0x00000000000000d4       0x34 build/i686_debug/stage2/elf.o
 .debug_frame   0x0000000000000108      0x1e8 build/i686_debug/stage2/fat.o
 .debug_frame   0x00000000000002f0       0x2c build/i686_debug/stage2/main.o
 .debug_frame   0x000000000000031c       0x54 build/i686_debug/stage2/mbr.o
 .debug_frame   0x0000000000000370       0x40 build/i686_debug/stage2/memdetect.o
 .debug_frame   0x00000000000003b0       0x94 build/i686_debug/stage2/memory.o
 .debug_frame   0x0000000000000444      0x1c0 build/i686_debug/stage2/stdio.o
 .debug_frame   0x0000000000000604       0x54 build/i686_debug/stage2/stdlib.o
 .debug_frame   0x0000000000000658       0x74 build/i686_debug/stage2/string.o
 *fill*         0x00000000000006cc        0x4 
 .debug_frame   0x00000000000006d0        0x0 build/i686_debug/stage2/entry.o
 .debug_frame   0x00000000000006d0        0x0 build/i686_debug/stage2/x86.o
 .debug_frame   0x00000000000006d0        0x0 build/i686_debug/stage2/crtn.o

.debug_loc      0x0000000000000000        0x0
 .debug_loc     0x0000000000000000        0x0 build/i686_debug/stage2/crti.o
 .debug_loc     0x0000000000000000        0x0 build/i686_debug/stage2/entry.o
 .debug_loc     0x0000000000000000        0x0 build/i686_debug/stage2/x86.o
 .debug_loc     0x0000000000000000        0x0 build/i686_debug/stage2/crtn.o

.comment        0x0000000000000000      0x11d
 .comment       0x0000000000000000       0x13 /home/notbonzo/toolchain32/i686-elf/lib/gcc/i686-elf/11.2.0/crtbegin.o
 .comment       0x0000000000000013       0x13 build/i686_debug/stage2/ctype.o
 .comment       0x0000000000000026       0x13 build/i686_debug/stage2/disk.o
 .comment       0x0000000000000039       0x13 build/i686_debug/stage2/elf.o
 .comment       0x000000000000004c       0x13 build/i686_debug/stage2/fat.o
 .comment       0x000000000000005f       0x13 build/i686_debug/stage2/main.o
 .comment       0x0000000000000072       0x13 build/i686_debug/stage2/mbr.o
 .comment       0x0000000000000085       0x13 build/i686_debug/stage2/memdetect.o
 .comment       0x0000000000000098       0x13 build/i686_debug/stage2/memory.o
 .comment       0x00000000000000ab       0x13 build/i686_debug/stage2/stdio.o
 .comment       0x00000000000000be       0x13 build/i686_debug/stage2/stdlib.o
 .comment       0x00000000000000d1       0x13 build/i686_debug/stage2/string.o
 .comment       0x00000000000000e4       0x13 /home/notbonzo/toolchain32/i686-elf/lib/gcc/i686-elf/11.2.0/crtend.o
 .comment       0x00000000000000f7       0x13 /home/notbonzo/toolchain32/i686-elf/lib/gcc/i686-elf/11.2.0/libgcc.a(_udivdi3.o)
 .comment       0x000000000000010a       0x13 /home/notbonzo/toolchain32/i686-elf/lib/gcc/i686-elf/11.2.0/libgcc.a(_umoddi3.o)

.debug_str      0x0000000000000000     0x2062
 .debug_str     0x0000000000000000       0xee build/i686_debug/stage2/ctype.o
 .debug_str     0x00000000000000ee      0x1c9 build/i686_debug/stage2/disk.o
 .debug_str     0x00000000000002b7      0x678 build/i686_debug/stage2/elf.o
 .debug_str     0x000000000000092f      0x79b build/i686_debug/stage2/fat.o
 .debug_str     0x00000000000010ca      0x25a build/i686_debug/stage2/main.o
 .debug_str     0x0000000000001324      0x1ef build/i686_debug/stage2/mbr.o
 .debug_str     0x0000000000001513      0x19e build/i686_debug/stage2/memdetect.o
 .debug_str     0x00000000000016b1      0x15a build/i686_debug/stage2/memory.o
 .debug_str     0x000000000000180b      0x252 build/i686_debug/stage2/stdio.o
 .debug_str     0x0000000000001a5d      0x134 build/i686_debug/stage2/stdlib.o
 .debug_str     0x0000000000001b91      0x10b build/i686_debug/stage2/string.o
 .debug_str     0x0000000000001c9c      0x1e3 /home/notbonzo/toolchain32/i686-elf/lib/gcc/i686-elf/11.2.0/libgcc.a(_udivdi3.o)
 .debug_str     0x0000000000001e7f      0x1e3 /home/notbonzo/toolchain32/i686-elf/lib/gcc/i686-elf/11.2.0/libgcc.a(_umoddi3.o)

.debug_line_str
                0x0000000000000000      0xc7e
 .debug_line_str
                0x0000000000000000       0x9a build/i686_debug/stage2/ctype.o
 .debug_line_str
                0x000000000000009a       0xf5 build/i686_debug/stage2/disk.o
 .debug_line_str
                0x000000000000018f      0x10f build/i686_debug/stage2/elf.o
 .debug_line_str
                0x000000000000029e      0x123 build/i686_debug/stage2/fat.o
 .debug_line_str
                0x00000000000003c1      0x130 build/i686_debug/stage2/main.o
 .debug_line_str
                0x00000000000004f1       0xfb build/i686_debug/stage2/mbr.o
 .debug_line_str
                0x00000000000005ec      0x12c build/i686_debug/stage2/memdetect.o
 .debug_line_str
                0x0000000000000718       0xee build/i686_debug/stage2/memory.o
 .debug_line_str
                0x0000000000000806       0xfa build/i686_debug/stage2/stdio.o
 .debug_line_str
                0x0000000000000900       0xf7 build/i686_debug/stage2/stdlib.o
 .debug_line_str
                0x00000000000009f7       0x9d build/i686_debug/stage2/string.o
 .debug_line_str
                0x0000000000000a94       0xf5 /home/notbonzo/toolchain32/i686-elf/lib/gcc/i686-elf/11.2.0/libgcc.a(_udivdi3.o)
 .debug_line_str
                0x0000000000000b89       0xf5 /home/notbonzo/toolchain32/i686-elf/lib/gcc/i686-elf/11.2.0/libgcc.a(_umoddi3.o)

.debug_loclists
                0x0000000000000000      0x9a0
 .debug_loclists
                0x0000000000000000      0x50b /home/notbonzo/toolchain32/i686-elf/lib/gcc/i686-elf/11.2.0/libgcc.a(_udivdi3.o)
 .debug_loclists
                0x000000000000050b      0x495 /home/notbonzo/toolchain32/i686-elf/lib/gcc/i686-elf/11.2.0/libgcc.a(_umoddi3.o)

.debug_rnglists
                0x0000000000000000       0x4a
 .debug_rnglists
                0x0000000000000000       0x2a /home/notbonzo/toolchain32/i686-elf/lib/gcc/i686-elf/11.2.0/libgcc.a(_udivdi3.o)
 .debug_rnglists
                0x000000000000002a       0x20 /home/notbonzo/toolchain32/i686-elf/lib/gcc/i686-elf/11.2.0/libgcc.a(_umoddi3.o)
