Archive member included to satisfy reference by file (symbol)

/home/notbonzo/toolchain32/i686-elf/lib/gcc/i686-elf/14.1.0/libgcc.a(_udivdi3.o)
                              build/i686_debug/stage2/stdio.o (__udivdi3)
/home/notbonzo/toolchain32/i686-elf/lib/gcc/i686-elf/14.1.0/libgcc.a(_umoddi3.o)
                              build/i686_debug/stage2/stdio.o (__umoddi3)

There are no discarded input sections

Memory Configuration

Name             Origin             Length             Attributes
*default*        0x00000000         0xffffffff

Linker script and memory map

                0x00000500                        phys = 0x500
                0x00000500                        . = phys

.entry          0x00000500       0xe3
                0x00000500                        __entry_start = .
 *(.entry)
 .entry         0x00000500       0xe3 build/i686_debug/stage2/entry.o
                0x00000500                entry

.text           0x000005f0     0x269e
                0x000005f0                        __text_start = .
 *(.text)
 .text          0x000005f0      0x135 /home/notbonzo/toolchain32/i686-elf/lib/gcc/i686-elf/14.1.0/crtbegin.o
 .text          0x00000725       0x55 build/i686_debug/stage2/ctype.o
                0x00000725                islower
                0x0000074e                toupper
 .text          0x0000077a      0x194 build/i686_debug/stage2/disk.o
                0x0000077a                DISK_Initialize
                0x000007e5                DISK_LBA2CHS
                0x00000872                DISK_ReadSectors
 .text          0x0000090e      0x3ae build/i686_debug/stage2/elf.o
                0x0000090e                ELF_Read
 .text          0x00000cbc      0xc12 build/i686_debug/stage2/fat.o
                0x00000cbc                FAT_CompareLFNBlocks
                0x00000ce6                FAT_ReadBootSector
                0x00000d03                FAT_ReadFat
                0x00000d36                FAT_Detect
                0x00000d9a                FAT_Initialize
                0x00001003                FAT_ClusterToLba
                0x00001024                FAT_OpenEntry
                0x000011ec                FAT_NextCluster
                0x0000133b                FAT_Read
                0x00001590                FAT_ReadEntry
                0x000015b1                FAT_Close
                0x000015ff                FAT_GetShortName
                0x000016f8                FAT_FindFile
                0x00001784                FAT_Open
 .text          0x000018ce      0x127 build/i686_debug/stage2/main.o
                0x000018ce                start
 .text          0x000019f5       0xaa build/i686_debug/stage2/mbr.o
                0x000019f5                MBR_DetectPartition
                0x00001a6f                Partition_ReadSectors
 .text          0x00001a9f      0x128 build/i686_debug/stage2/memdetect.o
                0x00001a9f                Memory_Detect
 .text          0x00001bc7      0x11e build/i686_debug/stage2/memory.o
                0x00001bc7                memcpy
                0x00001c19                memset
                0x00001c5c                memcmp
                0x00001cbc                segoffset_to_linear
 .text          0x00001ce5      0x883 build/i686_debug/stage2/stdio.o
                0x00001ce5                putchr
                0x00001d14                putcolor
                0x00001d46                getchr
                0x00001d68                getcolor
                0x00001d8d                setcursor
                0x00001dfe                clrscr
                0x00001e8c                scrollback
                0x00001f7a                putc
                0x0000208a                puts
                0x000020b9                printf_unsigned
                0x0000215d                printf_signed
                0x000021ba                printf
                0x000024cf                print_buffer
 .text          0x00002568      0x17a build/i686_debug/stage2/stdlib.o
                0x00002568                qsort_internal
                0x000026b9                qsort
 .text          0x000026e2       0xb6 build/i686_debug/stage2/string.o
                0x000026e2                strchr
                0x00002720                strcpy
                0x00002772                strlen
 *fill*         0x00002798        0x8 
 .text          0x000027a0      0x24e build/i686_debug/stage2/x86.o
                0x000027a0                x86_outb
                0x000027ab                x86_inb
                0x000027b4                x86_Disk_GetDriveParams
                0x00002877                x86_Disk_Reset
                0x000028c7                x86_Disk_Read
                0x00002945                x86_E820GetNextBlock
 *fill*         0x000029ee        0x2 
 .text          0x000029f0       0x39 /home/notbonzo/toolchain32/i686-elf/lib/gcc/i686-elf/14.1.0/crtend.o
 *fill*         0x00002a29        0x7 
 .text          0x00002a30      0x11a /home/notbonzo/toolchain32/i686-elf/lib/gcc/i686-elf/14.1.0/libgcc.a(_udivdi3.o)
                0x00002a30                __udivdi3
 *fill*         0x00002b4a        0x6 
 .text          0x00002b50      0x13e /home/notbonzo/toolchain32/i686-elf/lib/gcc/i686-elf/14.1.0/libgcc.a(_umoddi3.o)
                0x00002b50                __umoddi3

.init           0x00002c8e        0xf
 .init          0x00002c8e        0x3 build/i686_debug/stage2/crti.o
                0x00002c8e                _init
 .init          0x00002c91        0x5 /home/notbonzo/toolchain32/i686-elf/lib/gcc/i686-elf/14.1.0/crtbegin.o
 .init          0x00002c96        0x5 /home/notbonzo/toolchain32/i686-elf/lib/gcc/i686-elf/14.1.0/crtend.o
 .init          0x00002c9b        0x2 build/i686_debug/stage2/crtn.o

.fini           0x00002c9d        0xa
 .fini          0x00002c9d        0x3 build/i686_debug/stage2/crti.o
                0x00002c9d                _fini
 .fini          0x00002ca0        0x5 /home/notbonzo/toolchain32/i686-elf/lib/gcc/i686-elf/14.1.0/crtbegin.o
 .fini          0x00002ca5        0x2 build/i686_debug/stage2/crtn.o

.data           0x00002ca8       0x10
                0x00002ca8                        __data_start = .
 *(.data)
 .data          0x00002ca8        0x4 /home/notbonzo/toolchain32/i686-elf/lib/gcc/i686-elf/14.1.0/crtbegin.o
                0x00002ca8                __dso_handle
 .data          0x00002cac        0x0 build/i686_debug/stage2/ctype.o
 .data          0x00002cac        0x0 build/i686_debug/stage2/disk.o
 .data          0x00002cac        0x0 build/i686_debug/stage2/elf.o
 .data          0x00002cac        0x0 build/i686_debug/stage2/fat.o
 .data          0x00002cac        0x8 build/i686_debug/stage2/main.o
                0x00002cac                KernelLoadBuffer
                0x00002cb0                Kernel
 .data          0x00002cb4        0x0 build/i686_debug/stage2/mbr.o
 .data          0x00002cb4        0x0 build/i686_debug/stage2/memdetect.o
 .data          0x00002cb4        0x0 build/i686_debug/stage2/memory.o
 .data          0x00002cb4        0x4 build/i686_debug/stage2/stdio.o
                0x00002cb4                g_ScreenBuffer
 .data          0x00002cb8        0x0 build/i686_debug/stage2/stdlib.o
 .data          0x00002cb8        0x0 build/i686_debug/stage2/string.o
 .data          0x00002cb8        0x0 /home/notbonzo/toolchain32/i686-elf/lib/gcc/i686-elf/14.1.0/crtend.o
 .data          0x00002cb8        0x0 /home/notbonzo/toolchain32/i686-elf/lib/gcc/i686-elf/14.1.0/libgcc.a(_udivdi3.o)
 .data          0x00002cb8        0x0 /home/notbonzo/toolchain32/i686-elf/lib/gcc/i686-elf/14.1.0/libgcc.a(_umoddi3.o)

.ctors          0x00002cb8        0x8
 .ctors         0x00002cb8        0x4 /home/notbonzo/toolchain32/i686-elf/lib/gcc/i686-elf/14.1.0/crtbegin.o
 .ctors         0x00002cbc        0x4 /home/notbonzo/toolchain32/i686-elf/lib/gcc/i686-elf/14.1.0/crtend.o

.dtors          0x00002cc0        0x8
 .dtors         0x00002cc0        0x4 /home/notbonzo/toolchain32/i686-elf/lib/gcc/i686-elf/14.1.0/crtbegin.o
 .dtors         0x00002cc4        0x4 /home/notbonzo/toolchain32/i686-elf/lib/gcc/i686-elf/14.1.0/crtend.o
                0x00002cc4                __DTOR_END__

.tm_clone_table
                0x00002cc8        0x0
 .tm_clone_table
                0x00002cc8        0x0 /home/notbonzo/toolchain32/i686-elf/lib/gcc/i686-elf/14.1.0/crtbegin.o
 .tm_clone_table
                0x00002cc8        0x0 /home/notbonzo/toolchain32/i686-elf/lib/gcc/i686-elf/14.1.0/crtend.o

.rodata         0x00002cc8      0x256
                0x00002cc8                        __rodata_start = .
 *(.rodata)
 .rodata        0x00002cc8       0x16 build/i686_debug/stage2/elf.o
 *fill*         0x00002cde        0x2 
 .rodata        0x00002ce0       0xc3 build/i686_debug/stage2/fat.o
 *fill*         0x00002da3        0x1 
 .rodata        0x00002da4       0x9c build/i686_debug/stage2/main.o
 .rodata        0x00002e40       0x21 build/i686_debug/stage2/memdetect.o
 *fill*         0x00002e61        0x3 
 .rodata        0x00002e64       0xba build/i686_debug/stage2/stdio.o
                0x00002e64                SCREEN_WIDTH
                0x00002e68                SCREEN_HEIGHT
                0x00002e6c                DEFAULT_COLOR
                0x00002e70                g_HexChars

.eh_frame       0x00002f20       0xdc
 .eh_frame      0x00002f20        0x0 /home/notbonzo/toolchain32/i686-elf/lib/gcc/i686-elf/14.1.0/crtbegin.o
 .eh_frame      0x00002f20        0x4 /home/notbonzo/toolchain32/i686-elf/lib/gcc/i686-elf/14.1.0/crtend.o
 .eh_frame      0x00002f24       0x64 /home/notbonzo/toolchain32/i686-elf/lib/gcc/i686-elf/14.1.0/libgcc.a(_udivdi3.o)
 .eh_frame      0x00002f88       0x74 /home/notbonzo/toolchain32/i686-elf/lib/gcc/i686-elf/14.1.0/libgcc.a(_umoddi3.o)

.bss            0x00003000     0x184c
                0x00003000                        __bss_start = .
 *(.bss)
 .bss           0x00003000       0x20 /home/notbonzo/toolchain32/i686-elf/lib/gcc/i686-elf/14.1.0/crtbegin.o
 .bss           0x00003020        0x0 build/i686_debug/stage2/ctype.o
 .bss           0x00003020        0x0 build/i686_debug/stage2/disk.o
 .bss           0x00003020        0x0 build/i686_debug/stage2/elf.o
 .bss           0x00003020       0x14 build/i686_debug/stage2/fat.o
 .bss           0x00003034        0x0 build/i686_debug/stage2/main.o
 .bss           0x00003034        0x0 build/i686_debug/stage2/mbr.o
 *fill*         0x00003034        0xc 
 .bss           0x00003040     0x1804 build/i686_debug/stage2/memdetect.o
                0x00003040                g_MemRegions
                0x00004840                g_MemRegionCount
 .bss           0x00004844        0x0 build/i686_debug/stage2/memory.o
 .bss           0x00004844        0x8 build/i686_debug/stage2/stdio.o
                0x00004844                g_ScreenX
                0x00004848                g_ScreenY
 .bss           0x0000484c        0x0 build/i686_debug/stage2/stdlib.o
 .bss           0x0000484c        0x0 build/i686_debug/stage2/string.o
 .bss           0x0000484c        0x0 /home/notbonzo/toolchain32/i686-elf/lib/gcc/i686-elf/14.1.0/crtend.o
 .bss           0x0000484c        0x0 /home/notbonzo/toolchain32/i686-elf/lib/gcc/i686-elf/14.1.0/libgcc.a(_udivdi3.o)
 .bss           0x0000484c        0x0 /home/notbonzo/toolchain32/i686-elf/lib/gcc/i686-elf/14.1.0/libgcc.a(_umoddi3.o)
                0x0000484c                        __end = .
LOAD build/i686_debug/stage2/crti.o
LOAD /home/notbonzo/toolchain32/i686-elf/lib/gcc/i686-elf/14.1.0/crtbegin.o
LOAD build/i686_debug/stage2/ctype.o
LOAD build/i686_debug/stage2/disk.o
LOAD build/i686_debug/stage2/elf.o
LOAD build/i686_debug/stage2/fat.o
LOAD build/i686_debug/stage2/main.o
LOAD build/i686_debug/stage2/mbr.o
LOAD build/i686_debug/stage2/memdetect.o
LOAD build/i686_debug/stage2/memory.o
LOAD build/i686_debug/stage2/stdio.o
LOAD build/i686_debug/stage2/stdlib.o
LOAD build/i686_debug/stage2/string.o
LOAD build/i686_debug/stage2/entry.o
LOAD build/i686_debug/stage2/x86.o
LOAD build/i686_debug/libs/core/libcore.o
LOAD /home/notbonzo/toolchain32/i686-elf/lib/gcc/i686-elf/14.1.0/crtend.o
LOAD build/i686_debug/stage2/crtn.o
LOAD /home/notbonzo/toolchain32/i686-elf/lib/gcc/i686-elf/14.1.0/libgcc.a
OUTPUT(build/i686_debug/stage2/stage2.bin binary)

.debug_aranges  0x00000000      0x1c0
 .debug_aranges
                0x00000000        0x0 build/i686_debug/stage2/crti.o
 .debug_aranges
                0x00000000       0x20 build/i686_debug/stage2/ctype.o
 .debug_aranges
                0x00000020       0x20 build/i686_debug/stage2/disk.o
 .debug_aranges
                0x00000040       0x20 build/i686_debug/stage2/elf.o
 .debug_aranges
                0x00000060       0x20 build/i686_debug/stage2/fat.o
 .debug_aranges
                0x00000080       0x20 build/i686_debug/stage2/main.o
 .debug_aranges
                0x000000a0       0x20 build/i686_debug/stage2/mbr.o
 .debug_aranges
                0x000000c0       0x20 build/i686_debug/stage2/memdetect.o
 .debug_aranges
                0x000000e0       0x20 build/i686_debug/stage2/memory.o
 .debug_aranges
                0x00000100       0x20 build/i686_debug/stage2/stdio.o
 .debug_aranges
                0x00000120       0x20 build/i686_debug/stage2/stdlib.o
 .debug_aranges
                0x00000140       0x20 build/i686_debug/stage2/string.o
 .debug_aranges
                0x00000160        0x0 build/i686_debug/stage2/entry.o
 .debug_aranges
                0x00000160       0x20 build/i686_debug/stage2/x86.o
 .debug_aranges
                0x00000180        0x0 build/i686_debug/stage2/crtn.o
 .debug_aranges
                0x00000180       0x20 /home/notbonzo/toolchain32/i686-elf/lib/gcc/i686-elf/14.1.0/libgcc.a(_udivdi3.o)
 .debug_aranges
                0x000001a0       0x20 /home/notbonzo/toolchain32/i686-elf/lib/gcc/i686-elf/14.1.0/libgcc.a(_umoddi3.o)

.debug_pubnames
                0x00000000        0x0
 .debug_pubnames
                0x00000000        0x0 build/i686_debug/stage2/crti.o
 .debug_pubnames
                0x00000000        0x0 build/i686_debug/stage2/entry.o
 .debug_pubnames
                0x00000000        0x0 build/i686_debug/stage2/x86.o
 .debug_pubnames
                0x00000000        0x0 build/i686_debug/stage2/crtn.o

.debug_info     0x00000000     0x2fd9
 .debug_info    0x00000000        0x0 build/i686_debug/stage2/crti.o
 .debug_info    0x00000000       0xcb build/i686_debug/stage2/ctype.o
 .debug_info    0x000000cb      0x2b1 build/i686_debug/stage2/disk.o
 .debug_info    0x0000037c      0x656 build/i686_debug/stage2/elf.o
 .debug_info    0x000009d2      0xca6 build/i686_debug/stage2/fat.o
 .debug_info    0x00001678      0x34f build/i686_debug/stage2/main.o
 .debug_info    0x000019c7      0x289 build/i686_debug/stage2/mbr.o
 .debug_info    0x00001c50      0x23a build/i686_debug/stage2/memdetect.o
 .debug_info    0x00001e8a      0x237 build/i686_debug/stage2/memory.o
 .debug_info    0x000020c1      0x54a build/i686_debug/stage2/stdio.o
 .debug_info    0x0000260b      0x1b4 build/i686_debug/stage2/stdlib.o
 .debug_info    0x000027bf      0x140 build/i686_debug/stage2/string.o
 .debug_info    0x000028ff        0x0 build/i686_debug/stage2/entry.o
 .debug_info    0x000028ff       0x4f build/i686_debug/stage2/x86.o
 .debug_info    0x0000294e        0x0 build/i686_debug/stage2/crtn.o
 .debug_info    0x0000294e      0x33a /home/notbonzo/toolchain32/i686-elf/lib/gcc/i686-elf/14.1.0/libgcc.a(_udivdi3.o)
 .debug_info    0x00002c88      0x351 /home/notbonzo/toolchain32/i686-elf/lib/gcc/i686-elf/14.1.0/libgcc.a(_umoddi3.o)

.debug_abbrev   0x00000000     0x106c
 .debug_abbrev  0x00000000        0x0 build/i686_debug/stage2/crti.o
 .debug_abbrev  0x00000000       0x77 build/i686_debug/stage2/ctype.o
 .debug_abbrev  0x00000077      0x140 build/i686_debug/stage2/disk.o
 .debug_abbrev  0x000001b7      0x167 build/i686_debug/stage2/elf.o
 .debug_abbrev  0x0000031e      0x281 build/i686_debug/stage2/fat.o
 .debug_abbrev  0x0000059f      0x13b build/i686_debug/stage2/main.o
 .debug_abbrev  0x000006da      0x121 build/i686_debug/stage2/mbr.o
 .debug_abbrev  0x000007fb      0x13d build/i686_debug/stage2/memdetect.o
 .debug_abbrev  0x00000938       0xe2 build/i686_debug/stage2/memory.o
 .debug_abbrev  0x00000a1a      0x1dd build/i686_debug/stage2/stdio.o
 .debug_abbrev  0x00000bf7       0xe6 build/i686_debug/stage2/stdlib.o
 .debug_abbrev  0x00000cdd       0xa8 build/i686_debug/stage2/string.o
 .debug_abbrev  0x00000d85        0x0 build/i686_debug/stage2/entry.o
 .debug_abbrev  0x00000d85       0x1b build/i686_debug/stage2/x86.o
 .debug_abbrev  0x00000da0        0x0 build/i686_debug/stage2/crtn.o
 .debug_abbrev  0x00000da0      0x15b /home/notbonzo/toolchain32/i686-elf/lib/gcc/i686-elf/14.1.0/libgcc.a(_udivdi3.o)
 .debug_abbrev  0x00000efb      0x171 /home/notbonzo/toolchain32/i686-elf/lib/gcc/i686-elf/14.1.0/libgcc.a(_umoddi3.o)

.debug_line     0x00000000     0x1765
 .debug_line    0x00000000        0x0 build/i686_debug/stage2/crti.o
 .debug_line    0x00000000       0x85 build/i686_debug/stage2/ctype.o
 .debug_line    0x00000085       0xeb build/i686_debug/stage2/disk.o
 .debug_line    0x00000170      0x275 build/i686_debug/stage2/elf.o
 .debug_line    0x000003e5      0x5eb build/i686_debug/stage2/fat.o
 .debug_line    0x000009d0       0xd5 build/i686_debug/stage2/main.o
 .debug_line    0x00000aa5       0xae build/i686_debug/stage2/mbr.o
 .debug_line    0x00000b53       0xcd build/i686_debug/stage2/memdetect.o
 .debug_line    0x00000c20       0xe6 build/i686_debug/stage2/memory.o
 .debug_line    0x00000d06      0x3a2 build/i686_debug/stage2/stdio.o
 .debug_line    0x000010a8      0x11d build/i686_debug/stage2/stdlib.o
 .debug_line    0x000011c5       0x9b build/i686_debug/stage2/string.o
 .debug_line    0x00001260        0x0 build/i686_debug/stage2/entry.o
 .debug_line    0x00001260      0x1ad build/i686_debug/stage2/x86.o
 .debug_line    0x0000140d        0x0 build/i686_debug/stage2/crtn.o
 .debug_line    0x0000140d      0x180 /home/notbonzo/toolchain32/i686-elf/lib/gcc/i686-elf/14.1.0/libgcc.a(_udivdi3.o)
 .debug_line    0x0000158d      0x1d8 /home/notbonzo/toolchain32/i686-elf/lib/gcc/i686-elf/14.1.0/libgcc.a(_umoddi3.o)

.debug_frame    0x00000000      0x6c8
 .debug_frame   0x00000000        0x0 build/i686_debug/stage2/crti.o
 .debug_frame   0x00000000       0x54 build/i686_debug/stage2/ctype.o
 .debug_frame   0x00000054       0x80 build/i686_debug/stage2/disk.o
 .debug_frame   0x000000d4       0x34 build/i686_debug/stage2/elf.o
 .debug_frame   0x00000108      0x1e8 build/i686_debug/stage2/fat.o
 .debug_frame   0x000002f0       0x2c build/i686_debug/stage2/main.o
 .debug_frame   0x0000031c       0x54 build/i686_debug/stage2/mbr.o
 .debug_frame   0x00000370       0x40 build/i686_debug/stage2/memdetect.o
 .debug_frame   0x000003b0       0x94 build/i686_debug/stage2/memory.o
 .debug_frame   0x00000444      0x1b8 build/i686_debug/stage2/stdio.o
 .debug_frame   0x000005fc       0x54 build/i686_debug/stage2/stdlib.o
 .debug_frame   0x00000650       0x74 build/i686_debug/stage2/string.o
 *fill*         0x000006c4        0x4 
 .debug_frame   0x000006c8        0x0 build/i686_debug/stage2/entry.o
 .debug_frame   0x000006c8        0x0 build/i686_debug/stage2/x86.o
 .debug_frame   0x000006c8        0x0 build/i686_debug/stage2/crtn.o

.debug_loc      0x00000000        0x0
 .debug_loc     0x00000000        0x0 build/i686_debug/stage2/crti.o
 .debug_loc     0x00000000        0x0 build/i686_debug/stage2/entry.o
 .debug_loc     0x00000000        0x0 build/i686_debug/stage2/x86.o
 .debug_loc     0x00000000        0x0 build/i686_debug/stage2/crtn.o

.comment        0x00000000      0x11d
 .comment       0x00000000       0x13 /home/notbonzo/toolchain32/i686-elf/lib/gcc/i686-elf/14.1.0/crtbegin.o
 .comment       0x00000013       0x13 build/i686_debug/stage2/ctype.o
 .comment       0x00000026       0x13 build/i686_debug/stage2/disk.o
 .comment       0x00000039       0x13 build/i686_debug/stage2/elf.o
 .comment       0x0000004c       0x13 build/i686_debug/stage2/fat.o
 .comment       0x0000005f       0x13 build/i686_debug/stage2/main.o
 .comment       0x00000072       0x13 build/i686_debug/stage2/mbr.o
 .comment       0x00000085       0x13 build/i686_debug/stage2/memdetect.o
 .comment       0x00000098       0x13 build/i686_debug/stage2/memory.o
 .comment       0x000000ab       0x13 build/i686_debug/stage2/stdio.o
 .comment       0x000000be       0x13 build/i686_debug/stage2/stdlib.o
 .comment       0x000000d1       0x13 build/i686_debug/stage2/string.o
 .comment       0x000000e4       0x13 /home/notbonzo/toolchain32/i686-elf/lib/gcc/i686-elf/14.1.0/crtend.o
 .comment       0x000000f7       0x13 /home/notbonzo/toolchain32/i686-elf/lib/gcc/i686-elf/14.1.0/libgcc.a(_udivdi3.o)
 .comment       0x0000010a       0x13 /home/notbonzo/toolchain32/i686-elf/lib/gcc/i686-elf/14.1.0/libgcc.a(_umoddi3.o)

.debug_str      0x00000000     0x2096
 .debug_str     0x00000000       0xee build/i686_debug/stage2/ctype.o
 .debug_str     0x000000ee      0x1c9 build/i686_debug/stage2/disk.o
 .debug_str     0x000002b7      0x678 build/i686_debug/stage2/elf.o
 .debug_str     0x0000092f      0x79b build/i686_debug/stage2/fat.o
 .debug_str     0x000010ca      0x25a build/i686_debug/stage2/main.o
 .debug_str     0x00001324      0x1ef build/i686_debug/stage2/mbr.o
 .debug_str     0x00001513      0x19e build/i686_debug/stage2/memdetect.o
 .debug_str     0x000016b1      0x15a build/i686_debug/stage2/memory.o
 .debug_str     0x0000180b      0x252 build/i686_debug/stage2/stdio.o
 .debug_str     0x00001a5d      0x134 build/i686_debug/stage2/stdlib.o
 .debug_str     0x00001b91      0x10b build/i686_debug/stage2/string.o
 .debug_str     0x00001c9c      0x1fd /home/notbonzo/toolchain32/i686-elf/lib/gcc/i686-elf/14.1.0/libgcc.a(_udivdi3.o)
 .debug_str     0x00001e99      0x1fd /home/notbonzo/toolchain32/i686-elf/lib/gcc/i686-elf/14.1.0/libgcc.a(_umoddi3.o)

.debug_line_str
                0x00000000      0xb56
 .debug_line_str
                0x00000000       0x84 build/i686_debug/stage2/ctype.o
 .debug_line_str
                0x00000084       0xdf build/i686_debug/stage2/disk.o
 .debug_line_str
                0x00000163       0xf9 build/i686_debug/stage2/elf.o
 .debug_line_str
                0x0000025c      0x10d build/i686_debug/stage2/fat.o
 .debug_line_str
                0x00000369      0x11a build/i686_debug/stage2/main.o
 .debug_line_str
                0x00000483       0xe5 build/i686_debug/stage2/mbr.o
 .debug_line_str
                0x00000568      0x116 build/i686_debug/stage2/memdetect.o
 .debug_line_str
                0x0000067e       0xd8 build/i686_debug/stage2/memory.o
 .debug_line_str
                0x00000756       0xe4 build/i686_debug/stage2/stdio.o
 .debug_line_str
                0x0000083a       0xe1 build/i686_debug/stage2/stdlib.o
 .debug_line_str
                0x0000091b       0x87 build/i686_debug/stage2/string.o
 .debug_line_str
                0x000009a2       0xda /home/notbonzo/toolchain32/i686-elf/lib/gcc/i686-elf/14.1.0/libgcc.a(_udivdi3.o)
 .debug_line_str
                0x00000a7c       0xda /home/notbonzo/toolchain32/i686-elf/lib/gcc/i686-elf/14.1.0/libgcc.a(_umoddi3.o)

.debug_loclists
                0x00000000      0x978
 .debug_loclists
                0x00000000      0x50c /home/notbonzo/toolchain32/i686-elf/lib/gcc/i686-elf/14.1.0/libgcc.a(_udivdi3.o)
 .debug_loclists
                0x0000050c      0x46c /home/notbonzo/toolchain32/i686-elf/lib/gcc/i686-elf/14.1.0/libgcc.a(_umoddi3.o)

.debug_rnglists
                0x00000000       0x49
 .debug_rnglists
                0x00000000       0x2a /home/notbonzo/toolchain32/i686-elf/lib/gcc/i686-elf/14.1.0/libgcc.a(_udivdi3.o)
 .debug_rnglists
                0x0000002a       0x1f /home/notbonzo/toolchain32/i686-elf/lib/gcc/i686-elf/14.1.0/libgcc.a(_umoddi3.o)
