Archive member included to satisfy reference by file (symbol)

/home/notbonzo/toolchain32/i686-elf/lib/gcc/i686-elf/14.1.0/libgcc.a(_udivdi3.o)
                              build/i686_debug/kernel/stdio.o (__udivdi3)
/home/notbonzo/toolchain32/i686-elf/lib/gcc/i686-elf/14.1.0/libgcc.a(_umoddi3.o)
                              build/i686_debug/kernel/stdio.o (__umoddi3)

There are no discarded input sections

Memory Configuration

Name             Origin             Length             Attributes
*default*        0x00000000         0xffffffff

Linker script and memory map

                0x00100000                        phys = 0x100000
                0x00100000                        . = phys
                0x00100000                        __kernel = .

.entry          0x00100000        0x0
                0x00100000                        __entry_start = .
 *(.entry)
                0x00100000                        __entry_end = .

.text           0x00100000     0x351e
                0x00100000                        __text_start = .
 *(.text)
 .text          0x00100000      0x135 /home/notbonzo/toolchain32/i686-elf/lib/gcc/i686-elf/14.1.0/crtbegin.o
 .text          0x00100135      0x130 build/i686_debug/kernel/_start.o
                0x00100143                _start
 .text          0x00100265       0x71 build/i686_debug/kernel/debug.o
                0x00100265                logf
 .text          0x001002d6       0xc3 build/i686_debug/kernel/memory.o
                0x001002d6                memcpy
                0x00100317                memset
                0x0010034a                memcmp
 .text          0x00100399      0x68e build/i686_debug/kernel/stdio.o
                0x00100399                fputc
                0x001003bc                fputs
                0x001003ee                fprintf_unsigned
                0x00100495                fprintf_signed
                0x001004f5                vfprintf
                0x0010086c                fprintf
                0x00100890                fprint_buffer
                0x00100935                putc
                0x00100956                puts
                0x0010096f                printf
                0x00100992                print_buffer
                0x001009ae                debugc
                0x001009cf                debugs
                0x001009e8                debugf
                0x00100a0b                debug_buffer
 .text          0x00100a27      0x10b build/i686_debug/kernel/string.o
                0x00100a27                strchr
                0x00100a65                strcpy
                0x00100ab7                strlen
                0x00100add                islower
                0x00100b06                toupper
 .text          0x00100b32       0x4b build/i686_debug/kernel/hal/hal.o
                0x00100b32                HAL_Initialize
 .text          0x00100b7d       0xa5 build/i686_debug/kernel/hal/vfs.o
                0x00100b7d                VFS_Write
 .text          0x00100c22       0x43 build/i686_debug/kernel/arch/i686/e9.o
                0x00100c41                e9_putc
 .text          0x00100c65      0x1ba build/i686_debug/kernel/arch/i686/gdt.o
                0x00100c90                i686_Flush_TSS
                0x00100c9d                i686_GDT_Initialize
 .text          0x00100e1f      0x270 build/i686_debug/kernel/arch/i686/idt.o
                0x00100e80                i686_ISR_Handler
                0x00100fbb                i686_IDT_SetGate
                0x0010101c                i686_IDT_EnableGate
                0x0010103c                i686_IDT_DisableGate
                0x0010105c                i686_ISR_RegisterHandler
                0x0010107a                i686_IDT_Initialize
 .text          0x0010108f       0xd9 build/i686_debug/kernel/arch/i686/irq.o
                0x00101096                i686_IRQ_Handler
                0x0010110e                i686_IRQ_Initialize
                0x00101155                i686_IRQ_RegisterHandler
 .text          0x00101168      0x299 build/i686_debug/kernel/arch/i686/pic.o
                0x001011b9                i686_PIC_Configure
                0x0010128d                i686_PIC_SendEndOfInterrupt
                0x001012b4                i686_PIC_Disable
                0x001012e5                i686_PIC_Mask
                0x00101329                i686_PIC_Unmask
                0x0010136f                i686_PIC_ReadIrqRequestRegister
                0x001013b8                i686_PIC_ReadInServiceRegister
 .text          0x00101401      0x4d0 build/i686_debug/kernel/arch/i686/vga_text.o
                0x00101420                VGA_putchr
                0x00101454                VGA_putcolor
                0x0010148b                VGA_getchr
                0x001014b1                VGA_getcolor
                0x001014da                VGA_setcursor
                0x00101543                VGA_clrscr
                0x001015bb                VGA_scrollback
                0x00101688                VGA_delchar
                0x001017bc                VGA_putc
 .text          0x001018d1      0x2e5 build/i686_debug/kernel/arch/driver/ata.o
                0x00101944                read_sectors_ATA_PIO
                0x00101a51                write_sectors_ATA_PIO
                0x00101b95                ata_interrupt_handler
                0x00101b9b                ata_init
 .text          0x00101bb6      0x358 build/i686_debug/kernel/arch/driver/fdc.o
                0x00101bf2                FDC_send_command
                0x00101c30                FDC_wait_for_ready
                0x00101c8d                FDC_reset
                0x00101d68                init_fdc
                0x00101db9                FDC_calibrate_drive
                0x00101e50                FDC_read_sector
                0x00101ee1                fdc_irq_handler
 .text          0x00101f0e      0x236 build/i686_debug/kernel/arch/driver/key.o
                0x00101f2b                keyboardIRQHandler
                0x00102033                init_keyboard
                0x0010204e                getchar
                0x001020a5                getchar_locking
                0x001020f6                gets
 .text          0x00102144      0x6c3 build/i686_debug/kernel/arch/driver/pmm.o
                0x00102144                pmm_init
                0x00102622                is_page_free
                0x00102676                mark_page_as_used
                0x001026fa                mark_page_as_free
                0x0010277d                alloc_page
                0x001027df                free_page
 *fill*         0x00102807        0x9 
 .text          0x00102810      0xa6a build/i686_debug/kernel/arch/i686/isr.o
                0x0010283a                i686_ISR0
                0x00102840                i686_ISR1
                0x00102846                i686_ISR2
                0x0010284c                i686_ISR3
                0x00102852                i686_ISR4
                0x00102858                i686_ISR5
                0x0010285e                i686_ISR6
                0x00102864                i686_ISR7
                0x0010286a                i686_ISR8
                0x0010286e                i686_ISR9
                0x00102874                i686_ISR10
                0x00102878                i686_ISR11
                0x0010287c                i686_ISR12
                0x00102880                i686_ISR13
                0x00102884                i686_ISR14
                0x00102888                i686_ISR15
                0x0010288e                i686_ISR16
                0x00102897                i686_ISR17
                0x0010289e                i686_ISR18
                0x001028a7                i686_ISR19
                0x001028b0                i686_ISR20
                0x001028b9                i686_ISR21
                0x001028c0                i686_ISR22
                0x001028c9                i686_ISR23
                0x001028d2                i686_ISR24
                0x001028db                i686_ISR25
                0x001028e4                i686_ISR26
                0x001028ed                i686_ISR27
                0x001028f6                i686_ISR28
                0x001028ff                i686_ISR29
                0x00102908                i686_ISR30
                0x00102911                i686_ISR31
                0x0010291a                i686_ISR32
                0x00102923                i686_ISR33
                0x0010292c                i686_ISR34
                0x00102935                i686_ISR35
                0x0010293e                i686_ISR36
                0x00102947                i686_ISR37
                0x00102950                i686_ISR38
                0x00102959                i686_ISR39
                0x00102962                i686_ISR40
                0x0010296b                i686_ISR41
                0x00102974                i686_ISR42
                0x0010297d                i686_ISR43
                0x00102986                i686_ISR44
                0x0010298f                i686_ISR45
                0x00102998                i686_ISR46
                0x001029a1                i686_ISR47
                0x001029aa                i686_ISR48
                0x001029b3                i686_ISR49
                0x001029bc                i686_ISR50
                0x001029c5                i686_ISR51
                0x001029ce                i686_ISR52
                0x001029d7                i686_ISR53
                0x001029e0                i686_ISR54
                0x001029e9                i686_ISR55
                0x001029f2                i686_ISR56
                0x001029fb                i686_ISR57
                0x00102a04                i686_ISR58
                0x00102a0d                i686_ISR59
                0x00102a16                i686_ISR60
                0x00102a1f                i686_ISR61
                0x00102a28                i686_ISR62
                0x00102a31                i686_ISR63
                0x00102a3a                i686_ISR64
                0x00102a43                i686_ISR65
                0x00102a4c                i686_ISR66
                0x00102a55                i686_ISR67
                0x00102a5e                i686_ISR68
                0x00102a67                i686_ISR69
                0x00102a70                i686_ISR70
                0x00102a79                i686_ISR71
                0x00102a82                i686_ISR72
                0x00102a8b                i686_ISR73
                0x00102a94                i686_ISR74
                0x00102a9d                i686_ISR75
                0x00102aa6                i686_ISR76
                0x00102aaf                i686_ISR77
                0x00102ab8                i686_ISR78
                0x00102ac1                i686_ISR79
                0x00102aca                i686_ISR80
                0x00102ad3                i686_ISR81
                0x00102adc                i686_ISR82
                0x00102ae5                i686_ISR83
                0x00102aee                i686_ISR84
                0x00102af7                i686_ISR85
                0x00102b00                i686_ISR86
                0x00102b09                i686_ISR87
                0x00102b12                i686_ISR88
                0x00102b1b                i686_ISR89
                0x00102b24                i686_ISR90
                0x00102b2d                i686_ISR91
                0x00102b36                i686_ISR92
                0x00102b3f                i686_ISR93
                0x00102b48                i686_ISR94
                0x00102b51                i686_ISR95
                0x00102b5a                i686_ISR96
                0x00102b63                i686_ISR97
                0x00102b6c                i686_ISR98
                0x00102b75                i686_ISR99
                0x00102b7e                i686_ISR100
                0x00102b87                i686_ISR101
                0x00102b90                i686_ISR102
                0x00102b99                i686_ISR103
                0x00102ba2                i686_ISR104
                0x00102bab                i686_ISR105
                0x00102bb4                i686_ISR106
                0x00102bbd                i686_ISR107
                0x00102bc6                i686_ISR108
                0x00102bcf                i686_ISR109
                0x00102bd8                i686_ISR110
                0x00102be1                i686_ISR111
                0x00102bea                i686_ISR112
                0x00102bf3                i686_ISR113
                0x00102bfc                i686_ISR114
                0x00102c05                i686_ISR115
                0x00102c0e                i686_ISR116
                0x00102c17                i686_ISR117
                0x00102c20                i686_ISR118
                0x00102c29                i686_ISR119
                0x00102c32                i686_ISR120
                0x00102c3b                i686_ISR121
                0x00102c44                i686_ISR122
                0x00102c4d                i686_ISR123
                0x00102c56                i686_ISR124
                0x00102c5f                i686_ISR125
                0x00102c68                i686_ISR126
                0x00102c71                i686_ISR127
                0x00102c7a                i686_ISR128
                0x00102c86                i686_ISR129
                0x00102c92                i686_ISR130
                0x00102c9e                i686_ISR131
                0x00102caa                i686_ISR132
                0x00102cb6                i686_ISR133
                0x00102cc2                i686_ISR134
                0x00102cce                i686_ISR135
                0x00102cda                i686_ISR136
                0x00102ce6                i686_ISR137
                0x00102cf2                i686_ISR138
                0x00102cfe                i686_ISR139
                0x00102d0a                i686_ISR140
                0x00102d16                i686_ISR141
                0x00102d22                i686_ISR142
                0x00102d2e                i686_ISR143
                0x00102d3a                i686_ISR144
                0x00102d46                i686_ISR145
                0x00102d52                i686_ISR146
                0x00102d5e                i686_ISR147
                0x00102d6a                i686_ISR148
                0x00102d76                i686_ISR149
                0x00102d82                i686_ISR150
                0x00102d8e                i686_ISR151
                0x00102d9a                i686_ISR152
                0x00102da6                i686_ISR153
                0x00102db2                i686_ISR154
                0x00102dbe                i686_ISR155
                0x00102dca                i686_ISR156
                0x00102dd6                i686_ISR157
                0x00102de2                i686_ISR158
                0x00102dee                i686_ISR159
                0x00102dfa                i686_ISR160
                0x00102e06                i686_ISR161
                0x00102e12                i686_ISR162
                0x00102e1e                i686_ISR163
                0x00102e2a                i686_ISR164
                0x00102e36                i686_ISR165
                0x00102e42                i686_ISR166
                0x00102e4e                i686_ISR167
                0x00102e5a                i686_ISR168
                0x00102e66                i686_ISR169
                0x00102e72                i686_ISR170
                0x00102e7e                i686_ISR171
                0x00102e8a                i686_ISR172
                0x00102e96                i686_ISR173
                0x00102ea2                i686_ISR174
                0x00102eae                i686_ISR175
                0x00102eba                i686_ISR176
                0x00102ec6                i686_ISR177
                0x00102ed2                i686_ISR178
                0x00102ede                i686_ISR179
                0x00102eea                i686_ISR180
                0x00102ef6                i686_ISR181
                0x00102f02                i686_ISR182
                0x00102f0e                i686_ISR183
                0x00102f1a                i686_ISR184
                0x00102f26                i686_ISR185
                0x00102f32                i686_ISR186
                0x00102f3e                i686_ISR187
                0x00102f4a                i686_ISR188
                0x00102f56                i686_ISR189
                0x00102f62                i686_ISR190
                0x00102f6e                i686_ISR191
                0x00102f7a                i686_ISR192
                0x00102f86                i686_ISR193
                0x00102f92                i686_ISR194
                0x00102f9e                i686_ISR195
                0x00102faa                i686_ISR196
                0x00102fb6                i686_ISR197
                0x00102fc2                i686_ISR198
                0x00102fce                i686_ISR199
                0x00102fda                i686_ISR200
                0x00102fe6                i686_ISR201
                0x00102ff2                i686_ISR202
                0x00102ffe                i686_ISR203
                0x0010300a                i686_ISR204
                0x00103016                i686_ISR205
                0x00103022                i686_ISR206
                0x0010302e                i686_ISR207
                0x0010303a                i686_ISR208
                0x00103046                i686_ISR209
                0x00103052                i686_ISR210
                0x0010305e                i686_ISR211
                0x0010306a                i686_ISR212
                0x00103076                i686_ISR213
                0x00103082                i686_ISR214
                0x0010308e                i686_ISR215
                0x0010309a                i686_ISR216
                0x001030a6                i686_ISR217
                0x001030b2                i686_ISR218
                0x001030be                i686_ISR219
                0x001030ca                i686_ISR220
                0x001030d6                i686_ISR221
                0x001030e2                i686_ISR222
                0x001030ee                i686_ISR223
                0x001030fa                i686_ISR224
                0x00103106                i686_ISR225
                0x00103112                i686_ISR226
                0x0010311e                i686_ISR227
                0x0010312a                i686_ISR228
                0x00103136                i686_ISR229
                0x00103142                i686_ISR230
                0x0010314e                i686_ISR231
                0x0010315a                i686_ISR232
                0x00103166                i686_ISR233
                0x00103172                i686_ISR234
                0x0010317e                i686_ISR235
                0x0010318a                i686_ISR236
                0x00103196                i686_ISR237
                0x001031a2                i686_ISR238
                0x001031ae                i686_ISR239
                0x001031ba                i686_ISR240
                0x001031c6                i686_ISR241
                0x001031d2                i686_ISR242
                0x001031de                i686_ISR243
                0x001031ea                i686_ISR244
                0x001031f6                i686_ISR245
                0x00103202                i686_ISR246
                0x0010320e                i686_ISR247
                0x0010321a                i686_ISR248
                0x00103226                i686_ISR249
                0x00103232                i686_ISR250
                0x0010323e                i686_ISR251
                0x0010324a                i686_ISR252
                0x00103256                i686_ISR253
                0x00103262                i686_ISR254
                0x0010326e                i686_ISR255
 *fill*         0x0010327a        0x6 
 .text          0x00103280       0x39 /home/notbonzo/toolchain32/i686-elf/lib/gcc/i686-elf/14.1.0/crtend.o
 *fill*         0x001032b9        0x7 
 .text          0x001032c0      0x11a /home/notbonzo/toolchain32/i686-elf/lib/gcc/i686-elf/14.1.0/libgcc.a(_udivdi3.o)
                0x001032c0                __udivdi3
 *fill*         0x001033da        0x6 
 .text          0x001033e0      0x13e /home/notbonzo/toolchain32/i686-elf/lib/gcc/i686-elf/14.1.0/libgcc.a(_umoddi3.o)
                0x001033e0                __umoddi3
                0x0010351e                        __text_end = .

.init           0x0010351e        0xf
 .init          0x0010351e        0x3 build/i686_debug/kernel/crti.o
                0x0010351e                _init
 .init          0x00103521        0x5 /home/notbonzo/toolchain32/i686-elf/lib/gcc/i686-elf/14.1.0/crtbegin.o
 .init          0x00103526        0x5 /home/notbonzo/toolchain32/i686-elf/lib/gcc/i686-elf/14.1.0/crtend.o
 .init          0x0010352b        0x2 build/i686_debug/kernel/crtn.o

.fini           0x0010352d        0xa
 .fini          0x0010352d        0x3 build/i686_debug/kernel/crti.o
                0x0010352d                _fini
 .fini          0x00103530        0x5 /home/notbonzo/toolchain32/i686-elf/lib/gcc/i686-elf/14.1.0/crtbegin.o
 .fini          0x00103535        0x2 build/i686_debug/kernel/crtn.o

.iplt           0x00103537        0x0
 .iplt          0x00103537        0x0 build/i686_debug/kernel/crti.o

.rodata         0x00103540      0x6b7
                0x00103540                        __rodata_start = .
 *(.rodata)
 .rodata        0x00103540       0x27 build/i686_debug/kernel/_start.o
 *fill*         0x00103567        0x1 
 .rodata        0x00103568       0x52 build/i686_debug/kernel/debug.o
 *fill*         0x001035ba        0x2 
 .rodata        0x001035bc       0xc2 build/i686_debug/kernel/stdio.o
                0x001035bc                g_HexChars
 *fill*         0x0010367e        0x2 
 .rodata        0x00103680      0x34f build/i686_debug/kernel/arch/i686/idt.o
 *fill*         0x001039cf        0x1 
 .rodata        0x001039d0       0x25 build/i686_debug/kernel/arch/i686/irq.o
 *fill*         0x001039f5        0x3 
 .rodata        0x001039f8       0xe5 build/i686_debug/kernel/arch/driver/fdc.o
 .rodata        0x00103add       0xc7 build/i686_debug/kernel/arch/driver/key.o
 .rodata        0x00103ba4       0x53 build/i686_debug/kernel/arch/driver/pmm.o
                0x00103bf7                        __rodata_end = .

.eh_frame       0x00103bf8       0xc0
 .eh_frame      0x00103bf8        0x0 /home/notbonzo/toolchain32/i686-elf/lib/gcc/i686-elf/14.1.0/crtbegin.o
 .eh_frame      0x00103bf8        0x0 /home/notbonzo/toolchain32/i686-elf/lib/gcc/i686-elf/14.1.0/crtend.o
                                  0x4 (size before relaxing)
 .eh_frame      0x00103bf8       0x64 /home/notbonzo/toolchain32/i686-elf/lib/gcc/i686-elf/14.1.0/libgcc.a(_udivdi3.o)
 .eh_frame      0x00103c5c       0x5c /home/notbonzo/toolchain32/i686-elf/lib/gcc/i686-elf/14.1.0/libgcc.a(_umoddi3.o)
                                 0x74 (size before relaxing)

.rel.dyn        0x00103cb8        0x0
 .rel.got       0x00103cb8        0x0 build/i686_debug/kernel/crti.o
 .rel.iplt      0x00103cb8        0x0 build/i686_debug/kernel/crti.o
 .rel.text      0x00103cb8        0x0 build/i686_debug/kernel/crti.o

.data           0x00103cc0      0xc20
                0x00103cc0                        __data_start = .
 *(.data)
 .data          0x00103cc0        0x4 /home/notbonzo/toolchain32/i686-elf/lib/gcc/i686-elf/14.1.0/crtbegin.o
                0x00103cc0                __dso_handle
 .data          0x00103cc4        0x0 build/i686_debug/kernel/_start.o
 .data          0x00103cc4        0x0 build/i686_debug/kernel/debug.o
 .data          0x00103cc4        0x0 build/i686_debug/kernel/memory.o
 .data          0x00103cc4        0x0 build/i686_debug/kernel/stdio.o
 .data          0x00103cc4        0x0 build/i686_debug/kernel/string.o
 .data          0x00103cc4        0x0 build/i686_debug/kernel/hal/hal.o
 .data          0x00103cc4        0x0 build/i686_debug/kernel/hal/vfs.o
 .data          0x00103cc4        0x0 build/i686_debug/kernel/arch/i686/e9.o
 .data          0x00103cc4        0x0 build/i686_debug/kernel/arch/i686/gdt.o
 .data          0x00103cc4        0x6 build/i686_debug/kernel/arch/i686/idt.o
                0x00103cc4                g_IDTDescriptor
 .data          0x00103cca        0x0 build/i686_debug/kernel/arch/i686/irq.o
 .data          0x00103cca        0x0 build/i686_debug/kernel/arch/i686/pic.o
 *fill*         0x00103cca        0x2 
 .data          0x00103ccc        0x4 build/i686_debug/kernel/arch/i686/vga_text.o
                0x00103ccc                g_ScreenBuffer
 .data          0x00103cd0        0x0 build/i686_debug/kernel/arch/driver/ata.o
 .data          0x00103cd0        0x0 build/i686_debug/kernel/arch/driver/fdc.o
 *fill*         0x00103cd0       0x10 
 .data          0x00103ce0      0x800 build/i686_debug/kernel/arch/driver/key.o
                0x00103ce0                scancodeToASCII
                0x001040e0                scancodeToASCII_shift
 .data          0x001044e0        0x0 build/i686_debug/kernel/arch/driver/pmm.o
 .data          0x001044e0      0x400 build/i686_debug/kernel/arch/i686/isr.o
                0x001044e0                isr_table
 .data          0x001048e0        0x0 /home/notbonzo/toolchain32/i686-elf/lib/gcc/i686-elf/14.1.0/crtend.o
 .data          0x001048e0        0x0 /home/notbonzo/toolchain32/i686-elf/lib/gcc/i686-elf/14.1.0/libgcc.a(_udivdi3.o)
 .data          0x001048e0        0x0 /home/notbonzo/toolchain32/i686-elf/lib/gcc/i686-elf/14.1.0/libgcc.a(_umoddi3.o)
                0x001048e0                        __data_end = .

.got            0x001048e0        0x0
 .got           0x001048e0        0x0 build/i686_debug/kernel/crti.o

.got.plt        0x001048e0        0x0
 .got.plt       0x001048e0        0x0 build/i686_debug/kernel/crti.o

.igot.plt       0x001048e0        0x0
 .igot.plt      0x001048e0        0x0 build/i686_debug/kernel/crti.o

.ctors          0x001048e0        0x8
 .ctors         0x001048e0        0x4 /home/notbonzo/toolchain32/i686-elf/lib/gcc/i686-elf/14.1.0/crtbegin.o
 .ctors         0x001048e4        0x4 /home/notbonzo/toolchain32/i686-elf/lib/gcc/i686-elf/14.1.0/crtend.o

.dtors          0x001048e8        0x8
 .dtors         0x001048e8        0x4 /home/notbonzo/toolchain32/i686-elf/lib/gcc/i686-elf/14.1.0/crtbegin.o
 .dtors         0x001048ec        0x4 /home/notbonzo/toolchain32/i686-elf/lib/gcc/i686-elf/14.1.0/crtend.o
                0x001048ec                __DTOR_END__

.tm_clone_table
                0x001048f0        0x0
 .tm_clone_table
                0x001048f0        0x0 /home/notbonzo/toolchain32/i686-elf/lib/gcc/i686-elf/14.1.0/crtbegin.o
 .tm_clone_table
                0x001048f0        0x0 /home/notbonzo/toolchain32/i686-elf/lib/gcc/i686-elf/14.1.0/crtend.o

.bss            0x00104900      0xf90
                0x00104900                        __bss_start = .
 *(.bss)
 .bss           0x00104900       0x20 /home/notbonzo/toolchain32/i686-elf/lib/gcc/i686-elf/14.1.0/crtbegin.o
 .bss           0x00104920        0x0 build/i686_debug/kernel/_start.o
 .bss           0x00104920        0x0 build/i686_debug/kernel/debug.o
 .bss           0x00104920        0x0 build/i686_debug/kernel/memory.o
 .bss           0x00104920        0x0 build/i686_debug/kernel/stdio.o
 .bss           0x00104920        0x0 build/i686_debug/kernel/string.o
 .bss           0x00104920        0x0 build/i686_debug/kernel/hal/hal.o
 .bss           0x00104920        0x0 build/i686_debug/kernel/hal/vfs.o
 .bss           0x00104920        0x0 build/i686_debug/kernel/arch/i686/e9.o
 .bss           0x00104920       0xc8 build/i686_debug/kernel/arch/i686/gdt.o
                0x00104920                g_GDTDescriptor
                0x00104940                g_GDT
                0x00104980                g_TSS
 *fill*         0x001049e8       0x18 
 .bss           0x00104a00      0xc00 build/i686_debug/kernel/arch/i686/idt.o
                0x00104a00                g_IDT
                0x00105200                g_ISRHandlers
 .bss           0x00105600       0x40 build/i686_debug/kernel/arch/i686/irq.o
                0x00105600                g_IRQHandlers
 .bss           0x00105640        0xc build/i686_debug/kernel/arch/i686/pic.o
                0x00105640                PIC_ICW1
                0x00105644                PIC_ICW4
                0x00105648                PIC_CMD
 .bss           0x0010564c        0x8 build/i686_debug/kernel/arch/i686/vga_text.o
                0x0010564c                g_ScreenX
                0x00105650                g_ScreenY
 .bss           0x00105654        0x0 build/i686_debug/kernel/arch/driver/ata.o
 .bss           0x00105654        0x0 build/i686_debug/kernel/arch/driver/fdc.o
 *fill*         0x00105654        0xc 
 .bss           0x00105660      0x220 build/i686_debug/kernel/arch/driver/key.o
                0x00105660                buffer
                0x00105760                index
                0x00105764                count
                0x00105768                shift_pressed
                0x0010576c                ctrl_pressed
 .bss           0x00105880       0x10 build/i686_debug/kernel/arch/driver/pmm.o
                0x00105880                page_manager
 .bss           0x00105890        0x0 /home/notbonzo/toolchain32/i686-elf/lib/gcc/i686-elf/14.1.0/crtend.o
 .bss           0x00105890        0x0 /home/notbonzo/toolchain32/i686-elf/lib/gcc/i686-elf/14.1.0/libgcc.a(_udivdi3.o)
 .bss           0x00105890        0x0 /home/notbonzo/toolchain32/i686-elf/lib/gcc/i686-elf/14.1.0/libgcc.a(_umoddi3.o)
                0x00105890                        __bss_end = .
                0x00105890                        __end = .
LOAD build/i686_debug/kernel/crti.o
LOAD /home/notbonzo/toolchain32/i686-elf/lib/gcc/i686-elf/14.1.0/crtbegin.o
LOAD build/i686_debug/kernel/_start.o
LOAD build/i686_debug/kernel/debug.o
LOAD build/i686_debug/kernel/memory.o
LOAD build/i686_debug/kernel/stdio.o
LOAD build/i686_debug/kernel/string.o
LOAD build/i686_debug/kernel/hal/hal.o
LOAD build/i686_debug/kernel/hal/vfs.o
LOAD build/i686_debug/kernel/arch/i686/e9.o
LOAD build/i686_debug/kernel/arch/i686/gdt.o
LOAD build/i686_debug/kernel/arch/i686/idt.o
LOAD build/i686_debug/kernel/arch/i686/irq.o
LOAD build/i686_debug/kernel/arch/i686/pic.o
LOAD build/i686_debug/kernel/arch/i686/vga_text.o
LOAD build/i686_debug/kernel/arch/driver/ata.o
LOAD build/i686_debug/kernel/arch/driver/fdc.o
LOAD build/i686_debug/kernel/arch/driver/key.o
LOAD build/i686_debug/kernel/arch/driver/pmm.o
LOAD build/i686_debug/kernel/arch/i686/isr.o
LOAD build/i686_debug/libs/core/libcore.o
LOAD /home/notbonzo/toolchain32/i686-elf/lib/gcc/i686-elf/14.1.0/crtend.o
LOAD build/i686_debug/kernel/crtn.o
LOAD /home/notbonzo/toolchain32/i686-elf/lib/gcc/i686-elf/14.1.0/libgcc.a
OUTPUT(build/i686_debug/kernel/kernel.elf elf32-i386)

.debug_aranges  0x00000000      0x280
 .debug_aranges
                0x00000000        0x0 build/i686_debug/kernel/crti.o
 .debug_aranges
                0x00000000       0x20 build/i686_debug/kernel/_start.o
 .debug_aranges
                0x00000020       0x20 build/i686_debug/kernel/debug.o
 .debug_aranges
                0x00000040       0x20 build/i686_debug/kernel/memory.o
 .debug_aranges
                0x00000060       0x20 build/i686_debug/kernel/stdio.o
 .debug_aranges
                0x00000080       0x20 build/i686_debug/kernel/string.o
 .debug_aranges
                0x000000a0       0x20 build/i686_debug/kernel/hal/hal.o
 .debug_aranges
                0x000000c0       0x20 build/i686_debug/kernel/hal/vfs.o
 .debug_aranges
                0x000000e0       0x20 build/i686_debug/kernel/arch/i686/e9.o
 .debug_aranges
                0x00000100       0x20 build/i686_debug/kernel/arch/i686/gdt.o
 .debug_aranges
                0x00000120       0x20 build/i686_debug/kernel/arch/i686/idt.o
 .debug_aranges
                0x00000140       0x20 build/i686_debug/kernel/arch/i686/irq.o
 .debug_aranges
                0x00000160       0x20 build/i686_debug/kernel/arch/i686/pic.o
 .debug_aranges
                0x00000180       0x20 build/i686_debug/kernel/arch/i686/vga_text.o
 .debug_aranges
                0x000001a0       0x20 build/i686_debug/kernel/arch/driver/ata.o
 .debug_aranges
                0x000001c0       0x20 build/i686_debug/kernel/arch/driver/fdc.o
 .debug_aranges
                0x000001e0       0x20 build/i686_debug/kernel/arch/driver/key.o
 .debug_aranges
                0x00000200       0x20 build/i686_debug/kernel/arch/driver/pmm.o
 .debug_aranges
                0x00000220       0x20 build/i686_debug/kernel/arch/i686/isr.o
 .debug_aranges
                0x00000240        0x0 build/i686_debug/kernel/crtn.o
 .debug_aranges
                0x00000240       0x20 /home/notbonzo/toolchain32/i686-elf/lib/gcc/i686-elf/14.1.0/libgcc.a(_udivdi3.o)
 .debug_aranges
                0x00000260       0x20 /home/notbonzo/toolchain32/i686-elf/lib/gcc/i686-elf/14.1.0/libgcc.a(_umoddi3.o)

.debug_pubnames
                0x00000000        0x0
 .debug_pubnames
                0x00000000        0x0 build/i686_debug/kernel/crti.o
 .debug_pubnames
                0x00000000        0x0 build/i686_debug/kernel/arch/i686/isr.o
 .debug_pubnames
                0x00000000        0x0 build/i686_debug/kernel/crtn.o

.debug_info     0x00000000     0x3921
 .debug_info    0x00000000        0x0 build/i686_debug/kernel/crti.o
 .debug_info    0x00000000      0x31d build/i686_debug/kernel/_start.o
 .debug_info    0x0000031d      0x1d5 build/i686_debug/kernel/debug.o
 .debug_info    0x000004f2      0x1e8 build/i686_debug/kernel/memory.o
 .debug_info    0x000006da      0x52a build/i686_debug/kernel/stdio.o
 .debug_info    0x00000c04      0x198 build/i686_debug/kernel/string.o
 .debug_info    0x00000d9c      0x1af build/i686_debug/kernel/hal/hal.o
 .debug_info    0x00000f4b      0x13e build/i686_debug/kernel/hal/vfs.o
 .debug_info    0x00001089       0xdb build/i686_debug/kernel/arch/i686/e9.o
 .debug_info    0x00001164      0x40f build/i686_debug/kernel/arch/i686/gdt.o
 .debug_info    0x00001573      0x46e build/i686_debug/kernel/arch/i686/idt.o
 .debug_info    0x000019e1      0x2f1 build/i686_debug/kernel/arch/i686/irq.o
 .debug_info    0x00001cd2      0x294 build/i686_debug/kernel/arch/i686/pic.o
 .debug_info    0x00001f66      0x373 build/i686_debug/kernel/arch/i686/vga_text.o
 .debug_info    0x000022d9      0x3ca build/i686_debug/kernel/arch/driver/ata.o
 .debug_info    0x000026a3      0x419 build/i686_debug/kernel/arch/driver/fdc.o
 .debug_info    0x00002abc      0x385 build/i686_debug/kernel/arch/driver/key.o
 .debug_info    0x00002e41      0x407 build/i686_debug/kernel/arch/driver/pmm.o
 .debug_info    0x00003248       0x4e build/i686_debug/kernel/arch/i686/isr.o
 .debug_info    0x00003296        0x0 build/i686_debug/kernel/crtn.o
 .debug_info    0x00003296      0x33a /home/notbonzo/toolchain32/i686-elf/lib/gcc/i686-elf/14.1.0/libgcc.a(_udivdi3.o)
 .debug_info    0x000035d0      0x351 /home/notbonzo/toolchain32/i686-elf/lib/gcc/i686-elf/14.1.0/libgcc.a(_umoddi3.o)

.debug_abbrev   0x00000000     0x1843
 .debug_abbrev  0x00000000        0x0 build/i686_debug/kernel/crti.o
 .debug_abbrev  0x00000000      0x194 build/i686_debug/kernel/_start.o
 .debug_abbrev  0x00000194       0xf4 build/i686_debug/kernel/debug.o
 .debug_abbrev  0x00000288       0xe2 build/i686_debug/kernel/memory.o
 .debug_abbrev  0x0000036a      0x18a build/i686_debug/kernel/stdio.o
 .debug_abbrev  0x000004f4       0xc5 build/i686_debug/kernel/string.o
 .debug_abbrev  0x000005b9       0xc0 build/i686_debug/kernel/hal/hal.o
 .debug_abbrev  0x00000679       0xb6 build/i686_debug/kernel/hal/vfs.o
 .debug_abbrev  0x0000072f       0x90 build/i686_debug/kernel/arch/i686/e9.o
 .debug_abbrev  0x000007bf      0x14c build/i686_debug/kernel/arch/i686/gdt.o
 .debug_abbrev  0x0000090b      0x1c6 build/i686_debug/kernel/arch/i686/idt.o
 .debug_abbrev  0x00000ad1      0x184 build/i686_debug/kernel/arch/i686/irq.o
 .debug_abbrev  0x00000c55      0x152 build/i686_debug/kernel/arch/i686/pic.o
 .debug_abbrev  0x00000da7      0x122 build/i686_debug/kernel/arch/i686/vga_text.o
 .debug_abbrev  0x00000ec9      0x1aa build/i686_debug/kernel/arch/driver/ata.o
 .debug_abbrev  0x00001073      0x1b1 build/i686_debug/kernel/arch/driver/fdc.o
 .debug_abbrev  0x00001224      0x196 build/i686_debug/kernel/arch/driver/key.o
 .debug_abbrev  0x000013ba      0x1a2 build/i686_debug/kernel/arch/driver/pmm.o
 .debug_abbrev  0x0000155c       0x1b build/i686_debug/kernel/arch/i686/isr.o
 .debug_abbrev  0x00001577        0x0 build/i686_debug/kernel/crtn.o
 .debug_abbrev  0x00001577      0x15b /home/notbonzo/toolchain32/i686-elf/lib/gcc/i686-elf/14.1.0/libgcc.a(_udivdi3.o)
 .debug_abbrev  0x000016d2      0x171 /home/notbonzo/toolchain32/i686-elf/lib/gcc/i686-elf/14.1.0/libgcc.a(_umoddi3.o)

.debug_line     0x00000000     0x1c40
 .debug_line    0x00000000        0x0 build/i686_debug/kernel/crti.o
 .debug_line    0x00000000      0x106 build/i686_debug/kernel/_start.o
 .debug_line    0x00000106       0x7a build/i686_debug/kernel/debug.o
 .debug_line    0x00000180       0xd0 build/i686_debug/kernel/memory.o
 .debug_line    0x00000250      0x2ab build/i686_debug/kernel/stdio.o
 .debug_line    0x000004fb       0xd8 build/i686_debug/kernel/string.o
 .debug_line    0x000005d3       0xac build/i686_debug/kernel/hal/hal.o
 .debug_line    0x0000067f       0xb0 build/i686_debug/kernel/hal/vfs.o
 .debug_line    0x0000072f       0x6a build/i686_debug/kernel/arch/i686/e9.o
 .debug_line    0x00000799       0xc9 build/i686_debug/kernel/arch/i686/gdt.o
 .debug_line    0x00000862      0x110 build/i686_debug/kernel/arch/i686/idt.o
 .debug_line    0x00000972       0xdc build/i686_debug/kernel/arch/i686/irq.o
 .debug_line    0x00000a4e      0x116 build/i686_debug/kernel/arch/i686/pic.o
 .debug_line    0x00000b64      0x275 build/i686_debug/kernel/arch/i686/vga_text.o
 .debug_line    0x00000dd9      0x19e build/i686_debug/kernel/arch/driver/ata.o
 .debug_line    0x00000f77      0x1b3 build/i686_debug/kernel/arch/driver/fdc.o
 .debug_line    0x0000112a      0x165 build/i686_debug/kernel/arch/driver/key.o
 .debug_line    0x0000128f      0x2ee build/i686_debug/kernel/arch/driver/pmm.o
 .debug_line    0x0000157d      0x36b build/i686_debug/kernel/arch/i686/isr.o
 .debug_line    0x000018e8        0x0 build/i686_debug/kernel/crtn.o
 .debug_line    0x000018e8      0x180 /home/notbonzo/toolchain32/i686-elf/lib/gcc/i686-elf/14.1.0/libgcc.a(_udivdi3.o)
 .debug_line    0x00001a68      0x1d8 /home/notbonzo/toolchain32/i686-elf/lib/gcc/i686-elf/14.1.0/libgcc.a(_umoddi3.o)

.debug_frame    0x00000000      0xdb0
 .debug_frame   0x00000000        0x0 build/i686_debug/kernel/crti.o
 .debug_frame   0x00000000       0x6c build/i686_debug/kernel/_start.o
 .debug_frame   0x0000006c       0x34 build/i686_debug/kernel/debug.o
 .debug_frame   0x000000a0       0x74 build/i686_debug/kernel/memory.o
 .debug_frame   0x00000114      0x1f8 build/i686_debug/kernel/stdio.o
 .debug_frame   0x0000030c       0xb4 build/i686_debug/kernel/string.o
 .debug_frame   0x000003c0       0x34 build/i686_debug/kernel/hal/hal.o
 .debug_frame   0x000003f4       0x34 build/i686_debug/kernel/hal/vfs.o
 .debug_frame   0x00000428       0x54 build/i686_debug/kernel/arch/i686/e9.o
 .debug_frame   0x0000047c       0x74 build/i686_debug/kernel/arch/i686/gdt.o
 .debug_frame   0x000004f0      0x120 build/i686_debug/kernel/arch/i686/idt.o
 .debug_frame   0x00000610       0x94 build/i686_debug/kernel/arch/i686/irq.o
 .debug_frame   0x000006a4      0x15c build/i686_debug/kernel/arch/i686/pic.o
 .debug_frame   0x00000800      0x154 build/i686_debug/kernel/arch/i686/vga_text.o
 .debug_frame   0x00000954      0x158 build/i686_debug/kernel/arch/driver/ata.o
 .debug_frame   0x00000aac      0x138 build/i686_debug/kernel/arch/driver/fdc.o
 .debug_frame   0x00000be4       0xd4 build/i686_debug/kernel/arch/driver/key.o
 .debug_frame   0x00000cb8       0xf8 build/i686_debug/kernel/arch/driver/pmm.o
 .debug_frame   0x00000db0        0x0 build/i686_debug/kernel/arch/i686/isr.o
 .debug_frame   0x00000db0        0x0 build/i686_debug/kernel/crtn.o

.debug_loc      0x00000000        0x0
 .debug_loc     0x00000000        0x0 build/i686_debug/kernel/crti.o
 .debug_loc     0x00000000        0x0 build/i686_debug/kernel/arch/i686/isr.o
 .debug_loc     0x00000000        0x0 build/i686_debug/kernel/crtn.o

.comment        0x00000000       0x12
 .comment       0x00000000       0x12 /home/notbonzo/toolchain32/i686-elf/lib/gcc/i686-elf/14.1.0/crtbegin.o
                                 0x13 (size before relaxing)
 .comment       0x00000012       0x13 build/i686_debug/kernel/_start.o
 .comment       0x00000012       0x13 build/i686_debug/kernel/debug.o
 .comment       0x00000012       0x13 build/i686_debug/kernel/memory.o
 .comment       0x00000012       0x13 build/i686_debug/kernel/stdio.o
 .comment       0x00000012       0x13 build/i686_debug/kernel/string.o
 .comment       0x00000012       0x13 build/i686_debug/kernel/hal/hal.o
 .comment       0x00000012       0x13 build/i686_debug/kernel/hal/vfs.o
 .comment       0x00000012       0x13 build/i686_debug/kernel/arch/i686/e9.o
 .comment       0x00000012       0x13 build/i686_debug/kernel/arch/i686/gdt.o
 .comment       0x00000012       0x13 build/i686_debug/kernel/arch/i686/idt.o
 .comment       0x00000012       0x13 build/i686_debug/kernel/arch/i686/irq.o
 .comment       0x00000012       0x13 build/i686_debug/kernel/arch/i686/pic.o
 .comment       0x00000012       0x13 build/i686_debug/kernel/arch/i686/vga_text.o
 .comment       0x00000012       0x13 build/i686_debug/kernel/arch/driver/ata.o
 .comment       0x00000012       0x13 build/i686_debug/kernel/arch/driver/fdc.o
 .comment       0x00000012       0x13 build/i686_debug/kernel/arch/driver/key.o
 .comment       0x00000012       0x13 build/i686_debug/kernel/arch/driver/pmm.o
 .comment       0x00000012       0x13 /home/notbonzo/toolchain32/i686-elf/lib/gcc/i686-elf/14.1.0/crtend.o
 .comment       0x00000012       0x13 /home/notbonzo/toolchain32/i686-elf/lib/gcc/i686-elf/14.1.0/libgcc.a(_udivdi3.o)
 .comment       0x00000012       0x13 /home/notbonzo/toolchain32/i686-elf/lib/gcc/i686-elf/14.1.0/libgcc.a(_umoddi3.o)

.debug_str      0x00000000      0xecd
 .debug_str     0x00000000      0xecd build/i686_debug/kernel/_start.o
                                0x265 (size before relaxing)
 .debug_str     0x00000ecd      0x1af build/i686_debug/kernel/debug.o
 .debug_str     0x00000ecd      0x129 build/i686_debug/kernel/memory.o
 .debug_str     0x00000ecd      0x235 build/i686_debug/kernel/stdio.o
 .debug_str     0x00000ecd      0x121 build/i686_debug/kernel/string.o
 .debug_str     0x00000ecd      0x1ee build/i686_debug/kernel/hal/hal.o
 .debug_str     0x00000ecd      0x12c build/i686_debug/kernel/hal/vfs.o
 .debug_str     0x00000ecd      0x106 build/i686_debug/kernel/arch/i686/e9.o
 .debug_str     0x00000ecd      0x37f build/i686_debug/kernel/arch/i686/gdt.o
 .debug_str     0x00000ecd      0x34e build/i686_debug/kernel/arch/i686/idt.o
 .debug_str     0x00000ecd      0x254 build/i686_debug/kernel/arch/i686/irq.o
 .debug_str     0x00000ecd      0x2dd build/i686_debug/kernel/arch/i686/pic.o
 .debug_str     0x00000ecd      0x1bc build/i686_debug/kernel/arch/i686/vga_text.o
 .debug_str     0x00000ecd      0x201 build/i686_debug/kernel/arch/driver/ata.o
 .debug_str     0x00000ecd      0x260 build/i686_debug/kernel/arch/driver/fdc.o
 .debug_str     0x00000ecd      0x1fe build/i686_debug/kernel/arch/driver/key.o
 .debug_str     0x00000ecd      0x27d build/i686_debug/kernel/arch/driver/pmm.o
 .debug_str     0x00000ecd      0x1fd /home/notbonzo/toolchain32/i686-elf/lib/gcc/i686-elf/14.1.0/libgcc.a(_udivdi3.o)
 .debug_str     0x00000ecd      0x1fd /home/notbonzo/toolchain32/i686-elf/lib/gcc/i686-elf/14.1.0/libgcc.a(_umoddi3.o)

.debug_line_str
                0x00000000      0x377
 .debug_line_str
                0x00000000      0x377 build/i686_debug/kernel/_start.o
                                0x153 (size before relaxing)
 .debug_line_str
                0x00000377       0xe0 build/i686_debug/kernel/debug.o
 .debug_line_str
                0x00000377       0xc2 build/i686_debug/kernel/memory.o
 .debug_line_str
                0x00000377       0xe6 build/i686_debug/kernel/stdio.o
 .debug_line_str
                0x00000377       0x71 build/i686_debug/kernel/string.o
 .debug_line_str
                0x00000377      0x132 build/i686_debug/kernel/hal/hal.o
 .debug_line_str
                0x00000377       0xf5 build/i686_debug/kernel/hal/vfs.o
 .debug_line_str
                0x00000377       0xcf build/i686_debug/kernel/arch/i686/e9.o
 .debug_line_str
                0x00000377       0xe7 build/i686_debug/kernel/arch/i686/gdt.o
 .debug_line_str
                0x00000377       0xeb build/i686_debug/kernel/arch/i686/idt.o
 .debug_line_str
                0x00000377       0xf7 build/i686_debug/kernel/arch/i686/irq.o
 .debug_line_str
                0x00000377       0xd2 build/i686_debug/kernel/arch/i686/pic.o
 .debug_line_str
                0x00000377       0xe1 build/i686_debug/kernel/arch/i686/vga_text.o
 .debug_line_str
                0x00000377       0xf7 build/i686_debug/kernel/arch/driver/ata.o
 .debug_line_str
                0x00000377      0x118 build/i686_debug/kernel/arch/driver/fdc.o
 .debug_line_str
                0x00000377       0xf7 build/i686_debug/kernel/arch/driver/key.o
 .debug_line_str
                0x00000377      0x117 build/i686_debug/kernel/arch/driver/pmm.o
 .debug_line_str
                0x00000377       0xda /home/notbonzo/toolchain32/i686-elf/lib/gcc/i686-elf/14.1.0/libgcc.a(_udivdi3.o)
 .debug_line_str
                0x00000377       0xda /home/notbonzo/toolchain32/i686-elf/lib/gcc/i686-elf/14.1.0/libgcc.a(_umoddi3.o)

.debug_loclists
                0x00000000      0x978
 .debug_loclists
                0x00000000      0x50c /home/notbonzo/toolchain32/i686-elf/lib/gcc/i686-elf/14.1.0/libgcc.a(_udivdi3.o)
 .debug_loclists
                0x0000050c      0x46c /home/notbonzo/toolchain32/i686-elf/lib/gcc/i686-elf/14.1.0/libgcc.a(_umoddi3.o)

.debug_rnglists
                0x00000000       0x49
 .debug_rnglists
                0x00000000       0x2a /home/notbonzo/toolchain32/i686-elf/lib/gcc/i686-elf/14.1.0/libgcc.a(_udivdi3.o)
 .debug_rnglists
                0x0000002a       0x1f /home/notbonzo/toolchain32/i686-elf/lib/gcc/i686-elf/14.1.0/libgcc.a(_umoddi3.o)
