Archive member included to satisfy reference by file (symbol)

/home/notbonzo/toolchain32/i686-elf/lib/gcc/i686-elf/11.2.0/libgcc.a(_udivdi3.o)
                              build/i686_debug/kernel/stdio.o (__udivdi3)
/home/notbonzo/toolchain32/i686-elf/lib/gcc/i686-elf/11.2.0/libgcc.a(_umoddi3.o)
                              build/i686_debug/kernel/stdio.o (__umoddi3)

Memory Configuration

Name             Origin             Length             Attributes
*default*        0x0000000000000000 0xffffffffffffffff

Linker script and memory map

                0x0000000000100000                phys = 0x100000
                0x0000000000100000                . = phys
                0x0000000000100000                __kernel = .

.entry          0x0000000000100000        0x0
                0x0000000000100000                __entry_start = .
 *(.entry)
                0x0000000000100000                __entry_end = .

.text           0x0000000000100000     0x4c50
                0x0000000000100000                __text_start = .
 *(.text)
 .text          0x0000000000100000      0x145 /home/notbonzo/toolchain32/i686-elf/lib/gcc/i686-elf/11.2.0/crtbegin.o
 .text          0x0000000000100145       0x97 build/i686_debug/kernel/_start.o
                0x000000000010015d                _start
 .text          0x00000000001001dc       0x71 build/i686_debug/kernel/debug.o
                0x00000000001001dc                logf
 .text          0x000000000010024d       0xc3 build/i686_debug/kernel/memory.o
                0x000000000010024d                memcpy
                0x000000000010028e                memset
                0x00000000001002c1                memcmp
 .text          0x0000000000100310      0x6a3 build/i686_debug/kernel/stdio.o
                0x0000000000100310                fputc
                0x0000000000100333                fputs
                0x0000000000100365                fprintf_unsigned
                0x0000000000100421                fprintf_signed
                0x0000000000100481                vfprintf
                0x00000000001007f8                fprintf
                0x000000000010081c                fprint_buffer
                0x00000000001008c1                putc
                0x00000000001008e2                puts
                0x00000000001008fb                printf
                0x000000000010091e                print_buffer
                0x000000000010093a                debugc
                0x000000000010095b                debugs
                0x0000000000100974                debugf
                0x0000000000100997                debug_buffer
 .text          0x00000000001009b3      0x203 build/i686_debug/kernel/string.o
                0x00000000001009b3                strchr
                0x00000000001009f1                strcpy
                0x0000000000100a43                strlen
                0x0000000000100a69                islower
                0x0000000000100a92                toupper
                0x0000000000100abe                strcmp
                0x0000000000100b07                strncmp
                0x0000000000100b61                strncpy
 .text          0x0000000000100bb6      0x4b2 build/i686_debug/kernel/shell/shell.o
                0x0000000000100bb6                ls
                0x0000000000100c39                cd
                0x0000000000100ce9                shell_loop
                0x0000000000101045                init_shell
 .text          0x0000000000101068       0x7b build/i686_debug/kernel/hal/hal.o
                0x0000000000101072                HAL_Initialize
 .text          0x00000000001010e3       0xa5 build/i686_debug/kernel/hal/vfs.o
                0x00000000001010e3                VFS_Write
 .text          0x0000000000101188       0x45 build/i686_debug/kernel/arch/i686/e9.o
                0x00000000001011a9                e9_putc
 .text          0x00000000001011cd      0x1ba build/i686_debug/kernel/arch/i686/gdt.o
                0x00000000001011f8                i686_Flush_TSS
                0x0000000000101205                i686_GDT_Initialize
 .text          0x0000000000101387      0x272 build/i686_debug/kernel/arch/i686/idt.o
                0x00000000001013e8                i686_ISR_Handler
                0x0000000000101523                i686_IDT_SetGate
                0x0000000000101586                i686_IDT_EnableGate
                0x00000000001015a6                i686_IDT_DisableGate
                0x00000000001015c6                i686_ISR_RegisterHandler
                0x00000000001015e4                i686_IDT_Initialize
 .text          0x00000000001015f9       0xd9 build/i686_debug/kernel/arch/i686/irq.o
                0x0000000000101600                i686_IRQ_Handler
                0x0000000000101678                i686_IRQ_Initialize
                0x00000000001016bf                i686_IRQ_RegisterHandler
 .text          0x00000000001016d2      0x29b build/i686_debug/kernel/arch/i686/pic.o
                0x0000000000101725                i686_PIC_Configure
                0x00000000001017f9                i686_PIC_SendEndOfInterrupt
                0x0000000000101820                i686_PIC_Disable
                0x0000000000101851                i686_PIC_Mask
                0x0000000000101895                i686_PIC_Unmask
                0x00000000001018db                i686_PIC_ReadIrqRequestRegister
                0x0000000000101924                i686_PIC_ReadInServiceRegister
 .text          0x000000000010196d      0x4cf build/i686_debug/kernel/arch/i686/vga_text.o
                0x000000000010198e                VGA_putchr
                0x00000000001019c2                VGA_putcolor
                0x00000000001019f9                VGA_getchr
                0x0000000000101a1f                VGA_getcolor
                0x0000000000101a48                VGA_setcursor
                0x0000000000101ab1                VGA_clrscr
                0x0000000000101b29                VGA_scrollback
                0x0000000000101bf6                VGA_delchar
                0x0000000000101d2a                VGA_putc
 .text          0x0000000000101e3c      0x2e7 build/i686_debug/kernel/arch/driver/ata.o
                0x0000000000101eb1                read_sectors_ATA_PIO
                0x0000000000101fbe                write_sectors_ATA_PIO
                0x0000000000102102                ata_interrupt_handler
                0x0000000000102108                ata_init
 .text          0x0000000000102123      0x364 build/i686_debug/kernel/arch/driver/fdc.o
                0x0000000000102161                FDC_send_command
                0x000000000010219f                FDC_wait_for_ready
                0x00000000001021fc                FDC_reset
                0x00000000001022d7                init_fdc
                0x0000000000102328                FDC_calibrate_drive
                0x00000000001023bf                FDC_read_sector
                0x000000000010245a                fdc_irq_handler
 .text          0x0000000000102487      0x21e build/i686_debug/kernel/arch/driver/key.o
                0x00000000001024a4                keyboardIRQHandler
                0x00000000001025a2                init_keyboard
                0x00000000001025bd                getchar
                0x000000000010260d                getchar_locking
                0x0000000000102657                gets
 .text          0x00000000001026a5      0x907 build/i686_debug/kernel/arch/driver/pmm.o
                0x00000000001026a5                pmm_init
                0x0000000000102c24                is_page_free
                0x0000000000102c87                mark_page_as_used
                0x0000000000102d10                mark_page_as_free
                0x0000000000102db5                alloc_page
                0x0000000000102e17                alloc_pages
                0x0000000000102f43                free_pages
 .text          0x0000000000102fac      0xe44 build/i686_debug/kernel/arch/driver/fs/fat.o
                0x0000000000102fac                FAT_CompareLFNBlocks
                0x0000000000102fd6                FAT_ReadBootSector
                0x0000000000103005                FAT_ReadFat
                0x0000000000103048                FAT_Detect
                0x00000000001030ac                FAT_Initialize
                0x000000000010331e                FAT_ClusterToLba
                0x000000000010333f                FAT_OpenEntry
                0x0000000000103518                FAT_NextCluster
                0x0000000000103664                FAT_Read
                0x00000000001038d2                FAT_ReadEntry
                0x00000000001038f3                FAT_Close
                0x0000000000103941                FAT_GetShortName
                0x0000000000103a3a                FAT_FindFile
                0x0000000000103ada                FAT_Open
                0x0000000000103c8f                FAT_GetSize
                0x0000000000103c9a                FAT_ListDir
 .text          0x0000000000103df0      0x115 build/i686_debug/kernel/arch/driver/fs/mbr.o
                0x0000000000103df0                MBR_Initialize
                0x0000000000103e6d                MBR_ReadSectors
                0x0000000000103eb9                MBR_WriteSectors
 *fill*         0x0000000000103f05        0xb 
 .text          0x0000000000103f10      0xa6a build/i686_debug/kernel/arch/i686/isr.o
                0x0000000000103f3a                i686_ISR0
                0x0000000000103f40                i686_ISR1
                0x0000000000103f46                i686_ISR2
                0x0000000000103f4c                i686_ISR3
                0x0000000000103f52                i686_ISR4
                0x0000000000103f58                i686_ISR5
                0x0000000000103f5e                i686_ISR6
                0x0000000000103f64                i686_ISR7
                0x0000000000103f6a                i686_ISR8
                0x0000000000103f6e                i686_ISR9
                0x0000000000103f74                i686_ISR10
                0x0000000000103f78                i686_ISR11
                0x0000000000103f7c                i686_ISR12
                0x0000000000103f80                i686_ISR13
                0x0000000000103f84                i686_ISR14
                0x0000000000103f88                i686_ISR15
                0x0000000000103f8e                i686_ISR16
                0x0000000000103f97                i686_ISR17
                0x0000000000103f9e                i686_ISR18
                0x0000000000103fa7                i686_ISR19
                0x0000000000103fb0                i686_ISR20
                0x0000000000103fb9                i686_ISR21
                0x0000000000103fc0                i686_ISR22
                0x0000000000103fc9                i686_ISR23
                0x0000000000103fd2                i686_ISR24
                0x0000000000103fdb                i686_ISR25
                0x0000000000103fe4                i686_ISR26
                0x0000000000103fed                i686_ISR27
                0x0000000000103ff6                i686_ISR28
                0x0000000000103fff                i686_ISR29
                0x0000000000104008                i686_ISR30
                0x0000000000104011                i686_ISR31
                0x000000000010401a                i686_ISR32
                0x0000000000104023                i686_ISR33
                0x000000000010402c                i686_ISR34
                0x0000000000104035                i686_ISR35
                0x000000000010403e                i686_ISR36
                0x0000000000104047                i686_ISR37
                0x0000000000104050                i686_ISR38
                0x0000000000104059                i686_ISR39
                0x0000000000104062                i686_ISR40
                0x000000000010406b                i686_ISR41
                0x0000000000104074                i686_ISR42
                0x000000000010407d                i686_ISR43
                0x0000000000104086                i686_ISR44
                0x000000000010408f                i686_ISR45
                0x0000000000104098                i686_ISR46
                0x00000000001040a1                i686_ISR47
                0x00000000001040aa                i686_ISR48
                0x00000000001040b3                i686_ISR49
                0x00000000001040bc                i686_ISR50
                0x00000000001040c5                i686_ISR51
                0x00000000001040ce                i686_ISR52
                0x00000000001040d7                i686_ISR53
                0x00000000001040e0                i686_ISR54
                0x00000000001040e9                i686_ISR55
                0x00000000001040f2                i686_ISR56
                0x00000000001040fb                i686_ISR57
                0x0000000000104104                i686_ISR58
                0x000000000010410d                i686_ISR59
                0x0000000000104116                i686_ISR60
                0x000000000010411f                i686_ISR61
                0x0000000000104128                i686_ISR62
                0x0000000000104131                i686_ISR63
                0x000000000010413a                i686_ISR64
                0x0000000000104143                i686_ISR65
                0x000000000010414c                i686_ISR66
                0x0000000000104155                i686_ISR67
                0x000000000010415e                i686_ISR68
                0x0000000000104167                i686_ISR69
                0x0000000000104170                i686_ISR70
                0x0000000000104179                i686_ISR71
                0x0000000000104182                i686_ISR72
                0x000000000010418b                i686_ISR73
                0x0000000000104194                i686_ISR74
                0x000000000010419d                i686_ISR75
                0x00000000001041a6                i686_ISR76
                0x00000000001041af                i686_ISR77
                0x00000000001041b8                i686_ISR78
                0x00000000001041c1                i686_ISR79
                0x00000000001041ca                i686_ISR80
                0x00000000001041d3                i686_ISR81
                0x00000000001041dc                i686_ISR82
                0x00000000001041e5                i686_ISR83
                0x00000000001041ee                i686_ISR84
                0x00000000001041f7                i686_ISR85
                0x0000000000104200                i686_ISR86
                0x0000000000104209                i686_ISR87
                0x0000000000104212                i686_ISR88
                0x000000000010421b                i686_ISR89
                0x0000000000104224                i686_ISR90
                0x000000000010422d                i686_ISR91
                0x0000000000104236                i686_ISR92
                0x000000000010423f                i686_ISR93
                0x0000000000104248                i686_ISR94
                0x0000000000104251                i686_ISR95
                0x000000000010425a                i686_ISR96
                0x0000000000104263                i686_ISR97
                0x000000000010426c                i686_ISR98
                0x0000000000104275                i686_ISR99
                0x000000000010427e                i686_ISR100
                0x0000000000104287                i686_ISR101
                0x0000000000104290                i686_ISR102
                0x0000000000104299                i686_ISR103
                0x00000000001042a2                i686_ISR104
                0x00000000001042ab                i686_ISR105
                0x00000000001042b4                i686_ISR106
                0x00000000001042bd                i686_ISR107
                0x00000000001042c6                i686_ISR108
                0x00000000001042cf                i686_ISR109
                0x00000000001042d8                i686_ISR110
                0x00000000001042e1                i686_ISR111
                0x00000000001042ea                i686_ISR112
                0x00000000001042f3                i686_ISR113
                0x00000000001042fc                i686_ISR114
                0x0000000000104305                i686_ISR115
                0x000000000010430e                i686_ISR116
                0x0000000000104317                i686_ISR117
                0x0000000000104320                i686_ISR118
                0x0000000000104329                i686_ISR119
                0x0000000000104332                i686_ISR120
                0x000000000010433b                i686_ISR121
                0x0000000000104344                i686_ISR122
                0x000000000010434d                i686_ISR123
                0x0000000000104356                i686_ISR124
                0x000000000010435f                i686_ISR125
                0x0000000000104368                i686_ISR126
                0x0000000000104371                i686_ISR127
                0x000000000010437a                i686_ISR128
                0x0000000000104386                i686_ISR129
                0x0000000000104392                i686_ISR130
                0x000000000010439e                i686_ISR131
                0x00000000001043aa                i686_ISR132
                0x00000000001043b6                i686_ISR133
                0x00000000001043c2                i686_ISR134
                0x00000000001043ce                i686_ISR135
                0x00000000001043da                i686_ISR136
                0x00000000001043e6                i686_ISR137
                0x00000000001043f2                i686_ISR138
                0x00000000001043fe                i686_ISR139
                0x000000000010440a                i686_ISR140
                0x0000000000104416                i686_ISR141
                0x0000000000104422                i686_ISR142
                0x000000000010442e                i686_ISR143
                0x000000000010443a                i686_ISR144
                0x0000000000104446                i686_ISR145
                0x0000000000104452                i686_ISR146
                0x000000000010445e                i686_ISR147
                0x000000000010446a                i686_ISR148
                0x0000000000104476                i686_ISR149
                0x0000000000104482                i686_ISR150
                0x000000000010448e                i686_ISR151
                0x000000000010449a                i686_ISR152
                0x00000000001044a6                i686_ISR153
                0x00000000001044b2                i686_ISR154
                0x00000000001044be                i686_ISR155
                0x00000000001044ca                i686_ISR156
                0x00000000001044d6                i686_ISR157
                0x00000000001044e2                i686_ISR158
                0x00000000001044ee                i686_ISR159
                0x00000000001044fa                i686_ISR160
                0x0000000000104506                i686_ISR161
                0x0000000000104512                i686_ISR162
                0x000000000010451e                i686_ISR163
                0x000000000010452a                i686_ISR164
                0x0000000000104536                i686_ISR165
                0x0000000000104542                i686_ISR166
                0x000000000010454e                i686_ISR167
                0x000000000010455a                i686_ISR168
                0x0000000000104566                i686_ISR169
                0x0000000000104572                i686_ISR170
                0x000000000010457e                i686_ISR171
                0x000000000010458a                i686_ISR172
                0x0000000000104596                i686_ISR173
                0x00000000001045a2                i686_ISR174
                0x00000000001045ae                i686_ISR175
                0x00000000001045ba                i686_ISR176
                0x00000000001045c6                i686_ISR177
                0x00000000001045d2                i686_ISR178
                0x00000000001045de                i686_ISR179
                0x00000000001045ea                i686_ISR180
                0x00000000001045f6                i686_ISR181
                0x0000000000104602                i686_ISR182
                0x000000000010460e                i686_ISR183
                0x000000000010461a                i686_ISR184
                0x0000000000104626                i686_ISR185
                0x0000000000104632                i686_ISR186
                0x000000000010463e                i686_ISR187
                0x000000000010464a                i686_ISR188
                0x0000000000104656                i686_ISR189
                0x0000000000104662                i686_ISR190
                0x000000000010466e                i686_ISR191
                0x000000000010467a                i686_ISR192
                0x0000000000104686                i686_ISR193
                0x0000000000104692                i686_ISR194
                0x000000000010469e                i686_ISR195
                0x00000000001046aa                i686_ISR196
                0x00000000001046b6                i686_ISR197
                0x00000000001046c2                i686_ISR198
                0x00000000001046ce                i686_ISR199
                0x00000000001046da                i686_ISR200
                0x00000000001046e6                i686_ISR201
                0x00000000001046f2                i686_ISR202
                0x00000000001046fe                i686_ISR203
                0x000000000010470a                i686_ISR204
                0x0000000000104716                i686_ISR205
                0x0000000000104722                i686_ISR206
                0x000000000010472e                i686_ISR207
                0x000000000010473a                i686_ISR208
                0x0000000000104746                i686_ISR209
                0x0000000000104752                i686_ISR210
                0x000000000010475e                i686_ISR211
                0x000000000010476a                i686_ISR212
                0x0000000000104776                i686_ISR213
                0x0000000000104782                i686_ISR214
                0x000000000010478e                i686_ISR215
                0x000000000010479a                i686_ISR216
                0x00000000001047a6                i686_ISR217
                0x00000000001047b2                i686_ISR218
                0x00000000001047be                i686_ISR219
                0x00000000001047ca                i686_ISR220
                0x00000000001047d6                i686_ISR221
                0x00000000001047e2                i686_ISR222
                0x00000000001047ee                i686_ISR223
                0x00000000001047fa                i686_ISR224
                0x0000000000104806                i686_ISR225
                0x0000000000104812                i686_ISR226
                0x000000000010481e                i686_ISR227
                0x000000000010482a                i686_ISR228
                0x0000000000104836                i686_ISR229
                0x0000000000104842                i686_ISR230
                0x000000000010484e                i686_ISR231
                0x000000000010485a                i686_ISR232
                0x0000000000104866                i686_ISR233
                0x0000000000104872                i686_ISR234
                0x000000000010487e                i686_ISR235
                0x000000000010488a                i686_ISR236
                0x0000000000104896                i686_ISR237
                0x00000000001048a2                i686_ISR238
                0x00000000001048ae                i686_ISR239
                0x00000000001048ba                i686_ISR240
                0x00000000001048c6                i686_ISR241
                0x00000000001048d2                i686_ISR242
                0x00000000001048de                i686_ISR243
                0x00000000001048ea                i686_ISR244
                0x00000000001048f6                i686_ISR245
                0x0000000000104902                i686_ISR246
                0x000000000010490e                i686_ISR247
                0x000000000010491a                i686_ISR248
                0x0000000000104926                i686_ISR249
                0x0000000000104932                i686_ISR250
                0x000000000010493e                i686_ISR251
                0x000000000010494a                i686_ISR252
                0x0000000000104956                i686_ISR253
                0x0000000000104962                i686_ISR254
                0x000000000010496e                i686_ISR255
 *fill*         0x000000000010497a        0x6 
 .text          0x0000000000104980       0x41 /home/notbonzo/toolchain32/i686-elf/lib/gcc/i686-elf/11.2.0/crtend.o
 *fill*         0x00000000001049c1        0xf 
 .text          0x00000000001049d0      0x12a /home/notbonzo/toolchain32/i686-elf/lib/gcc/i686-elf/11.2.0/libgcc.a(_udivdi3.o)
                0x00000000001049d0                __udivdi3
 *fill*         0x0000000000104afa        0x6 
 .text          0x0000000000104b00      0x150 /home/notbonzo/toolchain32/i686-elf/lib/gcc/i686-elf/11.2.0/libgcc.a(_umoddi3.o)
                0x0000000000104b00                __umoddi3
                0x0000000000104c50                __text_end = .

.init           0x0000000000104c50        0xf
 .init          0x0000000000104c50        0x3 build/i686_debug/kernel/crti.o
                0x0000000000104c50                _init
 .init          0x0000000000104c53        0x5 /home/notbonzo/toolchain32/i686-elf/lib/gcc/i686-elf/11.2.0/crtbegin.o
 .init          0x0000000000104c58        0x5 /home/notbonzo/toolchain32/i686-elf/lib/gcc/i686-elf/11.2.0/crtend.o
 .init          0x0000000000104c5d        0x2 build/i686_debug/kernel/crtn.o

.fini           0x0000000000104c5f        0xa
 .fini          0x0000000000104c5f        0x3 build/i686_debug/kernel/crti.o
                0x0000000000104c5f                _fini
 .fini          0x0000000000104c62        0x5 /home/notbonzo/toolchain32/i686-elf/lib/gcc/i686-elf/11.2.0/crtbegin.o
 .fini          0x0000000000104c67        0x2 build/i686_debug/kernel/crtn.o

.iplt           0x0000000000104c69        0x0
 .iplt          0x0000000000104c69        0x0 build/i686_debug/kernel/crti.o

.rodata         0x0000000000104c80      0x89a
                0x0000000000104c80                __rodata_start = .
 *(.rodata)
 .rodata        0x0000000000104c80       0x2a build/i686_debug/kernel/_start.o
 *fill*         0x0000000000104caa        0x2 
 .rodata        0x0000000000104cac       0x52 build/i686_debug/kernel/debug.o
 *fill*         0x0000000000104cfe        0x2 
 .rodata        0x0000000000104d00       0xc2 build/i686_debug/kernel/stdio.o
                0x0000000000104d00                g_HexChars
 .rodata        0x0000000000104dc2       0x8b build/i686_debug/kernel/shell/shell.o
 .rodata        0x0000000000104e4d       0x1a build/i686_debug/kernel/hal/hal.o
 *fill*         0x0000000000104e67       0x19 
 .rodata        0x0000000000104e80      0x34f build/i686_debug/kernel/arch/i686/idt.o
 *fill*         0x00000000001051cf        0x1 
 .rodata        0x00000000001051d0       0x25 build/i686_debug/kernel/arch/i686/irq.o
 *fill*         0x00000000001051f5        0x3 
 .rodata        0x00000000001051f8       0xe5 build/i686_debug/kernel/arch/driver/fdc.o
 .rodata        0x00000000001052dd       0xc7 build/i686_debug/kernel/arch/driver/key.o
 .rodata        0x00000000001053a4       0x53 build/i686_debug/kernel/arch/driver/pmm.o
 *fill*         0x00000000001053f7        0x1 
 .rodata        0x00000000001053f8      0x122 build/i686_debug/kernel/arch/driver/fs/fat.o
                0x000000000010551a                __rodata_end = .

.eh_frame       0x000000000010551c       0xc0
 .eh_frame      0x000000000010551c        0x0 /home/notbonzo/toolchain32/i686-elf/lib/gcc/i686-elf/11.2.0/crtbegin.o
 .eh_frame      0x000000000010551c        0x0 /home/notbonzo/toolchain32/i686-elf/lib/gcc/i686-elf/11.2.0/crtend.o
                                          0x4 (size before relaxing)
 .eh_frame      0x000000000010551c       0x64 /home/notbonzo/toolchain32/i686-elf/lib/gcc/i686-elf/11.2.0/libgcc.a(_udivdi3.o)
 .eh_frame      0x0000000000105580       0x5c /home/notbonzo/toolchain32/i686-elf/lib/gcc/i686-elf/11.2.0/libgcc.a(_umoddi3.o)
                                         0x74 (size before relaxing)

.rel.dyn        0x00000000001055dc        0x0
 .rel.got       0x00000000001055dc        0x0 build/i686_debug/kernel/crti.o
 .rel.iplt      0x00000000001055dc        0x0 build/i686_debug/kernel/crti.o
 .rel.text      0x00000000001055dc        0x0 build/i686_debug/kernel/crti.o

.data           0x00000000001055e0      0xd40
                0x00000000001055e0                __data_start = .
 *(.data)
 .data          0x00000000001055e0        0x4 /home/notbonzo/toolchain32/i686-elf/lib/gcc/i686-elf/11.2.0/crtbegin.o
                0x00000000001055e0                __dso_handle
 .data          0x00000000001055e4        0x0 build/i686_debug/kernel/_start.o
 .data          0x00000000001055e4        0x0 build/i686_debug/kernel/debug.o
 .data          0x00000000001055e4        0x0 build/i686_debug/kernel/memory.o
 .data          0x00000000001055e4        0x0 build/i686_debug/kernel/stdio.o
 .data          0x00000000001055e4        0x0 build/i686_debug/kernel/string.o
 *fill*         0x00000000001055e4       0x1c 
 .data          0x0000000000105600      0x100 build/i686_debug/kernel/shell/shell.o
                0x0000000000105600                pwd
 .data          0x0000000000105700        0x0 build/i686_debug/kernel/hal/hal.o
 .data          0x0000000000105700        0x0 build/i686_debug/kernel/hal/vfs.o
 .data          0x0000000000105700        0x0 build/i686_debug/kernel/arch/i686/e9.o
 .data          0x0000000000105700        0x0 build/i686_debug/kernel/arch/i686/gdt.o
 .data          0x0000000000105700        0x6 build/i686_debug/kernel/arch/i686/idt.o
                0x0000000000105700                g_IDTDescriptor
 .data          0x0000000000105706        0x0 build/i686_debug/kernel/arch/i686/irq.o
 .data          0x0000000000105706        0x0 build/i686_debug/kernel/arch/i686/pic.o
 *fill*         0x0000000000105706        0x2 
 .data          0x0000000000105708        0x4 build/i686_debug/kernel/arch/i686/vga_text.o
                0x0000000000105708                g_ScreenBuffer
 .data          0x000000000010570c        0x0 build/i686_debug/kernel/arch/driver/ata.o
 .data          0x000000000010570c        0x0 build/i686_debug/kernel/arch/driver/fdc.o
 *fill*         0x000000000010570c       0x14 
 .data          0x0000000000105720      0x800 build/i686_debug/kernel/arch/driver/key.o
                0x0000000000105720                scancodeToASCII
                0x0000000000105b20                scancodeToASCII_shift
 .data          0x0000000000105f20        0x0 build/i686_debug/kernel/arch/driver/pmm.o
 .data          0x0000000000105f20        0x0 build/i686_debug/kernel/arch/driver/fs/fat.o
 .data          0x0000000000105f20        0x0 build/i686_debug/kernel/arch/driver/fs/mbr.o
 .data          0x0000000000105f20      0x400 build/i686_debug/kernel/arch/i686/isr.o
                0x0000000000105f20                isr_table
 .data          0x0000000000106320        0x0 /home/notbonzo/toolchain32/i686-elf/lib/gcc/i686-elf/11.2.0/crtend.o
 .data          0x0000000000106320        0x0 /home/notbonzo/toolchain32/i686-elf/lib/gcc/i686-elf/11.2.0/libgcc.a(_udivdi3.o)
 .data          0x0000000000106320        0x0 /home/notbonzo/toolchain32/i686-elf/lib/gcc/i686-elf/11.2.0/libgcc.a(_umoddi3.o)
                0x0000000000106320                __data_end = .

.got            0x0000000000106320        0x0
 .got           0x0000000000106320        0x0 build/i686_debug/kernel/crti.o

.got.plt        0x0000000000106320        0x0
 .got.plt       0x0000000000106320        0x0 build/i686_debug/kernel/crti.o

.igot.plt       0x0000000000106320        0x0
 .igot.plt      0x0000000000106320        0x0 build/i686_debug/kernel/crti.o

.ctors          0x0000000000106320        0x8
 .ctors         0x0000000000106320        0x4 /home/notbonzo/toolchain32/i686-elf/lib/gcc/i686-elf/11.2.0/crtbegin.o
 .ctors         0x0000000000106324        0x4 /home/notbonzo/toolchain32/i686-elf/lib/gcc/i686-elf/11.2.0/crtend.o

.dtors          0x0000000000106328        0x8
 .dtors         0x0000000000106328        0x4 /home/notbonzo/toolchain32/i686-elf/lib/gcc/i686-elf/11.2.0/crtbegin.o
 .dtors         0x000000000010632c        0x4 /home/notbonzo/toolchain32/i686-elf/lib/gcc/i686-elf/11.2.0/crtend.o
                0x000000000010632c                __DTOR_END__

.tm_clone_table
                0x0000000000106330        0x0
 .tm_clone_table
                0x0000000000106330        0x0 /home/notbonzo/toolchain32/i686-elf/lib/gcc/i686-elf/11.2.0/crtbegin.o
 .tm_clone_table
                0x0000000000106330        0x0 /home/notbonzo/toolchain32/i686-elf/lib/gcc/i686-elf/11.2.0/crtend.o

.bss            0x0000000000106340     0x1de1
                0x0000000000106340                __bss_start = .
 *(.bss)
 .bss           0x0000000000106340       0x20 /home/notbonzo/toolchain32/i686-elf/lib/gcc/i686-elf/11.2.0/crtbegin.o
 .bss           0x0000000000106360        0x0 build/i686_debug/kernel/_start.o
 .bss           0x0000000000106360        0x0 build/i686_debug/kernel/debug.o
 .bss           0x0000000000106360        0x0 build/i686_debug/kernel/memory.o
 .bss           0x0000000000106360        0x0 build/i686_debug/kernel/stdio.o
 .bss           0x0000000000106360        0x0 build/i686_debug/kernel/string.o
 .bss           0x0000000000106360        0x0 build/i686_debug/kernel/shell/shell.o
 .bss           0x0000000000106360        0x0 build/i686_debug/kernel/hal/hal.o
 .bss           0x0000000000106360        0x0 build/i686_debug/kernel/hal/vfs.o
 .bss           0x0000000000106360        0x0 build/i686_debug/kernel/arch/i686/e9.o
 .bss           0x0000000000106360       0xc8 build/i686_debug/kernel/arch/i686/gdt.o
                0x0000000000106360                g_GDTDescriptor
                0x0000000000106380                g_GDT
                0x00000000001063c0                g_TSS
 *fill*         0x0000000000106428       0x18 
 .bss           0x0000000000106440      0xc00 build/i686_debug/kernel/arch/i686/idt.o
                0x0000000000106440                g_IDT
                0x0000000000106c40                g_ISRHandlers
 .bss           0x0000000000107040       0x40 build/i686_debug/kernel/arch/i686/irq.o
                0x0000000000107040                g_IRQHandlers
 .bss           0x0000000000107080        0xc build/i686_debug/kernel/arch/i686/pic.o
                0x0000000000107080                PIC_ICW1
                0x0000000000107084                PIC_ICW4
                0x0000000000107088                PIC_CMD
 .bss           0x000000000010708c        0x8 build/i686_debug/kernel/arch/i686/vga_text.o
                0x000000000010708c                g_ScreenX
                0x0000000000107090                g_ScreenY
 .bss           0x0000000000107094        0x0 build/i686_debug/kernel/arch/driver/ata.o
 .bss           0x0000000000107094        0x0 build/i686_debug/kernel/arch/driver/fdc.o
 *fill*         0x0000000000107094        0xc 
 .bss           0x00000000001070a0      0x220 build/i686_debug/kernel/arch/driver/key.o
                0x00000000001070a0                buffer
                0x00000000001071a0                index
                0x00000000001071a4                count
                0x00000000001071a8                shift_pressed
                0x00000000001071ac                ctrl_pressed
 .bss           0x00000000001072c0       0x18 build/i686_debug/kernel/arch/driver/pmm.o
                0x00000000001072c0                page_manager
                0x00000000001072d0                g_MemInfo
 *fill*         0x00000000001072d8        0x8 
 .bss           0x00000000001072e0      0xe20 build/i686_debug/kernel/arch/driver/fs/fat.o
 .bss           0x0000000000108100       0x21 build/i686_debug/kernel/arch/driver/fs/mbr.o
                0x0000000000108100                g_MBRS
                0x0000000000108120                g_BootMBR
 .bss           0x0000000000108121        0x0 /home/notbonzo/toolchain32/i686-elf/lib/gcc/i686-elf/11.2.0/crtend.o
 .bss           0x0000000000108121        0x0 /home/notbonzo/toolchain32/i686-elf/lib/gcc/i686-elf/11.2.0/libgcc.a(_udivdi3.o)
 .bss           0x0000000000108121        0x0 /home/notbonzo/toolchain32/i686-elf/lib/gcc/i686-elf/11.2.0/libgcc.a(_umoddi3.o)
                0x0000000000108121                __bss_end = .
                0x0000000000108121                __end = .
LOAD build/i686_debug/kernel/crti.o
LOAD /home/notbonzo/toolchain32/i686-elf/lib/gcc/i686-elf/11.2.0/crtbegin.o
LOAD build/i686_debug/kernel/_start.o
LOAD build/i686_debug/kernel/debug.o
LOAD build/i686_debug/kernel/memory.o
LOAD build/i686_debug/kernel/stdio.o
LOAD build/i686_debug/kernel/string.o
LOAD build/i686_debug/kernel/shell/shell.o
LOAD build/i686_debug/kernel/hal/hal.o
LOAD build/i686_debug/kernel/hal/vfs.o
LOAD build/i686_debug/kernel/arch/i686/e9.o
LOAD build/i686_debug/kernel/arch/i686/gdt.o
LOAD build/i686_debug/kernel/arch/i686/idt.o
LOAD build/i686_debug/kernel/arch/i686/irq.o
LOAD build/i686_debug/kernel/arch/i686/pic.o
LOAD build/i686_debug/kernel/arch/i686/vga_text.o
LOAD build/i686_debug/kernel/arch/driver/ata.o
LOAD build/i686_debug/kernel/arch/driver/fdc.o
LOAD build/i686_debug/kernel/arch/driver/key.o
LOAD build/i686_debug/kernel/arch/driver/pmm.o
LOAD build/i686_debug/kernel/arch/driver/fs/fat.o
LOAD build/i686_debug/kernel/arch/driver/fs/mbr.o
LOAD build/i686_debug/kernel/arch/i686/isr.o
LOAD build/i686_debug/libs/core/libcore.o
LOAD /home/notbonzo/toolchain32/i686-elf/lib/gcc/i686-elf/11.2.0/crtend.o
LOAD build/i686_debug/kernel/crtn.o
LOAD /home/notbonzo/toolchain32/i686-elf/lib/gcc/i686-elf/11.2.0/libgcc.a
OUTPUT(build/i686_debug/kernel/kernel.elf elf32-i386)

.debug_aranges  0x0000000000000000      0x2e0
 .debug_aranges
                0x0000000000000000        0x0 build/i686_debug/kernel/crti.o
 .debug_aranges
                0x0000000000000000       0x20 build/i686_debug/kernel/_start.o
 .debug_aranges
                0x0000000000000020       0x20 build/i686_debug/kernel/debug.o
 .debug_aranges
                0x0000000000000040       0x20 build/i686_debug/kernel/memory.o
 .debug_aranges
                0x0000000000000060       0x20 build/i686_debug/kernel/stdio.o
 .debug_aranges
                0x0000000000000080       0x20 build/i686_debug/kernel/string.o
 .debug_aranges
                0x00000000000000a0       0x20 build/i686_debug/kernel/shell/shell.o
 .debug_aranges
                0x00000000000000c0       0x20 build/i686_debug/kernel/hal/hal.o
 .debug_aranges
                0x00000000000000e0       0x20 build/i686_debug/kernel/hal/vfs.o
 .debug_aranges
                0x0000000000000100       0x20 build/i686_debug/kernel/arch/i686/e9.o
 .debug_aranges
                0x0000000000000120       0x20 build/i686_debug/kernel/arch/i686/gdt.o
 .debug_aranges
                0x0000000000000140       0x20 build/i686_debug/kernel/arch/i686/idt.o
 .debug_aranges
                0x0000000000000160       0x20 build/i686_debug/kernel/arch/i686/irq.o
 .debug_aranges
                0x0000000000000180       0x20 build/i686_debug/kernel/arch/i686/pic.o
 .debug_aranges
                0x00000000000001a0       0x20 build/i686_debug/kernel/arch/i686/vga_text.o
 .debug_aranges
                0x00000000000001c0       0x20 build/i686_debug/kernel/arch/driver/ata.o
 .debug_aranges
                0x00000000000001e0       0x20 build/i686_debug/kernel/arch/driver/fdc.o
 .debug_aranges
                0x0000000000000200       0x20 build/i686_debug/kernel/arch/driver/key.o
 .debug_aranges
                0x0000000000000220       0x20 build/i686_debug/kernel/arch/driver/pmm.o
 .debug_aranges
                0x0000000000000240       0x20 build/i686_debug/kernel/arch/driver/fs/fat.o
 .debug_aranges
                0x0000000000000260       0x20 build/i686_debug/kernel/arch/driver/fs/mbr.o
 .debug_aranges
                0x0000000000000280       0x20 build/i686_debug/kernel/arch/i686/isr.o
 .debug_aranges
                0x00000000000002a0        0x0 build/i686_debug/kernel/crtn.o
 .debug_aranges
                0x00000000000002a0       0x20 /home/notbonzo/toolchain32/i686-elf/lib/gcc/i686-elf/11.2.0/libgcc.a(_udivdi3.o)
 .debug_aranges
                0x00000000000002c0       0x20 /home/notbonzo/toolchain32/i686-elf/lib/gcc/i686-elf/11.2.0/libgcc.a(_umoddi3.o)

.debug_pubnames
                0x0000000000000000        0x0
 .debug_pubnames
                0x0000000000000000        0x0 build/i686_debug/kernel/crti.o
 .debug_pubnames
                0x0000000000000000        0x0 build/i686_debug/kernel/arch/i686/isr.o
 .debug_pubnames
                0x0000000000000000        0x0 build/i686_debug/kernel/crtn.o

.debug_info     0x0000000000000000     0x4d58
 .debug_info    0x0000000000000000        0x0 build/i686_debug/kernel/crti.o
 .debug_info    0x0000000000000000      0x28e build/i686_debug/kernel/_start.o
 .debug_info    0x000000000000028e      0x1d5 build/i686_debug/kernel/debug.o
 .debug_info    0x0000000000000463      0x1e8 build/i686_debug/kernel/memory.o
 .debug_info    0x000000000000064b      0x52b build/i686_debug/kernel/stdio.o
 .debug_info    0x0000000000000b76      0x25d build/i686_debug/kernel/string.o
 .debug_info    0x0000000000000dd3      0x2cd build/i686_debug/kernel/shell/shell.o
 .debug_info    0x00000000000010a0      0x231 build/i686_debug/kernel/hal/hal.o
 .debug_info    0x00000000000012d1      0x13e build/i686_debug/kernel/hal/vfs.o
 .debug_info    0x000000000000140f       0xdb build/i686_debug/kernel/arch/i686/e9.o
 .debug_info    0x00000000000014ea      0x40f build/i686_debug/kernel/arch/i686/gdt.o
 .debug_info    0x00000000000018f9      0x46e build/i686_debug/kernel/arch/i686/idt.o
 .debug_info    0x0000000000001d67      0x301 build/i686_debug/kernel/arch/i686/irq.o
 .debug_info    0x0000000000002068      0x294 build/i686_debug/kernel/arch/i686/pic.o
 .debug_info    0x00000000000022fc      0x373 build/i686_debug/kernel/arch/i686/vga_text.o
 .debug_info    0x000000000000266f      0x3ca build/i686_debug/kernel/arch/driver/ata.o
 .debug_info    0x0000000000002a39      0x41b build/i686_debug/kernel/arch/driver/fdc.o
 .debug_info    0x0000000000002e54      0x385 build/i686_debug/kernel/arch/driver/key.o
 .debug_info    0x00000000000031d9      0x4b6 build/i686_debug/kernel/arch/driver/pmm.o
 .debug_info    0x000000000000368f      0xcfa build/i686_debug/kernel/arch/driver/fs/fat.o
 .debug_info    0x0000000000004389      0x312 build/i686_debug/kernel/arch/driver/fs/mbr.o
 .debug_info    0x000000000000469b       0x4e build/i686_debug/kernel/arch/i686/isr.o
 .debug_info    0x00000000000046e9        0x0 build/i686_debug/kernel/crtn.o
 .debug_info    0x00000000000046e9      0x32c /home/notbonzo/toolchain32/i686-elf/lib/gcc/i686-elf/11.2.0/libgcc.a(_udivdi3.o)
 .debug_info    0x0000000000004a15      0x343 /home/notbonzo/toolchain32/i686-elf/lib/gcc/i686-elf/11.2.0/libgcc.a(_umoddi3.o)

.debug_abbrev   0x0000000000000000     0x1e7f
 .debug_abbrev  0x0000000000000000        0x0 build/i686_debug/kernel/crti.o
 .debug_abbrev  0x0000000000000000      0x135 build/i686_debug/kernel/_start.o
 .debug_abbrev  0x0000000000000135       0xf4 build/i686_debug/kernel/debug.o
 .debug_abbrev  0x0000000000000229       0xe2 build/i686_debug/kernel/memory.o
 .debug_abbrev  0x000000000000030b      0x18a build/i686_debug/kernel/stdio.o
 .debug_abbrev  0x0000000000000495       0xd9 build/i686_debug/kernel/string.o
 .debug_abbrev  0x000000000000056e      0x1a5 build/i686_debug/kernel/shell/shell.o
 .debug_abbrev  0x0000000000000713       0xf9 build/i686_debug/kernel/hal/hal.o
 .debug_abbrev  0x000000000000080c       0xb6 build/i686_debug/kernel/hal/vfs.o
 .debug_abbrev  0x00000000000008c2       0x90 build/i686_debug/kernel/arch/i686/e9.o
 .debug_abbrev  0x0000000000000952      0x146 build/i686_debug/kernel/arch/i686/gdt.o
 .debug_abbrev  0x0000000000000a98      0x1c0 build/i686_debug/kernel/arch/i686/idt.o
 .debug_abbrev  0x0000000000000c58      0x199 build/i686_debug/kernel/arch/i686/irq.o
 .debug_abbrev  0x0000000000000df1      0x14c build/i686_debug/kernel/arch/i686/pic.o
 .debug_abbrev  0x0000000000000f3d      0x13d build/i686_debug/kernel/arch/i686/vga_text.o
 .debug_abbrev  0x000000000000107a      0x1a6 build/i686_debug/kernel/arch/driver/ata.o
 .debug_abbrev  0x0000000000001220      0x1c6 build/i686_debug/kernel/arch/driver/fdc.o
 .debug_abbrev  0x00000000000013e6      0x190 build/i686_debug/kernel/arch/driver/key.o
 .debug_abbrev  0x0000000000001576      0x1df build/i686_debug/kernel/arch/driver/pmm.o
 .debug_abbrev  0x0000000000001755      0x2e9 build/i686_debug/kernel/arch/driver/fs/fat.o
 .debug_abbrev  0x0000000000001a3e      0x15a build/i686_debug/kernel/arch/driver/fs/mbr.o
 .debug_abbrev  0x0000000000001b98       0x1b build/i686_debug/kernel/arch/i686/isr.o
 .debug_abbrev  0x0000000000001bb3        0x0 build/i686_debug/kernel/crtn.o
 .debug_abbrev  0x0000000000001bb3      0x15b /home/notbonzo/toolchain32/i686-elf/lib/gcc/i686-elf/11.2.0/libgcc.a(_udivdi3.o)
 .debug_abbrev  0x0000000000001d0e      0x171 /home/notbonzo/toolchain32/i686-elf/lib/gcc/i686-elf/11.2.0/libgcc.a(_umoddi3.o)

.debug_line     0x0000000000000000     0x2803
 .debug_line    0x0000000000000000        0x0 build/i686_debug/kernel/crti.o
 .debug_line    0x0000000000000000       0xbd build/i686_debug/kernel/_start.o
 .debug_line    0x00000000000000bd       0x7a build/i686_debug/kernel/debug.o
 .debug_line    0x0000000000000137       0xec build/i686_debug/kernel/memory.o
 .debug_line    0x0000000000000223      0x2a0 build/i686_debug/kernel/stdio.o
 .debug_line    0x00000000000004c3      0x17d build/i686_debug/kernel/string.o
 .debug_line    0x0000000000000640      0x1d9 build/i686_debug/kernel/shell/shell.o
 .debug_line    0x0000000000000819       0xe5 build/i686_debug/kernel/hal/hal.o
 .debug_line    0x00000000000008fe       0xc0 build/i686_debug/kernel/hal/vfs.o
 .debug_line    0x00000000000009be       0x6a build/i686_debug/kernel/arch/i686/e9.o
 .debug_line    0x0000000000000a28       0xc9 build/i686_debug/kernel/arch/i686/gdt.o
 .debug_line    0x0000000000000af1      0x118 build/i686_debug/kernel/arch/i686/idt.o
 .debug_line    0x0000000000000c09       0xd8 build/i686_debug/kernel/arch/i686/irq.o
 .debug_line    0x0000000000000ce1      0x104 build/i686_debug/kernel/arch/i686/pic.o
 .debug_line    0x0000000000000de5      0x28d build/i686_debug/kernel/arch/i686/vga_text.o
 .debug_line    0x0000000000001072      0x1b6 build/i686_debug/kernel/arch/driver/ata.o
 .debug_line    0x0000000000001228      0x1c2 build/i686_debug/kernel/arch/driver/fdc.o
 .debug_line    0x00000000000013ea      0x16b build/i686_debug/kernel/arch/driver/key.o
 .debug_line    0x0000000000001555      0x3e0 build/i686_debug/kernel/arch/driver/pmm.o
 .debug_line    0x0000000000001935      0x737 build/i686_debug/kernel/arch/driver/fs/fat.o
 .debug_line    0x000000000000206c       0xde build/i686_debug/kernel/arch/driver/fs/mbr.o
 .debug_line    0x000000000000214a      0x36b build/i686_debug/kernel/arch/i686/isr.o
 .debug_line    0x00000000000024b5        0x0 build/i686_debug/kernel/crtn.o
 .debug_line    0x00000000000024b5      0x179 /home/notbonzo/toolchain32/i686-elf/lib/gcc/i686-elf/11.2.0/libgcc.a(_udivdi3.o)
 .debug_line    0x000000000000262e      0x1d5 /home/notbonzo/toolchain32/i686-elf/lib/gcc/i686-elf/11.2.0/libgcc.a(_umoddi3.o)

.debug_frame    0x0000000000000000     0x11d8
 .debug_frame   0x0000000000000000        0x0 build/i686_debug/kernel/crti.o
 .debug_frame   0x0000000000000000       0x94 build/i686_debug/kernel/_start.o
 .debug_frame   0x0000000000000094       0x34 build/i686_debug/kernel/debug.o
 .debug_frame   0x00000000000000c8       0x74 build/i686_debug/kernel/memory.o
 .debug_frame   0x000000000000013c      0x200 build/i686_debug/kernel/stdio.o
 .debug_frame   0x000000000000033c      0x114 build/i686_debug/kernel/string.o
 .debug_frame   0x0000000000000450       0xa0 build/i686_debug/kernel/shell/shell.o
 .debug_frame   0x00000000000004f0       0x54 build/i686_debug/kernel/hal/hal.o
 .debug_frame   0x0000000000000544       0x34 build/i686_debug/kernel/hal/vfs.o
 .debug_frame   0x0000000000000578       0x54 build/i686_debug/kernel/arch/i686/e9.o
 .debug_frame   0x00000000000005cc       0x74 build/i686_debug/kernel/arch/i686/gdt.o
 .debug_frame   0x0000000000000640      0x120 build/i686_debug/kernel/arch/i686/idt.o
 .debug_frame   0x0000000000000760       0x94 build/i686_debug/kernel/arch/i686/irq.o
 .debug_frame   0x00000000000007f4      0x15c build/i686_debug/kernel/arch/i686/pic.o
 .debug_frame   0x0000000000000950      0x154 build/i686_debug/kernel/arch/i686/vga_text.o
 .debug_frame   0x0000000000000aa4      0x158 build/i686_debug/kernel/arch/driver/ata.o
 .debug_frame   0x0000000000000bfc      0x138 build/i686_debug/kernel/arch/driver/fdc.o
 .debug_frame   0x0000000000000d34       0xd4 build/i686_debug/kernel/arch/driver/key.o
 .debug_frame   0x0000000000000e08      0x130 build/i686_debug/kernel/arch/driver/pmm.o
 .debug_frame   0x0000000000000f38      0x228 build/i686_debug/kernel/arch/driver/fs/fat.o
 .debug_frame   0x0000000000001160       0x74 build/i686_debug/kernel/arch/driver/fs/mbr.o
 *fill*         0x00000000000011d4        0x4 
 .debug_frame   0x00000000000011d8        0x0 build/i686_debug/kernel/arch/i686/isr.o
 .debug_frame   0x00000000000011d8        0x0 build/i686_debug/kernel/crtn.o

.debug_loc      0x0000000000000000        0x0
 .debug_loc     0x0000000000000000        0x0 build/i686_debug/kernel/crti.o
 .debug_loc     0x0000000000000000        0x0 build/i686_debug/kernel/arch/i686/isr.o
 .debug_loc     0x0000000000000000        0x0 build/i686_debug/kernel/crtn.o

.comment        0x0000000000000000       0x12
 .comment       0x0000000000000000       0x12 /home/notbonzo/toolchain32/i686-elf/lib/gcc/i686-elf/11.2.0/crtbegin.o
                                         0x13 (size before relaxing)
 .comment       0x0000000000000012       0x13 build/i686_debug/kernel/_start.o
 .comment       0x0000000000000012       0x13 build/i686_debug/kernel/debug.o
 .comment       0x0000000000000012       0x13 build/i686_debug/kernel/memory.o
 .comment       0x0000000000000012       0x13 build/i686_debug/kernel/stdio.o
 .comment       0x0000000000000012       0x13 build/i686_debug/kernel/string.o
 .comment       0x0000000000000012       0x13 build/i686_debug/kernel/shell/shell.o
 .comment       0x0000000000000012       0x13 build/i686_debug/kernel/hal/hal.o
 .comment       0x0000000000000012       0x13 build/i686_debug/kernel/hal/vfs.o
 .comment       0x0000000000000012       0x13 build/i686_debug/kernel/arch/i686/e9.o
 .comment       0x0000000000000012       0x13 build/i686_debug/kernel/arch/i686/gdt.o
 .comment       0x0000000000000012       0x13 build/i686_debug/kernel/arch/i686/idt.o
 .comment       0x0000000000000012       0x13 build/i686_debug/kernel/arch/i686/irq.o
 .comment       0x0000000000000012       0x13 build/i686_debug/kernel/arch/i686/pic.o
 .comment       0x0000000000000012       0x13 build/i686_debug/kernel/arch/i686/vga_text.o
 .comment       0x0000000000000012       0x13 build/i686_debug/kernel/arch/driver/ata.o
 .comment       0x0000000000000012       0x13 build/i686_debug/kernel/arch/driver/fdc.o
 .comment       0x0000000000000012       0x13 build/i686_debug/kernel/arch/driver/key.o
 .comment       0x0000000000000012       0x13 build/i686_debug/kernel/arch/driver/pmm.o
 .comment       0x0000000000000012       0x13 build/i686_debug/kernel/arch/driver/fs/fat.o
 .comment       0x0000000000000012       0x13 build/i686_debug/kernel/arch/driver/fs/mbr.o
 .comment       0x0000000000000012       0x13 /home/notbonzo/toolchain32/i686-elf/lib/gcc/i686-elf/11.2.0/crtend.o
 .comment       0x0000000000000012       0x13 /home/notbonzo/toolchain32/i686-elf/lib/gcc/i686-elf/11.2.0/libgcc.a(_udivdi3.o)
 .comment       0x0000000000000012       0x13 /home/notbonzo/toolchain32/i686-elf/lib/gcc/i686-elf/11.2.0/libgcc.a(_umoddi3.o)

.debug_str      0x0000000000000000     0x1631
 .debug_str     0x0000000000000000      0x1eb build/i686_debug/kernel/_start.o
                                        0x254 (size before relaxing)
 .debug_str     0x00000000000001eb       0x6e build/i686_debug/kernel/debug.o
                                        0x1af (size before relaxing)
 .debug_str     0x0000000000000259       0x3e build/i686_debug/kernel/memory.o
                                        0x129 (size before relaxing)
 .debug_str     0x0000000000000297       0xa5 build/i686_debug/kernel/stdio.o
                                        0x235 (size before relaxing)
 .debug_str     0x000000000000033c       0x4e build/i686_debug/kernel/string.o
                                        0x142 (size before relaxing)
 .debug_str     0x000000000000038a       0x5f build/i686_debug/kernel/shell/shell.o
                                        0x1a5 (size before relaxing)
 .debug_str     0x00000000000003e9       0x8e build/i686_debug/kernel/hal/hal.o
                                        0x229 (size before relaxing)
 .debug_str     0x0000000000000477       0x16 build/i686_debug/kernel/hal/vfs.o
                                        0x12c (size before relaxing)
 .debug_str     0x000000000000048d        0xf build/i686_debug/kernel/arch/i686/e9.o
                                        0x106 (size before relaxing)
 .debug_str     0x000000000000049c      0x269 build/i686_debug/kernel/arch/i686/gdt.o
                                        0x37f (size before relaxing)
 .debug_str     0x0000000000000705      0x1d8 build/i686_debug/kernel/arch/i686/idt.o
                                        0x34e (size before relaxing)
 .debug_str     0x00000000000008dd       0xb6 build/i686_debug/kernel/arch/i686/irq.o
                                        0x254 (size before relaxing)
 .debug_str     0x0000000000000993      0x171 build/i686_debug/kernel/arch/i686/pic.o
                                        0x2dd (size before relaxing)
 .debug_str     0x0000000000000b04       0x8e build/i686_debug/kernel/arch/i686/vga_text.o
                                        0x1bc (size before relaxing)
 .debug_str     0x0000000000000b92       0xa0 build/i686_debug/kernel/arch/driver/ata.o
                                        0x201 (size before relaxing)
 .debug_str     0x0000000000000c32       0x6a build/i686_debug/kernel/arch/driver/fdc.o
                                        0x260 (size before relaxing)
 .debug_str     0x0000000000000c9c       0x72 build/i686_debug/kernel/arch/driver/key.o
                                        0x1fe (size before relaxing)
 .debug_str     0x0000000000000d0e      0x13c build/i686_debug/kernel/arch/driver/pmm.o
                                        0x2bb (size before relaxing)
 .debug_str     0x0000000000000e4a      0x5c6 build/i686_debug/kernel/arch/driver/fs/fat.o
                                        0x7df (size before relaxing)
 .debug_str     0x0000000000001410       0xee build/i686_debug/kernel/arch/driver/fs/mbr.o
                                        0x27e (size before relaxing)
 .debug_str     0x00000000000014fe      0x129 /home/notbonzo/toolchain32/i686-elf/lib/gcc/i686-elf/11.2.0/libgcc.a(_udivdi3.o)
                                        0x1e3 (size before relaxing)
 .debug_str     0x0000000000001627        0xa /home/notbonzo/toolchain32/i686-elf/lib/gcc/i686-elf/11.2.0/libgcc.a(_umoddi3.o)
                                        0x1e3 (size before relaxing)

.debug_line_str
                0x0000000000000000      0x418
 .debug_line_str
                0x0000000000000000      0x112 build/i686_debug/kernel/_start.o
                                        0x154 (size before relaxing)
 .debug_line_str
                0x0000000000000112       0x22 build/i686_debug/kernel/debug.o
                                         0xeb (size before relaxing)
 .debug_line_str
                0x0000000000000134       0x14 build/i686_debug/kernel/memory.o
                                         0xcd (size before relaxing)
 .debug_line_str
                0x0000000000000148       0x1c build/i686_debug/kernel/stdio.o
                                         0xf1 (size before relaxing)
 .debug_line_str
                0x0000000000000164       0x14 build/i686_debug/kernel/string.o
                                         0x7c (size before relaxing)
 .debug_line_str
                0x0000000000000178       0x5f build/i686_debug/kernel/shell/shell.o
                                        0x15e (size before relaxing)
 .debug_line_str
                0x00000000000001d7       0x3f build/i686_debug/kernel/hal/hal.o
                                        0x17f (size before relaxing)
 .debug_line_str
                0x0000000000000216       0x1a build/i686_debug/kernel/hal/vfs.o
                                        0x104 (size before relaxing)
 .debug_line_str
                0x0000000000000230       0x1a build/i686_debug/kernel/arch/i686/e9.o
                                         0xe4 (size before relaxing)
 .debug_line_str
                0x000000000000024a       0x1b build/i686_debug/kernel/arch/i686/gdt.o
                                         0xfc (size before relaxing)
 .debug_line_str
                0x0000000000000265       0x1b build/i686_debug/kernel/arch/i686/idt.o
                                        0x100 (size before relaxing)
 .debug_line_str
                0x0000000000000280       0x21 build/i686_debug/kernel/arch/i686/irq.o
                                        0x10c (size before relaxing)
 .debug_line_str
                0x00000000000002a1       0x1b build/i686_debug/kernel/arch/i686/pic.o
                                         0xe7 (size before relaxing)
 .debug_line_str
                0x00000000000002bc       0x20 build/i686_debug/kernel/arch/i686/vga_text.o
                                         0xf6 (size before relaxing)
 .debug_line_str
                0x00000000000002dc       0x1d build/i686_debug/kernel/arch/driver/ata.o
                                        0x10e (size before relaxing)
 .debug_line_str
                0x00000000000002f9       0x1d build/i686_debug/kernel/arch/driver/fdc.o
                                        0x12f (size before relaxing)
 .debug_line_str
                0x0000000000000316       0x1d build/i686_debug/kernel/arch/driver/key.o
                                        0x10e (size before relaxing)
 .debug_line_str
                0x0000000000000333       0x1d build/i686_debug/kernel/arch/driver/pmm.o
                                        0x12e (size before relaxing)
 .debug_line_str
                0x0000000000000350       0x20 build/i686_debug/kernel/arch/driver/fs/fat.o
                                        0x148 (size before relaxing)
 .debug_line_str
                0x0000000000000370       0x20 build/i686_debug/kernel/arch/driver/fs/mbr.o
                                        0x114 (size before relaxing)
 .debug_line_str
                0x0000000000000390       0x88 /home/notbonzo/toolchain32/i686-elf/lib/gcc/i686-elf/11.2.0/libgcc.a(_udivdi3.o)
                                         0xf5 (size before relaxing)
 .debug_line_str
                0x0000000000000418       0xf5 /home/notbonzo/toolchain32/i686-elf/lib/gcc/i686-elf/11.2.0/libgcc.a(_umoddi3.o)

.debug_rnglists
                0x0000000000000000       0x78
 .debug_rnglists
                0x0000000000000000       0x17 build/i686_debug/kernel/shell/shell.o
 .debug_rnglists
                0x0000000000000017       0x17 build/i686_debug/kernel/arch/driver/fs/fat.o
 .debug_rnglists
                0x000000000000002e       0x2a /home/notbonzo/toolchain32/i686-elf/lib/gcc/i686-elf/11.2.0/libgcc.a(_udivdi3.o)
 .debug_rnglists
                0x0000000000000058       0x20 /home/notbonzo/toolchain32/i686-elf/lib/gcc/i686-elf/11.2.0/libgcc.a(_umoddi3.o)

.debug_loclists
                0x0000000000000000      0x9a0
 .debug_loclists
                0x0000000000000000      0x50b /home/notbonzo/toolchain32/i686-elf/lib/gcc/i686-elf/11.2.0/libgcc.a(_udivdi3.o)
 .debug_loclists
                0x000000000000050b      0x495 /home/notbonzo/toolchain32/i686-elf/lib/gcc/i686-elf/11.2.0/libgcc.a(_umoddi3.o)
