Archive member included to satisfy reference by file (symbol)

/home/notbonzo/toolchain32/i686-elf/lib/gcc/i686-elf/14.1.0/libgcc.a(_udivdi3.o)
                              build/i686_debug/kernel/stdio.o (__udivdi3)
/home/notbonzo/toolchain32/i686-elf/lib/gcc/i686-elf/14.1.0/libgcc.a(_umoddi3.o)
                              build/i686_debug/kernel/stdio.o (__umoddi3)

There are no discarded input sections

Memory Configuration

Name             Origin             Length             Attributes
*default*        0x00000000         0xffffffff

Linker script and memory map

                0x00100000                        phys = 0x100000
                0x00100000                        . = phys
                0x00100000                        __kernel = .

.entry          0x00100000        0x0
                0x00100000                        __entry_start = .
 *(.entry)
                0x00100000                        __entry_end = .

.text           0x00100000     0x38fe
                0x00100000                        __text_start = .
 *(.text)
 .text          0x00100000      0x135 /home/notbonzo/toolchain32/i686-elf/lib/gcc/i686-elf/14.1.0/crtbegin.o
 .text          0x00100135       0xc7 build/i686_debug/kernel/_start.o
                0x00100143                task
                0x0010015b                _start
 .text          0x001001fc       0x71 build/i686_debug/kernel/debug.o
                0x001001fc                logf
 .text          0x0010026d       0xc3 build/i686_debug/kernel/memory.o
                0x0010026d                memcpy
                0x001002ae                memset
                0x001002e1                memcmp
 .text          0x00100330      0x68e build/i686_debug/kernel/stdio.o
                0x00100330                fputc
                0x00100353                fputs
                0x00100385                fprintf_unsigned
                0x0010042c                fprintf_signed
                0x0010048c                vfprintf
                0x00100803                fprintf
                0x00100827                fprint_buffer
                0x001008cc                putc
                0x001008ed                puts
                0x00100906                printf
                0x00100929                print_buffer
                0x00100945                debugc
                0x00100966                debugs
                0x0010097f                debugf
                0x001009a2                debug_buffer
 .text          0x001009be      0x10b build/i686_debug/kernel/string.o
                0x001009be                strchr
                0x001009fc                strcpy
                0x00100a4e                strlen
                0x00100a74                islower
                0x00100a9d                toupper
 .text          0x00100ac9       0x4d build/i686_debug/kernel/hal/hal.o
                0x00100ac9                HAL_Initialize
 .text          0x00100b16       0xa5 build/i686_debug/kernel/hal/vfs.o
                0x00100b16                VFS_Write
 .text          0x00100bbb      0x66b build/i686_debug/kernel/arch/sched.o
                0x00100bc2                kernel_reaper
                0x00100be1                initialize_stack
                0x00100c7d                scheduler_init
                0x00100ce1                create_task
                0x00100d72                delete_task
                0x00100de2                yield
                0x00100f48                schedule
                0x00101202                timer_interrupt_handler
 .text          0x00101226       0x43 build/i686_debug/kernel/arch/i686/e9.o
                0x00101245                e9_putc
 .text          0x00101269      0x1ba build/i686_debug/kernel/arch/i686/gdt.o
                0x00101294                i686_Flush_TSS
                0x001012a1                i686_GDT_Initialize
 .text          0x00101423      0x270 build/i686_debug/kernel/arch/i686/idt.o
                0x00101484                i686_ISR_Handler
                0x001015bf                i686_IDT_SetGate
                0x00101620                i686_IDT_EnableGate
                0x00101640                i686_IDT_DisableGate
                0x00101660                i686_ISR_RegisterHandler
                0x0010167e                i686_IDT_Initialize
 .text          0x00101693       0xd9 build/i686_debug/kernel/arch/i686/irq.o
                0x0010169a                i686_IRQ_Handler
                0x00101712                i686_IRQ_Initialize
                0x00101759                i686_IRQ_RegisterHandler
 .text          0x0010176c      0x299 build/i686_debug/kernel/arch/i686/pic.o
                0x001017bd                i686_PIC_Configure
                0x00101891                i686_PIC_SendEndOfInterrupt
                0x001018b8                i686_PIC_Disable
                0x001018e9                i686_PIC_Mask
                0x0010192d                i686_PIC_Unmask
                0x00101973                i686_PIC_ReadIrqRequestRegister
                0x001019bc                i686_PIC_ReadInServiceRegister
 .text          0x00101a05      0x4d0 build/i686_debug/kernel/arch/i686/vga_text.o
                0x00101a24                VGA_putchr
                0x00101a58                VGA_putcolor
                0x00101a8f                VGA_getchr
                0x00101ab5                VGA_getcolor
                0x00101ade                VGA_setcursor
                0x00101b47                VGA_clrscr
                0x00101bbf                VGA_scrollback
                0x00101c8c                VGA_delchar
                0x00101dc0                VGA_putc
 .text          0x00101ed5      0x2e5 build/i686_debug/kernel/arch/driver/ata.o
                0x00101f48                read_sectors_ATA_PIO
                0x00102055                write_sectors_ATA_PIO
                0x00102199                ata_interrupt_handler
                0x0010219f                ata_init
 .text          0x001021ba      0x358 build/i686_debug/kernel/arch/driver/fdc.o
                0x001021f6                FDC_send_command
                0x00102234                FDC_wait_for_ready
                0x00102291                FDC_reset
                0x0010236c                init_fdc
                0x001023bd                FDC_calibrate_drive
                0x00102454                FDC_read_sector
                0x001024e5                fdc_irq_handler
 .text          0x00102512      0x236 build/i686_debug/kernel/arch/driver/key.o
                0x0010252f                keyboardIRQHandler
                0x00102637                init_keyboard
                0x00102652                getchar
                0x001026a9                getchar_locking
                0x001026fa                gets
 .text          0x00102748      0x4a7 build/i686_debug/kernel/arch/driver/pmm.o
                0x00102758                pmm_init
                0x00102aa1                pmm_claim
                0x00102b80                pmm_free
 *fill*         0x00102bef        0x1 
 .text          0x00102bf0      0xa6a build/i686_debug/kernel/arch/i686/isr.o
                0x00102c1a                i686_ISR0
                0x00102c20                i686_ISR1
                0x00102c26                i686_ISR2
                0x00102c2c                i686_ISR3
                0x00102c32                i686_ISR4
                0x00102c38                i686_ISR5
                0x00102c3e                i686_ISR6
                0x00102c44                i686_ISR7
                0x00102c4a                i686_ISR8
                0x00102c4e                i686_ISR9
                0x00102c54                i686_ISR10
                0x00102c58                i686_ISR11
                0x00102c5c                i686_ISR12
                0x00102c60                i686_ISR13
                0x00102c64                i686_ISR14
                0x00102c68                i686_ISR15
                0x00102c6e                i686_ISR16
                0x00102c77                i686_ISR17
                0x00102c7e                i686_ISR18
                0x00102c87                i686_ISR19
                0x00102c90                i686_ISR20
                0x00102c99                i686_ISR21
                0x00102ca0                i686_ISR22
                0x00102ca9                i686_ISR23
                0x00102cb2                i686_ISR24
                0x00102cbb                i686_ISR25
                0x00102cc4                i686_ISR26
                0x00102ccd                i686_ISR27
                0x00102cd6                i686_ISR28
                0x00102cdf                i686_ISR29
                0x00102ce8                i686_ISR30
                0x00102cf1                i686_ISR31
                0x00102cfa                i686_ISR32
                0x00102d03                i686_ISR33
                0x00102d0c                i686_ISR34
                0x00102d15                i686_ISR35
                0x00102d1e                i686_ISR36
                0x00102d27                i686_ISR37
                0x00102d30                i686_ISR38
                0x00102d39                i686_ISR39
                0x00102d42                i686_ISR40
                0x00102d4b                i686_ISR41
                0x00102d54                i686_ISR42
                0x00102d5d                i686_ISR43
                0x00102d66                i686_ISR44
                0x00102d6f                i686_ISR45
                0x00102d78                i686_ISR46
                0x00102d81                i686_ISR47
                0x00102d8a                i686_ISR48
                0x00102d93                i686_ISR49
                0x00102d9c                i686_ISR50
                0x00102da5                i686_ISR51
                0x00102dae                i686_ISR52
                0x00102db7                i686_ISR53
                0x00102dc0                i686_ISR54
                0x00102dc9                i686_ISR55
                0x00102dd2                i686_ISR56
                0x00102ddb                i686_ISR57
                0x00102de4                i686_ISR58
                0x00102ded                i686_ISR59
                0x00102df6                i686_ISR60
                0x00102dff                i686_ISR61
                0x00102e08                i686_ISR62
                0x00102e11                i686_ISR63
                0x00102e1a                i686_ISR64
                0x00102e23                i686_ISR65
                0x00102e2c                i686_ISR66
                0x00102e35                i686_ISR67
                0x00102e3e                i686_ISR68
                0x00102e47                i686_ISR69
                0x00102e50                i686_ISR70
                0x00102e59                i686_ISR71
                0x00102e62                i686_ISR72
                0x00102e6b                i686_ISR73
                0x00102e74                i686_ISR74
                0x00102e7d                i686_ISR75
                0x00102e86                i686_ISR76
                0x00102e8f                i686_ISR77
                0x00102e98                i686_ISR78
                0x00102ea1                i686_ISR79
                0x00102eaa                i686_ISR80
                0x00102eb3                i686_ISR81
                0x00102ebc                i686_ISR82
                0x00102ec5                i686_ISR83
                0x00102ece                i686_ISR84
                0x00102ed7                i686_ISR85
                0x00102ee0                i686_ISR86
                0x00102ee9                i686_ISR87
                0x00102ef2                i686_ISR88
                0x00102efb                i686_ISR89
                0x00102f04                i686_ISR90
                0x00102f0d                i686_ISR91
                0x00102f16                i686_ISR92
                0x00102f1f                i686_ISR93
                0x00102f28                i686_ISR94
                0x00102f31                i686_ISR95
                0x00102f3a                i686_ISR96
                0x00102f43                i686_ISR97
                0x00102f4c                i686_ISR98
                0x00102f55                i686_ISR99
                0x00102f5e                i686_ISR100
                0x00102f67                i686_ISR101
                0x00102f70                i686_ISR102
                0x00102f79                i686_ISR103
                0x00102f82                i686_ISR104
                0x00102f8b                i686_ISR105
                0x00102f94                i686_ISR106
                0x00102f9d                i686_ISR107
                0x00102fa6                i686_ISR108
                0x00102faf                i686_ISR109
                0x00102fb8                i686_ISR110
                0x00102fc1                i686_ISR111
                0x00102fca                i686_ISR112
                0x00102fd3                i686_ISR113
                0x00102fdc                i686_ISR114
                0x00102fe5                i686_ISR115
                0x00102fee                i686_ISR116
                0x00102ff7                i686_ISR117
                0x00103000                i686_ISR118
                0x00103009                i686_ISR119
                0x00103012                i686_ISR120
                0x0010301b                i686_ISR121
                0x00103024                i686_ISR122
                0x0010302d                i686_ISR123
                0x00103036                i686_ISR124
                0x0010303f                i686_ISR125
                0x00103048                i686_ISR126
                0x00103051                i686_ISR127
                0x0010305a                i686_ISR128
                0x00103066                i686_ISR129
                0x00103072                i686_ISR130
                0x0010307e                i686_ISR131
                0x0010308a                i686_ISR132
                0x00103096                i686_ISR133
                0x001030a2                i686_ISR134
                0x001030ae                i686_ISR135
                0x001030ba                i686_ISR136
                0x001030c6                i686_ISR137
                0x001030d2                i686_ISR138
                0x001030de                i686_ISR139
                0x001030ea                i686_ISR140
                0x001030f6                i686_ISR141
                0x00103102                i686_ISR142
                0x0010310e                i686_ISR143
                0x0010311a                i686_ISR144
                0x00103126                i686_ISR145
                0x00103132                i686_ISR146
                0x0010313e                i686_ISR147
                0x0010314a                i686_ISR148
                0x00103156                i686_ISR149
                0x00103162                i686_ISR150
                0x0010316e                i686_ISR151
                0x0010317a                i686_ISR152
                0x00103186                i686_ISR153
                0x00103192                i686_ISR154
                0x0010319e                i686_ISR155
                0x001031aa                i686_ISR156
                0x001031b6                i686_ISR157
                0x001031c2                i686_ISR158
                0x001031ce                i686_ISR159
                0x001031da                i686_ISR160
                0x001031e6                i686_ISR161
                0x001031f2                i686_ISR162
                0x001031fe                i686_ISR163
                0x0010320a                i686_ISR164
                0x00103216                i686_ISR165
                0x00103222                i686_ISR166
                0x0010322e                i686_ISR167
                0x0010323a                i686_ISR168
                0x00103246                i686_ISR169
                0x00103252                i686_ISR170
                0x0010325e                i686_ISR171
                0x0010326a                i686_ISR172
                0x00103276                i686_ISR173
                0x00103282                i686_ISR174
                0x0010328e                i686_ISR175
                0x0010329a                i686_ISR176
                0x001032a6                i686_ISR177
                0x001032b2                i686_ISR178
                0x001032be                i686_ISR179
                0x001032ca                i686_ISR180
                0x001032d6                i686_ISR181
                0x001032e2                i686_ISR182
                0x001032ee                i686_ISR183
                0x001032fa                i686_ISR184
                0x00103306                i686_ISR185
                0x00103312                i686_ISR186
                0x0010331e                i686_ISR187
                0x0010332a                i686_ISR188
                0x00103336                i686_ISR189
                0x00103342                i686_ISR190
                0x0010334e                i686_ISR191
                0x0010335a                i686_ISR192
                0x00103366                i686_ISR193
                0x00103372                i686_ISR194
                0x0010337e                i686_ISR195
                0x0010338a                i686_ISR196
                0x00103396                i686_ISR197
                0x001033a2                i686_ISR198
                0x001033ae                i686_ISR199
                0x001033ba                i686_ISR200
                0x001033c6                i686_ISR201
                0x001033d2                i686_ISR202
                0x001033de                i686_ISR203
                0x001033ea                i686_ISR204
                0x001033f6                i686_ISR205
                0x00103402                i686_ISR206
                0x0010340e                i686_ISR207
                0x0010341a                i686_ISR208
                0x00103426                i686_ISR209
                0x00103432                i686_ISR210
                0x0010343e                i686_ISR211
                0x0010344a                i686_ISR212
                0x00103456                i686_ISR213
                0x00103462                i686_ISR214
                0x0010346e                i686_ISR215
                0x0010347a                i686_ISR216
                0x00103486                i686_ISR217
                0x00103492                i686_ISR218
                0x0010349e                i686_ISR219
                0x001034aa                i686_ISR220
                0x001034b6                i686_ISR221
                0x001034c2                i686_ISR222
                0x001034ce                i686_ISR223
                0x001034da                i686_ISR224
                0x001034e6                i686_ISR225
                0x001034f2                i686_ISR226
                0x001034fe                i686_ISR227
                0x0010350a                i686_ISR228
                0x00103516                i686_ISR229
                0x00103522                i686_ISR230
                0x0010352e                i686_ISR231
                0x0010353a                i686_ISR232
                0x00103546                i686_ISR233
                0x00103552                i686_ISR234
                0x0010355e                i686_ISR235
                0x0010356a                i686_ISR236
                0x00103576                i686_ISR237
                0x00103582                i686_ISR238
                0x0010358e                i686_ISR239
                0x0010359a                i686_ISR240
                0x001035a6                i686_ISR241
                0x001035b2                i686_ISR242
                0x001035be                i686_ISR243
                0x001035ca                i686_ISR244
                0x001035d6                i686_ISR245
                0x001035e2                i686_ISR246
                0x001035ee                i686_ISR247
                0x001035fa                i686_ISR248
                0x00103606                i686_ISR249
                0x00103612                i686_ISR250
                0x0010361e                i686_ISR251
                0x0010362a                i686_ISR252
                0x00103636                i686_ISR253
                0x00103642                i686_ISR254
                0x0010364e                i686_ISR255
 *fill*         0x0010365a        0x6 
 .text          0x00103660       0x39 /home/notbonzo/toolchain32/i686-elf/lib/gcc/i686-elf/14.1.0/crtend.o
 *fill*         0x00103699        0x7 
 .text          0x001036a0      0x11a /home/notbonzo/toolchain32/i686-elf/lib/gcc/i686-elf/14.1.0/libgcc.a(_udivdi3.o)
                0x001036a0                __udivdi3
 *fill*         0x001037ba        0x6 
 .text          0x001037c0      0x13e /home/notbonzo/toolchain32/i686-elf/lib/gcc/i686-elf/14.1.0/libgcc.a(_umoddi3.o)
                0x001037c0                __umoddi3
                0x001038fe                        __text_end = .

.init           0x001038fe        0xf
 .init          0x001038fe        0x3 build/i686_debug/kernel/crti.o
                0x001038fe                _init
 .init          0x00103901        0x5 /home/notbonzo/toolchain32/i686-elf/lib/gcc/i686-elf/14.1.0/crtbegin.o
 .init          0x00103906        0x5 /home/notbonzo/toolchain32/i686-elf/lib/gcc/i686-elf/14.1.0/crtend.o
 .init          0x0010390b        0x2 build/i686_debug/kernel/crtn.o

.fini           0x0010390d        0xa
 .fini          0x0010390d        0x3 build/i686_debug/kernel/crti.o
                0x0010390d                _fini
 .fini          0x00103910        0x5 /home/notbonzo/toolchain32/i686-elf/lib/gcc/i686-elf/14.1.0/crtbegin.o
 .fini          0x00103915        0x2 build/i686_debug/kernel/crtn.o

.iplt           0x00103917        0x0
 .iplt          0x00103917        0x0 build/i686_debug/kernel/crti.o

.rodata         0x00103920      0x684
                0x00103920                        __rodata_start = .
 *(.rodata)
 .rodata        0x00103920       0x1b build/i686_debug/kernel/_start.o
 *fill*         0x0010393b        0x1 
 .rodata        0x0010393c       0x52 build/i686_debug/kernel/debug.o
 *fill*         0x0010398e        0x2 
 .rodata        0x00103990       0xc2 build/i686_debug/kernel/stdio.o
                0x00103990                g_HexChars
 .rodata        0x00103a52       0x22 build/i686_debug/kernel/arch/sched.o
 *fill*         0x00103a74        0xc 
 .rodata        0x00103a80      0x34f build/i686_debug/kernel/arch/i686/idt.o
 *fill*         0x00103dcf        0x1 
 .rodata        0x00103dd0       0x25 build/i686_debug/kernel/arch/i686/irq.o
 *fill*         0x00103df5        0x3 
 .rodata        0x00103df8       0xe5 build/i686_debug/kernel/arch/driver/fdc.o
 .rodata        0x00103edd       0xc7 build/i686_debug/kernel/arch/driver/key.o
                0x00103fa4                        __rodata_end = .

.eh_frame       0x00103fa4       0xc0
 .eh_frame      0x00103fa4        0x0 /home/notbonzo/toolchain32/i686-elf/lib/gcc/i686-elf/14.1.0/crtbegin.o
 .eh_frame      0x00103fa4        0x0 /home/notbonzo/toolchain32/i686-elf/lib/gcc/i686-elf/14.1.0/crtend.o
                                  0x4 (size before relaxing)
 .eh_frame      0x00103fa4       0x64 /home/notbonzo/toolchain32/i686-elf/lib/gcc/i686-elf/14.1.0/libgcc.a(_udivdi3.o)
 .eh_frame      0x00104008       0x5c /home/notbonzo/toolchain32/i686-elf/lib/gcc/i686-elf/14.1.0/libgcc.a(_umoddi3.o)
                                 0x74 (size before relaxing)

.rel.dyn        0x00104064        0x0
 .rel.got       0x00104064        0x0 build/i686_debug/kernel/crti.o
 .rel.iplt      0x00104064        0x0 build/i686_debug/kernel/crti.o
 .rel.text      0x00104064        0x0 build/i686_debug/kernel/crti.o

.data           0x00104080      0xc20
                0x00104080                        __data_start = .
 *(.data)
 .data          0x00104080        0x4 /home/notbonzo/toolchain32/i686-elf/lib/gcc/i686-elf/14.1.0/crtbegin.o
                0x00104080                __dso_handle
 .data          0x00104084        0x0 build/i686_debug/kernel/_start.o
 .data          0x00104084        0x0 build/i686_debug/kernel/debug.o
 .data          0x00104084        0x0 build/i686_debug/kernel/memory.o
 .data          0x00104084        0x0 build/i686_debug/kernel/stdio.o
 .data          0x00104084        0x0 build/i686_debug/kernel/string.o
 .data          0x00104084        0x0 build/i686_debug/kernel/hal/hal.o
 .data          0x00104084        0x0 build/i686_debug/kernel/hal/vfs.o
 .data          0x00104084        0x0 build/i686_debug/kernel/arch/sched.o
 .data          0x00104084        0x0 build/i686_debug/kernel/arch/i686/e9.o
 .data          0x00104084        0x0 build/i686_debug/kernel/arch/i686/gdt.o
 .data          0x00104084        0x6 build/i686_debug/kernel/arch/i686/idt.o
                0x00104084                g_IDTDescriptor
 .data          0x0010408a        0x0 build/i686_debug/kernel/arch/i686/irq.o
 .data          0x0010408a        0x0 build/i686_debug/kernel/arch/i686/pic.o
 *fill*         0x0010408a        0x2 
 .data          0x0010408c        0x4 build/i686_debug/kernel/arch/i686/vga_text.o
                0x0010408c                g_ScreenBuffer
 .data          0x00104090        0x0 build/i686_debug/kernel/arch/driver/ata.o
 .data          0x00104090        0x0 build/i686_debug/kernel/arch/driver/fdc.o
 *fill*         0x00104090       0x10 
 .data          0x001040a0      0x800 build/i686_debug/kernel/arch/driver/key.o
                0x001040a0                scancodeToASCII
                0x001044a0                scancodeToASCII_shift
 .data          0x001048a0        0x0 build/i686_debug/kernel/arch/driver/pmm.o
 .data          0x001048a0      0x400 build/i686_debug/kernel/arch/i686/isr.o
                0x001048a0                isr_table
 .data          0x00104ca0        0x0 /home/notbonzo/toolchain32/i686-elf/lib/gcc/i686-elf/14.1.0/crtend.o
 .data          0x00104ca0        0x0 /home/notbonzo/toolchain32/i686-elf/lib/gcc/i686-elf/14.1.0/libgcc.a(_udivdi3.o)
 .data          0x00104ca0        0x0 /home/notbonzo/toolchain32/i686-elf/lib/gcc/i686-elf/14.1.0/libgcc.a(_umoddi3.o)
                0x00104ca0                        __data_end = .

.got            0x00104ca0        0x0
 .got           0x00104ca0        0x0 build/i686_debug/kernel/crti.o

.got.plt        0x00104ca0        0x0
 .got.plt       0x00104ca0        0x0 build/i686_debug/kernel/crti.o

.igot.plt       0x00104ca0        0x0
 .igot.plt      0x00104ca0        0x0 build/i686_debug/kernel/crti.o

.ctors          0x00104ca0        0x8
 .ctors         0x00104ca0        0x4 /home/notbonzo/toolchain32/i686-elf/lib/gcc/i686-elf/14.1.0/crtbegin.o
 .ctors         0x00104ca4        0x4 /home/notbonzo/toolchain32/i686-elf/lib/gcc/i686-elf/14.1.0/crtend.o

.dtors          0x00104ca8        0x8
 .dtors         0x00104ca8        0x4 /home/notbonzo/toolchain32/i686-elf/lib/gcc/i686-elf/14.1.0/crtbegin.o
 .dtors         0x00104cac        0x4 /home/notbonzo/toolchain32/i686-elf/lib/gcc/i686-elf/14.1.0/crtend.o
                0x00104cac                __DTOR_END__

.tm_clone_table
                0x00104cb0        0x0
 .tm_clone_table
                0x00104cb0        0x0 /home/notbonzo/toolchain32/i686-elf/lib/gcc/i686-elf/14.1.0/crtbegin.o
 .tm_clone_table
                0x00104cb0        0x0 /home/notbonzo/toolchain32/i686-elf/lib/gcc/i686-elf/14.1.0/crtend.o

.bss            0x00104cc0    0x423b0
                0x00104cc0                        __bss_start = .
 *(.bss)
 .bss           0x00104cc0       0x20 /home/notbonzo/toolchain32/i686-elf/lib/gcc/i686-elf/14.1.0/crtbegin.o
 .bss           0x00104ce0        0x0 build/i686_debug/kernel/_start.o
 .bss           0x00104ce0        0x0 build/i686_debug/kernel/debug.o
 .bss           0x00104ce0        0x0 build/i686_debug/kernel/memory.o
 .bss           0x00104ce0        0x0 build/i686_debug/kernel/stdio.o
 .bss           0x00104ce0        0x0 build/i686_debug/kernel/string.o
 .bss           0x00104ce0        0x0 build/i686_debug/kernel/hal/hal.o
 .bss           0x00104ce0        0x0 build/i686_debug/kernel/hal/vfs.o
 .bss           0x00104ce0    0x41408 build/i686_debug/kernel/arch/sched.o
                0x00104ce0                task_stacks
                0x00144ce0                scheduler
 .bss           0x001460e8        0x0 build/i686_debug/kernel/arch/i686/e9.o
 *fill*         0x001460e8       0x18 
 .bss           0x00146100       0xc8 build/i686_debug/kernel/arch/i686/gdt.o
                0x00146100                g_GDTDescriptor
                0x00146120                g_GDT
                0x00146160                g_TSS
 *fill*         0x001461c8       0x18 
 .bss           0x001461e0      0xc00 build/i686_debug/kernel/arch/i686/idt.o
                0x001461e0                g_IDT
                0x001469e0                g_ISRHandlers
 .bss           0x00146de0       0x40 build/i686_debug/kernel/arch/i686/irq.o
                0x00146de0                g_IRQHandlers
 .bss           0x00146e20        0xc build/i686_debug/kernel/arch/i686/pic.o
                0x00146e20                PIC_ICW1
                0x00146e24                PIC_ICW4
                0x00146e28                PIC_CMD
 .bss           0x00146e2c        0x8 build/i686_debug/kernel/arch/i686/vga_text.o
                0x00146e2c                g_ScreenX
                0x00146e30                g_ScreenY
 .bss           0x00146e34        0x0 build/i686_debug/kernel/arch/driver/ata.o
 .bss           0x00146e34        0x0 build/i686_debug/kernel/arch/driver/fdc.o
 *fill*         0x00146e34        0xc 
 .bss           0x00146e40      0x220 build/i686_debug/kernel/arch/driver/key.o
                0x00146e40                buffer
                0x00146f40                index
                0x00146f44                count
                0x00146f48                shift_pressed
                0x00146f4c                ctrl_pressed
 .bss           0x00147060       0x10 build/i686_debug/kernel/arch/driver/pmm.o
 .bss           0x00147070        0x0 /home/notbonzo/toolchain32/i686-elf/lib/gcc/i686-elf/14.1.0/crtend.o
 .bss           0x00147070        0x0 /home/notbonzo/toolchain32/i686-elf/lib/gcc/i686-elf/14.1.0/libgcc.a(_udivdi3.o)
 .bss           0x00147070        0x0 /home/notbonzo/toolchain32/i686-elf/lib/gcc/i686-elf/14.1.0/libgcc.a(_umoddi3.o)
                0x00147070                        __bss_end = .
                0x00147070                        __end = .
LOAD build/i686_debug/kernel/crti.o
LOAD /home/notbonzo/toolchain32/i686-elf/lib/gcc/i686-elf/14.1.0/crtbegin.o
LOAD build/i686_debug/kernel/_start.o
LOAD build/i686_debug/kernel/debug.o
LOAD build/i686_debug/kernel/memory.o
LOAD build/i686_debug/kernel/stdio.o
LOAD build/i686_debug/kernel/string.o
LOAD build/i686_debug/kernel/hal/hal.o
LOAD build/i686_debug/kernel/hal/vfs.o
LOAD build/i686_debug/kernel/arch/sched.o
LOAD build/i686_debug/kernel/arch/i686/e9.o
LOAD build/i686_debug/kernel/arch/i686/gdt.o
LOAD build/i686_debug/kernel/arch/i686/idt.o
LOAD build/i686_debug/kernel/arch/i686/irq.o
LOAD build/i686_debug/kernel/arch/i686/pic.o
LOAD build/i686_debug/kernel/arch/i686/vga_text.o
LOAD build/i686_debug/kernel/arch/driver/ata.o
LOAD build/i686_debug/kernel/arch/driver/fdc.o
LOAD build/i686_debug/kernel/arch/driver/key.o
LOAD build/i686_debug/kernel/arch/driver/pmm.o
LOAD build/i686_debug/kernel/arch/i686/isr.o
LOAD build/i686_debug/libs/core/libcore.o
LOAD /home/notbonzo/toolchain32/i686-elf/lib/gcc/i686-elf/14.1.0/crtend.o
LOAD build/i686_debug/kernel/crtn.o
LOAD /home/notbonzo/toolchain32/i686-elf/lib/gcc/i686-elf/14.1.0/libgcc.a
OUTPUT(build/i686_debug/kernel/kernel.elf elf32-i386)

.debug_aranges  0x00000000      0x2a0
 .debug_aranges
                0x00000000        0x0 build/i686_debug/kernel/crti.o
 .debug_aranges
                0x00000000       0x20 build/i686_debug/kernel/_start.o
 .debug_aranges
                0x00000020       0x20 build/i686_debug/kernel/debug.o
 .debug_aranges
                0x00000040       0x20 build/i686_debug/kernel/memory.o
 .debug_aranges
                0x00000060       0x20 build/i686_debug/kernel/stdio.o
 .debug_aranges
                0x00000080       0x20 build/i686_debug/kernel/string.o
 .debug_aranges
                0x000000a0       0x20 build/i686_debug/kernel/hal/hal.o
 .debug_aranges
                0x000000c0       0x20 build/i686_debug/kernel/hal/vfs.o
 .debug_aranges
                0x000000e0       0x20 build/i686_debug/kernel/arch/sched.o
 .debug_aranges
                0x00000100       0x20 build/i686_debug/kernel/arch/i686/e9.o
 .debug_aranges
                0x00000120       0x20 build/i686_debug/kernel/arch/i686/gdt.o
 .debug_aranges
                0x00000140       0x20 build/i686_debug/kernel/arch/i686/idt.o
 .debug_aranges
                0x00000160       0x20 build/i686_debug/kernel/arch/i686/irq.o
 .debug_aranges
                0x00000180       0x20 build/i686_debug/kernel/arch/i686/pic.o
 .debug_aranges
                0x000001a0       0x20 build/i686_debug/kernel/arch/i686/vga_text.o
 .debug_aranges
                0x000001c0       0x20 build/i686_debug/kernel/arch/driver/ata.o
 .debug_aranges
                0x000001e0       0x20 build/i686_debug/kernel/arch/driver/fdc.o
 .debug_aranges
                0x00000200       0x20 build/i686_debug/kernel/arch/driver/key.o
 .debug_aranges
                0x00000220       0x20 build/i686_debug/kernel/arch/driver/pmm.o
 .debug_aranges
                0x00000240       0x20 build/i686_debug/kernel/arch/i686/isr.o
 .debug_aranges
                0x00000260        0x0 build/i686_debug/kernel/crtn.o
 .debug_aranges
                0x00000260       0x20 /home/notbonzo/toolchain32/i686-elf/lib/gcc/i686-elf/14.1.0/libgcc.a(_udivdi3.o)
 .debug_aranges
                0x00000280       0x20 /home/notbonzo/toolchain32/i686-elf/lib/gcc/i686-elf/14.1.0/libgcc.a(_umoddi3.o)

.debug_pubnames
                0x00000000        0x0
 .debug_pubnames
                0x00000000        0x0 build/i686_debug/kernel/crti.o
 .debug_pubnames
                0x00000000        0x0 build/i686_debug/kernel/arch/i686/isr.o
 .debug_pubnames
                0x00000000        0x0 build/i686_debug/kernel/crtn.o

.debug_info     0x00000000     0x3e7a
 .debug_info    0x00000000        0x0 build/i686_debug/kernel/crti.o
 .debug_info    0x00000000      0x2d3 build/i686_debug/kernel/_start.o
 .debug_info    0x000002d3      0x1d5 build/i686_debug/kernel/debug.o
 .debug_info    0x000004a8      0x1e8 build/i686_debug/kernel/memory.o
 .debug_info    0x00000690      0x52a build/i686_debug/kernel/stdio.o
 .debug_info    0x00000bba      0x198 build/i686_debug/kernel/string.o
 .debug_info    0x00000d52      0x1ab build/i686_debug/kernel/hal/hal.o
 .debug_info    0x00000efd      0x13e build/i686_debug/kernel/hal/vfs.o
 .debug_info    0x0000103b      0x55a build/i686_debug/kernel/arch/sched.o
 .debug_info    0x00001595       0xdb build/i686_debug/kernel/arch/i686/e9.o
 .debug_info    0x00001670      0x40f build/i686_debug/kernel/arch/i686/gdt.o
 .debug_info    0x00001a7f      0x46e build/i686_debug/kernel/arch/i686/idt.o
 .debug_info    0x00001eed      0x2f1 build/i686_debug/kernel/arch/i686/irq.o
 .debug_info    0x000021de      0x294 build/i686_debug/kernel/arch/i686/pic.o
 .debug_info    0x00002472      0x373 build/i686_debug/kernel/arch/i686/vga_text.o
 .debug_info    0x000027e5      0x3ca build/i686_debug/kernel/arch/driver/ata.o
 .debug_info    0x00002baf      0x419 build/i686_debug/kernel/arch/driver/fdc.o
 .debug_info    0x00002fc8      0x385 build/i686_debug/kernel/arch/driver/key.o
 .debug_info    0x0000334d      0x454 build/i686_debug/kernel/arch/driver/pmm.o
 .debug_info    0x000037a1       0x4e build/i686_debug/kernel/arch/i686/isr.o
 .debug_info    0x000037ef        0x0 build/i686_debug/kernel/crtn.o
 .debug_info    0x000037ef      0x33a /home/notbonzo/toolchain32/i686-elf/lib/gcc/i686-elf/14.1.0/libgcc.a(_udivdi3.o)
 .debug_info    0x00003b29      0x351 /home/notbonzo/toolchain32/i686-elf/lib/gcc/i686-elf/14.1.0/libgcc.a(_umoddi3.o)

.debug_abbrev   0x00000000     0x1a48
 .debug_abbrev  0x00000000        0x0 build/i686_debug/kernel/crti.o
 .debug_abbrev  0x00000000      0x186 build/i686_debug/kernel/_start.o
 .debug_abbrev  0x00000186       0xf4 build/i686_debug/kernel/debug.o
 .debug_abbrev  0x0000027a       0xe2 build/i686_debug/kernel/memory.o
 .debug_abbrev  0x0000035c      0x18a build/i686_debug/kernel/stdio.o
 .debug_abbrev  0x000004e6       0xc5 build/i686_debug/kernel/string.o
 .debug_abbrev  0x000005ab       0xbf build/i686_debug/kernel/hal/hal.o
 .debug_abbrev  0x0000066a       0xb6 build/i686_debug/kernel/hal/vfs.o
 .debug_abbrev  0x00000720      0x25c build/i686_debug/kernel/arch/sched.o
 .debug_abbrev  0x0000097c       0x90 build/i686_debug/kernel/arch/i686/e9.o
 .debug_abbrev  0x00000a0c      0x14c build/i686_debug/kernel/arch/i686/gdt.o
 .debug_abbrev  0x00000b58      0x1c6 build/i686_debug/kernel/arch/i686/idt.o
 .debug_abbrev  0x00000d1e      0x184 build/i686_debug/kernel/arch/i686/irq.o
 .debug_abbrev  0x00000ea2      0x152 build/i686_debug/kernel/arch/i686/pic.o
 .debug_abbrev  0x00000ff4      0x122 build/i686_debug/kernel/arch/i686/vga_text.o
 .debug_abbrev  0x00001116      0x1aa build/i686_debug/kernel/arch/driver/ata.o
 .debug_abbrev  0x000012c0      0x1b1 build/i686_debug/kernel/arch/driver/fdc.o
 .debug_abbrev  0x00001471      0x196 build/i686_debug/kernel/arch/driver/key.o
 .debug_abbrev  0x00001607      0x15a build/i686_debug/kernel/arch/driver/pmm.o
 .debug_abbrev  0x00001761       0x1b build/i686_debug/kernel/arch/i686/isr.o
 .debug_abbrev  0x0000177c        0x0 build/i686_debug/kernel/crtn.o
 .debug_abbrev  0x0000177c      0x15b /home/notbonzo/toolchain32/i686-elf/lib/gcc/i686-elf/14.1.0/libgcc.a(_udivdi3.o)
 .debug_abbrev  0x000018d7      0x171 /home/notbonzo/toolchain32/i686-elf/lib/gcc/i686-elf/14.1.0/libgcc.a(_umoddi3.o)

.debug_line     0x00000000     0x1ed5
 .debug_line    0x00000000        0x0 build/i686_debug/kernel/crti.o
 .debug_line    0x00000000       0xd6 build/i686_debug/kernel/_start.o
 .debug_line    0x000000d6       0x7a build/i686_debug/kernel/debug.o
 .debug_line    0x00000150       0xd0 build/i686_debug/kernel/memory.o
 .debug_line    0x00000220      0x2ab build/i686_debug/kernel/stdio.o
 .debug_line    0x000004cb       0xd8 build/i686_debug/kernel/string.o
 .debug_line    0x000005a3       0xad build/i686_debug/kernel/hal/hal.o
 .debug_line    0x00000650       0xb0 build/i686_debug/kernel/hal/vfs.o
 .debug_line    0x00000700      0x32e build/i686_debug/kernel/arch/sched.o
 .debug_line    0x00000a2e       0x6a build/i686_debug/kernel/arch/i686/e9.o
 .debug_line    0x00000a98       0xc9 build/i686_debug/kernel/arch/i686/gdt.o
 .debug_line    0x00000b61      0x110 build/i686_debug/kernel/arch/i686/idt.o
 .debug_line    0x00000c71       0xdc build/i686_debug/kernel/arch/i686/irq.o
 .debug_line    0x00000d4d      0x116 build/i686_debug/kernel/arch/i686/pic.o
 .debug_line    0x00000e63      0x275 build/i686_debug/kernel/arch/i686/vga_text.o
 .debug_line    0x000010d8      0x19e build/i686_debug/kernel/arch/driver/ata.o
 .debug_line    0x00001276      0x1b3 build/i686_debug/kernel/arch/driver/fdc.o
 .debug_line    0x00001429      0x165 build/i686_debug/kernel/arch/driver/key.o
 .debug_line    0x0000158e      0x284 build/i686_debug/kernel/arch/driver/pmm.o
 .debug_line    0x00001812      0x36b build/i686_debug/kernel/arch/i686/isr.o
 .debug_line    0x00001b7d        0x0 build/i686_debug/kernel/crtn.o
 .debug_line    0x00001b7d      0x180 /home/notbonzo/toolchain32/i686-elf/lib/gcc/i686-elf/14.1.0/libgcc.a(_udivdi3.o)
 .debug_line    0x00001cfd      0x1d8 /home/notbonzo/toolchain32/i686-elf/lib/gcc/i686-elf/14.1.0/libgcc.a(_umoddi3.o)

.debug_frame    0x00000000      0xea0
 .debug_frame   0x00000000        0x0 build/i686_debug/kernel/crti.o
 .debug_frame   0x00000000       0x84 build/i686_debug/kernel/_start.o
 .debug_frame   0x00000084       0x34 build/i686_debug/kernel/debug.o
 .debug_frame   0x000000b8       0x74 build/i686_debug/kernel/memory.o
 .debug_frame   0x0000012c      0x1f8 build/i686_debug/kernel/stdio.o
 .debug_frame   0x00000324       0xb4 build/i686_debug/kernel/string.o
 .debug_frame   0x000003d8       0x34 build/i686_debug/kernel/hal/hal.o
 .debug_frame   0x0000040c       0x34 build/i686_debug/kernel/hal/vfs.o
 .debug_frame   0x00000440      0x12c build/i686_debug/kernel/arch/sched.o
 .debug_frame   0x0000056c       0x54 build/i686_debug/kernel/arch/i686/e9.o
 .debug_frame   0x000005c0       0x74 build/i686_debug/kernel/arch/i686/gdt.o
 .debug_frame   0x00000634      0x120 build/i686_debug/kernel/arch/i686/idt.o
 .debug_frame   0x00000754       0x94 build/i686_debug/kernel/arch/i686/irq.o
 .debug_frame   0x000007e8      0x15c build/i686_debug/kernel/arch/i686/pic.o
 .debug_frame   0x00000944      0x154 build/i686_debug/kernel/arch/i686/vga_text.o
 .debug_frame   0x00000a98      0x158 build/i686_debug/kernel/arch/driver/ata.o
 .debug_frame   0x00000bf0      0x138 build/i686_debug/kernel/arch/driver/fdc.o
 .debug_frame   0x00000d28       0xd4 build/i686_debug/kernel/arch/driver/key.o
 .debug_frame   0x00000dfc       0xa4 build/i686_debug/kernel/arch/driver/pmm.o
 .debug_frame   0x00000ea0        0x0 build/i686_debug/kernel/arch/i686/isr.o
 .debug_frame   0x00000ea0        0x0 build/i686_debug/kernel/crtn.o

.debug_loc      0x00000000        0x0
 .debug_loc     0x00000000        0x0 build/i686_debug/kernel/crti.o
 .debug_loc     0x00000000        0x0 build/i686_debug/kernel/arch/i686/isr.o
 .debug_loc     0x00000000        0x0 build/i686_debug/kernel/crtn.o

.comment        0x00000000       0x12
 .comment       0x00000000       0x12 /home/notbonzo/toolchain32/i686-elf/lib/gcc/i686-elf/14.1.0/crtbegin.o
                                 0x13 (size before relaxing)
 .comment       0x00000012       0x13 build/i686_debug/kernel/_start.o
 .comment       0x00000012       0x13 build/i686_debug/kernel/debug.o
 .comment       0x00000012       0x13 build/i686_debug/kernel/memory.o
 .comment       0x00000012       0x13 build/i686_debug/kernel/stdio.o
 .comment       0x00000012       0x13 build/i686_debug/kernel/string.o
 .comment       0x00000012       0x13 build/i686_debug/kernel/hal/hal.o
 .comment       0x00000012       0x13 build/i686_debug/kernel/hal/vfs.o
 .comment       0x00000012       0x13 build/i686_debug/kernel/arch/sched.o
 .comment       0x00000012       0x13 build/i686_debug/kernel/arch/i686/e9.o
 .comment       0x00000012       0x13 build/i686_debug/kernel/arch/i686/gdt.o
 .comment       0x00000012       0x13 build/i686_debug/kernel/arch/i686/idt.o
 .comment       0x00000012       0x13 build/i686_debug/kernel/arch/i686/irq.o
 .comment       0x00000012       0x13 build/i686_debug/kernel/arch/i686/pic.o
 .comment       0x00000012       0x13 build/i686_debug/kernel/arch/i686/vga_text.o
 .comment       0x00000012       0x13 build/i686_debug/kernel/arch/driver/ata.o
 .comment       0x00000012       0x13 build/i686_debug/kernel/arch/driver/fdc.o
 .comment       0x00000012       0x13 build/i686_debug/kernel/arch/driver/key.o
 .comment       0x00000012       0x13 build/i686_debug/kernel/arch/driver/pmm.o
 .comment       0x00000012       0x13 /home/notbonzo/toolchain32/i686-elf/lib/gcc/i686-elf/14.1.0/crtend.o
 .comment       0x00000012       0x13 /home/notbonzo/toolchain32/i686-elf/lib/gcc/i686-elf/14.1.0/libgcc.a(_udivdi3.o)
 .comment       0x00000012       0x13 /home/notbonzo/toolchain32/i686-elf/lib/gcc/i686-elf/14.1.0/libgcc.a(_umoddi3.o)

.debug_str      0x00000000     0x1029
 .debug_str     0x00000000     0x1029 build/i686_debug/kernel/_start.o
                                0x267 (size before relaxing)
 .debug_str     0x00001029      0x1af build/i686_debug/kernel/debug.o
 .debug_str     0x00001029      0x129 build/i686_debug/kernel/memory.o
 .debug_str     0x00001029      0x235 build/i686_debug/kernel/stdio.o
 .debug_str     0x00001029      0x121 build/i686_debug/kernel/string.o
 .debug_str     0x00001029      0x1ee build/i686_debug/kernel/hal/hal.o
 .debug_str     0x00001029      0x12c build/i686_debug/kernel/hal/vfs.o
 .debug_str     0x00001029      0x358 build/i686_debug/kernel/arch/sched.o
 .debug_str     0x00001029      0x106 build/i686_debug/kernel/arch/i686/e9.o
 .debug_str     0x00001029      0x37f build/i686_debug/kernel/arch/i686/gdt.o
 .debug_str     0x00001029      0x34e build/i686_debug/kernel/arch/i686/idt.o
 .debug_str     0x00001029      0x254 build/i686_debug/kernel/arch/i686/irq.o
 .debug_str     0x00001029      0x2dd build/i686_debug/kernel/arch/i686/pic.o
 .debug_str     0x00001029      0x1bc build/i686_debug/kernel/arch/i686/vga_text.o
 .debug_str     0x00001029      0x201 build/i686_debug/kernel/arch/driver/ata.o
 .debug_str     0x00001029      0x260 build/i686_debug/kernel/arch/driver/fdc.o
 .debug_str     0x00001029      0x1fe build/i686_debug/kernel/arch/driver/key.o
 .debug_str     0x00001029      0x249 build/i686_debug/kernel/arch/driver/pmm.o
 .debug_str     0x00001029      0x1fd /home/notbonzo/toolchain32/i686-elf/lib/gcc/i686-elf/14.1.0/libgcc.a(_udivdi3.o)
 .debug_str     0x00001029      0x1fd /home/notbonzo/toolchain32/i686-elf/lib/gcc/i686-elf/14.1.0/libgcc.a(_umoddi3.o)

.debug_line_str
                0x00000000      0x3a7
 .debug_line_str
                0x00000000      0x3a7 build/i686_debug/kernel/_start.o
                                0x165 (size before relaxing)
 .debug_line_str
                0x000003a7       0xe0 build/i686_debug/kernel/debug.o
 .debug_line_str
                0x000003a7       0xc2 build/i686_debug/kernel/memory.o
 .debug_line_str
                0x000003a7       0xe6 build/i686_debug/kernel/stdio.o
 .debug_line_str
                0x000003a7       0x71 build/i686_debug/kernel/string.o
 .debug_line_str
                0x000003a7      0x132 build/i686_debug/kernel/hal/hal.o
 .debug_line_str
                0x000003a7       0xf5 build/i686_debug/kernel/hal/vfs.o
 .debug_line_str
                0x000003a7      0x119 build/i686_debug/kernel/arch/sched.o
 .debug_line_str
                0x000003a7       0xcf build/i686_debug/kernel/arch/i686/e9.o
 .debug_line_str
                0x000003a7       0xe7 build/i686_debug/kernel/arch/i686/gdt.o
 .debug_line_str
                0x000003a7       0xeb build/i686_debug/kernel/arch/i686/idt.o
 .debug_line_str
                0x000003a7       0xf7 build/i686_debug/kernel/arch/i686/irq.o
 .debug_line_str
                0x000003a7       0xd2 build/i686_debug/kernel/arch/i686/pic.o
 .debug_line_str
                0x000003a7       0xe1 build/i686_debug/kernel/arch/i686/vga_text.o
 .debug_line_str
                0x000003a7       0xf7 build/i686_debug/kernel/arch/driver/ata.o
 .debug_line_str
                0x000003a7      0x118 build/i686_debug/kernel/arch/driver/fdc.o
 .debug_line_str
                0x000003a7       0xf7 build/i686_debug/kernel/arch/driver/key.o
 .debug_line_str
                0x000003a7       0xfb build/i686_debug/kernel/arch/driver/pmm.o
 .debug_line_str
                0x000003a7       0xda /home/notbonzo/toolchain32/i686-elf/lib/gcc/i686-elf/14.1.0/libgcc.a(_udivdi3.o)
 .debug_line_str
                0x000003a7       0xda /home/notbonzo/toolchain32/i686-elf/lib/gcc/i686-elf/14.1.0/libgcc.a(_umoddi3.o)

.debug_rnglists
                0x00000000       0x60
 .debug_rnglists
                0x00000000       0x17 build/i686_debug/kernel/arch/sched.o
 .debug_rnglists
                0x00000017       0x2a /home/notbonzo/toolchain32/i686-elf/lib/gcc/i686-elf/14.1.0/libgcc.a(_udivdi3.o)
 .debug_rnglists
                0x00000041       0x1f /home/notbonzo/toolchain32/i686-elf/lib/gcc/i686-elf/14.1.0/libgcc.a(_umoddi3.o)

.debug_loclists
                0x00000000      0x978
 .debug_loclists
                0x00000000      0x50c /home/notbonzo/toolchain32/i686-elf/lib/gcc/i686-elf/14.1.0/libgcc.a(_udivdi3.o)
 .debug_loclists
                0x0000050c      0x46c /home/notbonzo/toolchain32/i686-elf/lib/gcc/i686-elf/14.1.0/libgcc.a(_umoddi3.o)
