Archive member included to satisfy reference by file (symbol)

/home/notbonzo/toolchain32/i686-elf/lib/gcc/i686-elf/11.2.0/libgcc.a(_udivdi3.o)
                              /home/notbonzo/code/os-building/build/kernel/c/stdio.obj (__udivdi3)
/home/notbonzo/toolchain32/i686-elf/lib/gcc/i686-elf/11.2.0/libgcc.a(_umoddi3.o)
                              /home/notbonzo/code/os-building/build/kernel/c/stdio.obj (__umoddi3)

Memory Configuration

Name             Origin             Length             Attributes
*default*        0x0000000000000000 0xffffffffffffffff

Linker script and memory map

LOAD /home/notbonzo/code/os-building/build/kernel/asm/arch/i686/io.obj
LOAD /home/notbonzo/code/os-building/build/kernel/asm/arch/i686/isr.obj
LOAD /home/notbonzo/code/os-building/build/kernel/c/debug.obj
LOAD /home/notbonzo/code/os-building/build/kernel/c/main.obj
LOAD /home/notbonzo/code/os-building/build/kernel/c/memory.obj
LOAD /home/notbonzo/code/os-building/build/kernel/c/stdio.obj
LOAD /home/notbonzo/code/os-building/build/kernel/c/hal/hal.obj
LOAD /home/notbonzo/code/os-building/build/kernel/c/hal/vfs.obj
LOAD /home/notbonzo/code/os-building/build/kernel/c/arch/driver/fdc.obj
LOAD /home/notbonzo/code/os-building/build/kernel/c/arch/driver/key.obj
LOAD /home/notbonzo/code/os-building/build/kernel/c/arch/i686/e9.obj
LOAD /home/notbonzo/code/os-building/build/kernel/c/arch/i686/gdt.obj
LOAD /home/notbonzo/code/os-building/build/kernel/c/arch/i686/idt.obj
LOAD /home/notbonzo/code/os-building/build/kernel/c/arch/i686/io.obj
LOAD /home/notbonzo/code/os-building/build/kernel/c/arch/i686/irq.obj
LOAD /home/notbonzo/code/os-building/build/kernel/c/arch/i686/pic.obj
LOAD /home/notbonzo/code/os-building/build/kernel/c/arch/i686/vga_text.obj
LOAD /home/notbonzo/toolchain32/i686-elf/lib/gcc/i686-elf/11.2.0/libgcc.a
                0x0000000000100000                phys = 0x100000
                0x0000000000100000                . = phys
                0x0000000000100000                __kerenl = .

.entry          0x0000000000100000       0x91
                0x0000000000100000                __entry_start = .
 *(.entry)
 .entry         0x0000000000100000       0x91 /home/notbonzo/code/os-building/build/kernel/c/main.obj
                0x0000000000100000                _start
                0x0000000000100091                __entry_end = .

.text           0x00000000001000a0     0x2840
                0x00000000001000a0                __text_start = .
 *(.text)
 .text          0x00000000001000a0       0x22 /home/notbonzo/code/os-building/build/kernel/asm/arch/i686/io.obj
                0x00000000001000a0                i686_outb
                0x00000000001000ab                i686_inb
                0x00000000001000b4                i686_Panic
                0x00000000001000b6                i686_EnableInterrupts
                0x00000000001000b8                i686_DisableInterrupts
                0x00000000001000ba                i686_GetInterrupts
 *fill*         0x00000000001000c2        0xe 
 .text          0x00000000001000d0      0xa6a /home/notbonzo/code/os-building/build/kernel/asm/arch/i686/isr.obj
                0x00000000001000fa                i686_ISR0
                0x0000000000100100                i686_ISR1
                0x0000000000100106                i686_ISR2
                0x000000000010010c                i686_ISR3
                0x0000000000100112                i686_ISR4
                0x0000000000100118                i686_ISR5
                0x000000000010011e                i686_ISR6
                0x0000000000100124                i686_ISR7
                0x000000000010012a                i686_ISR8
                0x000000000010012e                i686_ISR9
                0x0000000000100134                i686_ISR10
                0x0000000000100138                i686_ISR11
                0x000000000010013c                i686_ISR12
                0x0000000000100140                i686_ISR13
                0x0000000000100144                i686_ISR14
                0x0000000000100148                i686_ISR15
                0x000000000010014e                i686_ISR16
                0x0000000000100157                i686_ISR17
                0x000000000010015e                i686_ISR18
                0x0000000000100167                i686_ISR19
                0x0000000000100170                i686_ISR20
                0x0000000000100179                i686_ISR21
                0x0000000000100180                i686_ISR22
                0x0000000000100189                i686_ISR23
                0x0000000000100192                i686_ISR24
                0x000000000010019b                i686_ISR25
                0x00000000001001a4                i686_ISR26
                0x00000000001001ad                i686_ISR27
                0x00000000001001b6                i686_ISR28
                0x00000000001001bf                i686_ISR29
                0x00000000001001c8                i686_ISR30
                0x00000000001001d1                i686_ISR31
                0x00000000001001da                i686_ISR32
                0x00000000001001e3                i686_ISR33
                0x00000000001001ec                i686_ISR34
                0x00000000001001f5                i686_ISR35
                0x00000000001001fe                i686_ISR36
                0x0000000000100207                i686_ISR37
                0x0000000000100210                i686_ISR38
                0x0000000000100219                i686_ISR39
                0x0000000000100222                i686_ISR40
                0x000000000010022b                i686_ISR41
                0x0000000000100234                i686_ISR42
                0x000000000010023d                i686_ISR43
                0x0000000000100246                i686_ISR44
                0x000000000010024f                i686_ISR45
                0x0000000000100258                i686_ISR46
                0x0000000000100261                i686_ISR47
                0x000000000010026a                i686_ISR48
                0x0000000000100273                i686_ISR49
                0x000000000010027c                i686_ISR50
                0x0000000000100285                i686_ISR51
                0x000000000010028e                i686_ISR52
                0x0000000000100297                i686_ISR53
                0x00000000001002a0                i686_ISR54
                0x00000000001002a9                i686_ISR55
                0x00000000001002b2                i686_ISR56
                0x00000000001002bb                i686_ISR57
                0x00000000001002c4                i686_ISR58
                0x00000000001002cd                i686_ISR59
                0x00000000001002d6                i686_ISR60
                0x00000000001002df                i686_ISR61
                0x00000000001002e8                i686_ISR62
                0x00000000001002f1                i686_ISR63
                0x00000000001002fa                i686_ISR64
                0x0000000000100303                i686_ISR65
                0x000000000010030c                i686_ISR66
                0x0000000000100315                i686_ISR67
                0x000000000010031e                i686_ISR68
                0x0000000000100327                i686_ISR69
                0x0000000000100330                i686_ISR70
                0x0000000000100339                i686_ISR71
                0x0000000000100342                i686_ISR72
                0x000000000010034b                i686_ISR73
                0x0000000000100354                i686_ISR74
                0x000000000010035d                i686_ISR75
                0x0000000000100366                i686_ISR76
                0x000000000010036f                i686_ISR77
                0x0000000000100378                i686_ISR78
                0x0000000000100381                i686_ISR79
                0x000000000010038a                i686_ISR80
                0x0000000000100393                i686_ISR81
                0x000000000010039c                i686_ISR82
                0x00000000001003a5                i686_ISR83
                0x00000000001003ae                i686_ISR84
                0x00000000001003b7                i686_ISR85
                0x00000000001003c0                i686_ISR86
                0x00000000001003c9                i686_ISR87
                0x00000000001003d2                i686_ISR88
                0x00000000001003db                i686_ISR89
                0x00000000001003e4                i686_ISR90
                0x00000000001003ed                i686_ISR91
                0x00000000001003f6                i686_ISR92
                0x00000000001003ff                i686_ISR93
                0x0000000000100408                i686_ISR94
                0x0000000000100411                i686_ISR95
                0x000000000010041a                i686_ISR96
                0x0000000000100423                i686_ISR97
                0x000000000010042c                i686_ISR98
                0x0000000000100435                i686_ISR99
                0x000000000010043e                i686_ISR100
                0x0000000000100447                i686_ISR101
                0x0000000000100450                i686_ISR102
                0x0000000000100459                i686_ISR103
                0x0000000000100462                i686_ISR104
                0x000000000010046b                i686_ISR105
                0x0000000000100474                i686_ISR106
                0x000000000010047d                i686_ISR107
                0x0000000000100486                i686_ISR108
                0x000000000010048f                i686_ISR109
                0x0000000000100498                i686_ISR110
                0x00000000001004a1                i686_ISR111
                0x00000000001004aa                i686_ISR112
                0x00000000001004b3                i686_ISR113
                0x00000000001004bc                i686_ISR114
                0x00000000001004c5                i686_ISR115
                0x00000000001004ce                i686_ISR116
                0x00000000001004d7                i686_ISR117
                0x00000000001004e0                i686_ISR118
                0x00000000001004e9                i686_ISR119
                0x00000000001004f2                i686_ISR120
                0x00000000001004fb                i686_ISR121
                0x0000000000100504                i686_ISR122
                0x000000000010050d                i686_ISR123
                0x0000000000100516                i686_ISR124
                0x000000000010051f                i686_ISR125
                0x0000000000100528                i686_ISR126
                0x0000000000100531                i686_ISR127
                0x000000000010053a                i686_ISR128
                0x0000000000100546                i686_ISR129
                0x0000000000100552                i686_ISR130
                0x000000000010055e                i686_ISR131
                0x000000000010056a                i686_ISR132
                0x0000000000100576                i686_ISR133
                0x0000000000100582                i686_ISR134
                0x000000000010058e                i686_ISR135
                0x000000000010059a                i686_ISR136
                0x00000000001005a6                i686_ISR137
                0x00000000001005b2                i686_ISR138
                0x00000000001005be                i686_ISR139
                0x00000000001005ca                i686_ISR140
                0x00000000001005d6                i686_ISR141
                0x00000000001005e2                i686_ISR142
                0x00000000001005ee                i686_ISR143
                0x00000000001005fa                i686_ISR144
                0x0000000000100606                i686_ISR145
                0x0000000000100612                i686_ISR146
                0x000000000010061e                i686_ISR147
                0x000000000010062a                i686_ISR148
                0x0000000000100636                i686_ISR149
                0x0000000000100642                i686_ISR150
                0x000000000010064e                i686_ISR151
                0x000000000010065a                i686_ISR152
                0x0000000000100666                i686_ISR153
                0x0000000000100672                i686_ISR154
                0x000000000010067e                i686_ISR155
                0x000000000010068a                i686_ISR156
                0x0000000000100696                i686_ISR157
                0x00000000001006a2                i686_ISR158
                0x00000000001006ae                i686_ISR159
                0x00000000001006ba                i686_ISR160
                0x00000000001006c6                i686_ISR161
                0x00000000001006d2                i686_ISR162
                0x00000000001006de                i686_ISR163
                0x00000000001006ea                i686_ISR164
                0x00000000001006f6                i686_ISR165
                0x0000000000100702                i686_ISR166
                0x000000000010070e                i686_ISR167
                0x000000000010071a                i686_ISR168
                0x0000000000100726                i686_ISR169
                0x0000000000100732                i686_ISR170
                0x000000000010073e                i686_ISR171
                0x000000000010074a                i686_ISR172
                0x0000000000100756                i686_ISR173
                0x0000000000100762                i686_ISR174
                0x000000000010076e                i686_ISR175
                0x000000000010077a                i686_ISR176
                0x0000000000100786                i686_ISR177
                0x0000000000100792                i686_ISR178
                0x000000000010079e                i686_ISR179
                0x00000000001007aa                i686_ISR180
                0x00000000001007b6                i686_ISR181
                0x00000000001007c2                i686_ISR182
                0x00000000001007ce                i686_ISR183
                0x00000000001007da                i686_ISR184
                0x00000000001007e6                i686_ISR185
                0x00000000001007f2                i686_ISR186
                0x00000000001007fe                i686_ISR187
                0x000000000010080a                i686_ISR188
                0x0000000000100816                i686_ISR189
                0x0000000000100822                i686_ISR190
                0x000000000010082e                i686_ISR191
                0x000000000010083a                i686_ISR192
                0x0000000000100846                i686_ISR193
                0x0000000000100852                i686_ISR194
                0x000000000010085e                i686_ISR195
                0x000000000010086a                i686_ISR196
                0x0000000000100876                i686_ISR197
                0x0000000000100882                i686_ISR198
                0x000000000010088e                i686_ISR199
                0x000000000010089a                i686_ISR200
                0x00000000001008a6                i686_ISR201
                0x00000000001008b2                i686_ISR202
                0x00000000001008be                i686_ISR203
                0x00000000001008ca                i686_ISR204
                0x00000000001008d6                i686_ISR205
                0x00000000001008e2                i686_ISR206
                0x00000000001008ee                i686_ISR207
                0x00000000001008fa                i686_ISR208
                0x0000000000100906                i686_ISR209
                0x0000000000100912                i686_ISR210
                0x000000000010091e                i686_ISR211
                0x000000000010092a                i686_ISR212
                0x0000000000100936                i686_ISR213
                0x0000000000100942                i686_ISR214
                0x000000000010094e                i686_ISR215
                0x000000000010095a                i686_ISR216
                0x0000000000100966                i686_ISR217
                0x0000000000100972                i686_ISR218
                0x000000000010097e                i686_ISR219
                0x000000000010098a                i686_ISR220
                0x0000000000100996                i686_ISR221
                0x00000000001009a2                i686_ISR222
                0x00000000001009ae                i686_ISR223
                0x00000000001009ba                i686_ISR224
                0x00000000001009c6                i686_ISR225
                0x00000000001009d2                i686_ISR226
                0x00000000001009de                i686_ISR227
                0x00000000001009ea                i686_ISR228
                0x00000000001009f6                i686_ISR229
                0x0000000000100a02                i686_ISR230
                0x0000000000100a0e                i686_ISR231
                0x0000000000100a1a                i686_ISR232
                0x0000000000100a26                i686_ISR233
                0x0000000000100a32                i686_ISR234
                0x0000000000100a3e                i686_ISR235
                0x0000000000100a4a                i686_ISR236
                0x0000000000100a56                i686_ISR237
                0x0000000000100a62                i686_ISR238
                0x0000000000100a6e                i686_ISR239
                0x0000000000100a7a                i686_ISR240
                0x0000000000100a86                i686_ISR241
                0x0000000000100a92                i686_ISR242
                0x0000000000100a9e                i686_ISR243
                0x0000000000100aaa                i686_ISR244
                0x0000000000100ab6                i686_ISR245
                0x0000000000100ac2                i686_ISR246
                0x0000000000100ace                i686_ISR247
                0x0000000000100ada                i686_ISR248
                0x0000000000100ae6                i686_ISR249
                0x0000000000100af2                i686_ISR250
                0x0000000000100afe                i686_ISR251
                0x0000000000100b0a                i686_ISR252
                0x0000000000100b16                i686_ISR253
                0x0000000000100b22                i686_ISR254
                0x0000000000100b2e                i686_ISR255
 .text          0x0000000000100b3a       0x71 /home/notbonzo/code/os-building/build/kernel/c/debug.obj
                0x0000000000100b3a                logf
 .text          0x0000000000100bab       0xd5 /home/notbonzo/code/os-building/build/kernel/c/main.obj
                0x0000000000100bab                printMemoryMap
 .text          0x0000000000100c80       0xf5 /home/notbonzo/code/os-building/build/kernel/c/memory.obj
                0x0000000000100c80                memcpy
                0x0000000000100cd2                memset
                0x0000000000100d15                memcmp
 .text          0x0000000000100d75      0x647 /home/notbonzo/code/os-building/build/kernel/c/stdio.obj
                0x0000000000100d75                fputc
                0x0000000000100d98                fputs
                0x0000000000100dca                fprintf_unsigned
                0x0000000000100e86                fprintf_signed
                0x0000000000100ee6                vfprintf
                0x0000000000101201                fprintf
                0x0000000000101225                fprint_buffer
                0x00000000001012ca                putc
                0x00000000001012eb                puts
                0x0000000000101304                printf
                0x0000000000101327                print_buffer
                0x0000000000101343                debugc
                0x0000000000101364                debugs
                0x000000000010137d                debugf
                0x00000000001013a0                debug_buffer
 .text          0x00000000001013bc       0x22 /home/notbonzo/code/os-building/build/kernel/c/hal/hal.obj
                0x00000000001013bc                HAL_Initialize
 .text          0x00000000001013de       0xa5 /home/notbonzo/code/os-building/build/kernel/c/hal/vfs.obj
                0x00000000001013de                VFS_Write
 .text          0x0000000000101483      0x347 /home/notbonzo/code/os-building/build/kernel/c/arch/driver/fdc.obj
                0x0000000000101483                FDC_send_command
                0x00000000001014c7                FDC_wait_for_ready
                0x0000000000101527                FDC_reset
                0x0000000000101608                init_fdc
                0x0000000000101659                FDC_calibrate_drive
                0x00000000001016f9                FDC_read_sector
                0x000000000010179d                fdc_irq_handler
 .text          0x00000000001017ca      0x1f7 /home/notbonzo/code/os-building/build/kernel/c/arch/driver/key.obj
                0x00000000001017ca                keyboardIRQHandler
                0x00000000001018cb                init_keyboard
                0x00000000001018e6                getchar
                0x0000000000101936                getchar_locking
                0x0000000000101980                gets
 .text          0x00000000001019c1       0x27 /home/notbonzo/code/os-building/build/kernel/c/arch/i686/e9.obj
                0x00000000001019c1                e9_putc
 .text          0x00000000001019e8      0x1ba /home/notbonzo/code/os-building/build/kernel/c/arch/i686/gdt.obj
                0x0000000000101a13                i686_Flush_TSS
                0x0000000000101a20                i686_GDT_Initialize
 .text          0x0000000000101ba2      0x268 /home/notbonzo/code/os-building/build/kernel/c/arch/i686/idt.obj
                0x0000000000101bf9                i686_ISR_Handler
                0x0000000000101d34                i686_IDT_SetGate
                0x0000000000101d97                i686_IDT_EnableGate
                0x0000000000101db7                i686_IDT_DisableGate
                0x0000000000101dd7                i686_ISR_RegisterHandler
                0x0000000000101df5                i686_IDT_Initialize
 .text          0x0000000000101e0a       0x1b /home/notbonzo/code/os-building/build/kernel/c/arch/i686/io.obj
                0x0000000000101e0a                i686_iowait
 .text          0x0000000000101e25       0xd2 /home/notbonzo/code/os-building/build/kernel/c/arch/i686/irq.obj
                0x0000000000101e25                i686_IRQ_Handler
                0x0000000000101e9d                i686_IRQ_Initialize
                0x0000000000101ee4                i686_IRQ_RegisterHandler
 .text          0x0000000000101ef7      0x2a2 /home/notbonzo/code/os-building/build/kernel/c/arch/i686/pic.obj
                0x0000000000101ef7                i686_PIC_Configure
                0x0000000000101fe9                i686_PIC_SendEndOfInterrupt
                0x0000000000102019                i686_PIC_Disable
                0x0000000000102053                i686_PIC_Mask
                0x000000000010209d                i686_PIC_Unmask
                0x00000000001020e9                i686_PIC_ReadIrqRequestRegister
                0x0000000000102141                i686_PIC_ReadInServiceRegister
 .text          0x0000000000102199      0x4c0 /home/notbonzo/code/os-building/build/kernel/c/arch/i686/vga_text.obj
                0x0000000000102199                VGA_putchr
                0x00000000001021cd                VGA_putcolor
                0x0000000000102204                VGA_getchr
                0x000000000010222a                VGA_getcolor
                0x0000000000102253                VGA_setcursor
                0x00000000001022c8                VGA_clrscr
                0x0000000000102343                VGA_scrollback
                0x0000000000102410                VGA_delchar
                0x0000000000102547                VGA_putc
 *fill*         0x0000000000102659        0x7 
 .text          0x0000000000102660      0x12a /home/notbonzo/toolchain32/i686-elf/lib/gcc/i686-elf/11.2.0/libgcc.a(_udivdi3.o)
                0x0000000000102660                __udivdi3
 *fill*         0x000000000010278a        0x6 
 .text          0x0000000000102790      0x150 /home/notbonzo/toolchain32/i686-elf/lib/gcc/i686-elf/11.2.0/libgcc.a(_umoddi3.o)
                0x0000000000102790                __umoddi3
                0x00000000001028e0                __text_end = .

.data           0x00000000001028e0      0xc0c
                0x00000000001028e0                __data_start = .
 *(.data)
 .data          0x00000000001028e0      0x400 /home/notbonzo/code/os-building/build/kernel/asm/arch/i686/isr.obj
                0x00000000001028e0                isr_table
 .data          0x0000000000102ce0        0x0 /home/notbonzo/code/os-building/build/kernel/c/debug.obj
 .data          0x0000000000102ce0        0x0 /home/notbonzo/code/os-building/build/kernel/c/main.obj
 .data          0x0000000000102ce0        0x0 /home/notbonzo/code/os-building/build/kernel/c/memory.obj
 .data          0x0000000000102ce0        0x0 /home/notbonzo/code/os-building/build/kernel/c/stdio.obj
 .data          0x0000000000102ce0        0x0 /home/notbonzo/code/os-building/build/kernel/c/hal/hal.obj
 .data          0x0000000000102ce0        0x0 /home/notbonzo/code/os-building/build/kernel/c/hal/vfs.obj
 .data          0x0000000000102ce0        0x0 /home/notbonzo/code/os-building/build/kernel/c/arch/driver/fdc.obj
 .data          0x0000000000102ce0      0x800 /home/notbonzo/code/os-building/build/kernel/c/arch/driver/key.obj
                0x0000000000102ce0                scancodeToASCII
                0x00000000001030e0                scancodeToASCII_shift
 .data          0x00000000001034e0        0x0 /home/notbonzo/code/os-building/build/kernel/c/arch/i686/e9.obj
 .data          0x00000000001034e0        0x0 /home/notbonzo/code/os-building/build/kernel/c/arch/i686/gdt.obj
 .data          0x00000000001034e0        0x6 /home/notbonzo/code/os-building/build/kernel/c/arch/i686/idt.obj
                0x00000000001034e0                g_IDTDescriptor
 .data          0x00000000001034e6        0x0 /home/notbonzo/code/os-building/build/kernel/c/arch/i686/io.obj
 .data          0x00000000001034e6        0x0 /home/notbonzo/code/os-building/build/kernel/c/arch/i686/irq.obj
 .data          0x00000000001034e6        0x0 /home/notbonzo/code/os-building/build/kernel/c/arch/i686/pic.obj
 *fill*         0x00000000001034e6        0x2 
 .data          0x00000000001034e8        0x4 /home/notbonzo/code/os-building/build/kernel/c/arch/i686/vga_text.obj
                0x00000000001034e8                g_ScreenBuffer
 .data          0x00000000001034ec        0x0 /home/notbonzo/toolchain32/i686-elf/lib/gcc/i686-elf/11.2.0/libgcc.a(_udivdi3.o)
 .data          0x00000000001034ec        0x0 /home/notbonzo/toolchain32/i686-elf/lib/gcc/i686-elf/11.2.0/libgcc.a(_umoddi3.o)
                0x00000000001034ec                __data_end = .

.rodata         0x0000000000103500      0x675
                0x0000000000103500                __rodata_start = .
 *(.rodata)
 .rodata        0x0000000000103500       0x52 /home/notbonzo/code/os-building/build/kernel/c/debug.obj
 *fill*         0x0000000000103552        0x2 
 .rodata        0x0000000000103554       0x47 /home/notbonzo/code/os-building/build/kernel/c/main.obj
 *fill*         0x000000000010359b        0x1 
 .rodata        0x000000000010359c       0xae /home/notbonzo/code/os-building/build/kernel/c/stdio.obj
                0x000000000010359c                g_HexChars
 *fill*         0x000000000010364a        0x2 
 .rodata        0x000000000010364c       0xe5 /home/notbonzo/code/os-building/build/kernel/c/arch/driver/fdc.obj
 .rodata        0x0000000000103731       0xc7 /home/notbonzo/code/os-building/build/kernel/c/arch/driver/key.obj
 *fill*         0x00000000001037f8        0x8 
 .rodata        0x0000000000103800      0x34f /home/notbonzo/code/os-building/build/kernel/c/arch/i686/idt.obj
 *fill*         0x0000000000103b4f        0x1 
 .rodata        0x0000000000103b50       0x25 /home/notbonzo/code/os-building/build/kernel/c/arch/i686/irq.obj
                0x0000000000103b75                __rodata_end = .

.eh_frame       0x0000000000103b78       0xd8
 .eh_frame      0x0000000000103b78       0x64 /home/notbonzo/toolchain32/i686-elf/lib/gcc/i686-elf/11.2.0/libgcc.a(_udivdi3.o)
 .eh_frame      0x0000000000103bdc       0x74 /home/notbonzo/toolchain32/i686-elf/lib/gcc/i686-elf/11.2.0/libgcc.a(_umoddi3.o)

.bss            0x0000000000103c60      0xe54
                0x0000000000103c60                __bss_start = .
 *(.bss)
 .bss           0x0000000000103c60        0x0 /home/notbonzo/code/os-building/build/kernel/c/debug.obj
 .bss           0x0000000000103c60        0x0 /home/notbonzo/code/os-building/build/kernel/c/main.obj
 .bss           0x0000000000103c60        0x0 /home/notbonzo/code/os-building/build/kernel/c/memory.obj
 .bss           0x0000000000103c60        0x0 /home/notbonzo/code/os-building/build/kernel/c/stdio.obj
 .bss           0x0000000000103c60        0x0 /home/notbonzo/code/os-building/build/kernel/c/hal/hal.obj
 .bss           0x0000000000103c60        0x0 /home/notbonzo/code/os-building/build/kernel/c/hal/vfs.obj
 .bss           0x0000000000103c60        0x0 /home/notbonzo/code/os-building/build/kernel/c/arch/driver/fdc.obj
 .bss           0x0000000000103c60      0x110 /home/notbonzo/code/os-building/build/kernel/c/arch/driver/key.obj
                0x0000000000103c60                buffer
                0x0000000000103d60                index
                0x0000000000103d64                count
                0x0000000000103d68                shift_pressed
                0x0000000000103d6c                ctrl_pressed
 .bss           0x0000000000103d70        0x0 /home/notbonzo/code/os-building/build/kernel/c/arch/i686/e9.obj
 *fill*         0x0000000000103d70       0x10 
 .bss           0x0000000000103d80       0xc8 /home/notbonzo/code/os-building/build/kernel/c/arch/i686/gdt.obj
                0x0000000000103d80                g_GDTDescriptor
                0x0000000000103da0                g_GDT
                0x0000000000103de0                g_TSS
 *fill*         0x0000000000103e48       0x18 
 .bss           0x0000000000103e60      0xc00 /home/notbonzo/code/os-building/build/kernel/c/arch/i686/idt.obj
                0x0000000000103e60                g_IDT
                0x0000000000104660                g_ISRHandlers
 .bss           0x0000000000104a60        0x0 /home/notbonzo/code/os-building/build/kernel/c/arch/i686/io.obj
 .bss           0x0000000000104a60       0x40 /home/notbonzo/code/os-building/build/kernel/c/arch/i686/irq.obj
                0x0000000000104a60                g_IRQHandlers
 .bss           0x0000000000104aa0        0xc /home/notbonzo/code/os-building/build/kernel/c/arch/i686/pic.obj
                0x0000000000104aa0                PIC_ICW1
                0x0000000000104aa4                PIC_ICW4
                0x0000000000104aa8                PIC_CMD
 .bss           0x0000000000104aac        0x8 /home/notbonzo/code/os-building/build/kernel/c/arch/i686/vga_text.obj
                0x0000000000104aac                g_ScreenX
                0x0000000000104ab0                g_ScreenY
 .bss           0x0000000000104ab4        0x0 /home/notbonzo/toolchain32/i686-elf/lib/gcc/i686-elf/11.2.0/libgcc.a(_udivdi3.o)
 .bss           0x0000000000104ab4        0x0 /home/notbonzo/toolchain32/i686-elf/lib/gcc/i686-elf/11.2.0/libgcc.a(_umoddi3.o)
                0x0000000000104ab4                __bss_end = .
                0x0000000000104ab4                __end = .
OUTPUT(/home/notbonzo/code/os-building/build/kernel.bin binary)

.debug_info     0x0000000000000000     0x2d6d
 .debug_info    0x0000000000000000      0x1c7 /home/notbonzo/code/os-building/build/kernel/c/debug.obj
 .debug_info    0x00000000000001c7      0x2d8 /home/notbonzo/code/os-building/build/kernel/c/main.obj
 .debug_info    0x000000000000049f      0x1e8 /home/notbonzo/code/os-building/build/kernel/c/memory.obj
 .debug_info    0x0000000000000687      0x512 /home/notbonzo/code/os-building/build/kernel/c/stdio.obj
 .debug_info    0x0000000000000b99       0xc0 /home/notbonzo/code/os-building/build/kernel/c/hal/hal.obj
 .debug_info    0x0000000000000c59      0x130 /home/notbonzo/code/os-building/build/kernel/c/hal/vfs.obj
 .debug_info    0x0000000000000d89      0x3c9 /home/notbonzo/code/os-building/build/kernel/c/arch/driver/fdc.obj
 .debug_info    0x0000000000001152      0x34b /home/notbonzo/code/os-building/build/kernel/c/arch/driver/key.obj
 .debug_info    0x000000000000149d       0xc5 /home/notbonzo/code/os-building/build/kernel/c/arch/i686/e9.obj
 .debug_info    0x0000000000001562      0x40f /home/notbonzo/code/os-building/build/kernel/c/arch/i686/gdt.obj
 .debug_info    0x0000000000001971      0x458 /home/notbonzo/code/os-building/build/kernel/c/arch/i686/idt.obj
 .debug_info    0x0000000000001dc9       0xac /home/notbonzo/code/os-building/build/kernel/c/arch/i686/io.obj
 .debug_info    0x0000000000001e75      0x2f3 /home/notbonzo/code/os-building/build/kernel/c/arch/i686/irq.obj
 .debug_info    0x0000000000002168      0x24d /home/notbonzo/code/os-building/build/kernel/c/arch/i686/pic.obj
 .debug_info    0x00000000000023b5      0x349 /home/notbonzo/code/os-building/build/kernel/c/arch/i686/vga_text.obj
 .debug_info    0x00000000000026fe      0x32c /home/notbonzo/toolchain32/i686-elf/lib/gcc/i686-elf/11.2.0/libgcc.a(_udivdi3.o)
 .debug_info    0x0000000000002a2a      0x343 /home/notbonzo/toolchain32/i686-elf/lib/gcc/i686-elf/11.2.0/libgcc.a(_umoddi3.o)

.debug_abbrev   0x0000000000000000     0x141d
 .debug_abbrev  0x0000000000000000       0xf4 /home/notbonzo/code/os-building/build/kernel/c/debug.obj
 .debug_abbrev  0x00000000000000f4      0x169 /home/notbonzo/code/os-building/build/kernel/c/main.obj
 .debug_abbrev  0x000000000000025d       0xe2 /home/notbonzo/code/os-building/build/kernel/c/memory.obj
 .debug_abbrev  0x000000000000033f      0x189 /home/notbonzo/code/os-building/build/kernel/c/stdio.obj
 .debug_abbrev  0x00000000000004c8       0x5a /home/notbonzo/code/os-building/build/kernel/c/hal/hal.obj
 .debug_abbrev  0x0000000000000522       0xb6 /home/notbonzo/code/os-building/build/kernel/c/hal/vfs.obj
 .debug_abbrev  0x00000000000005d8      0x1c5 /home/notbonzo/code/os-building/build/kernel/c/arch/driver/fdc.obj
 .debug_abbrev  0x000000000000079d      0x18f /home/notbonzo/code/os-building/build/kernel/c/arch/driver/key.obj
 .debug_abbrev  0x000000000000092c       0x82 /home/notbonzo/code/os-building/build/kernel/c/arch/i686/e9.obj
 .debug_abbrev  0x00000000000009ae      0x146 /home/notbonzo/code/os-building/build/kernel/c/arch/i686/gdt.obj
 .debug_abbrev  0x0000000000000af4      0x1bc /home/notbonzo/code/os-building/build/kernel/c/arch/i686/idt.obj
 .debug_abbrev  0x0000000000000cb0       0x6d /home/notbonzo/code/os-building/build/kernel/c/arch/i686/io.obj
 .debug_abbrev  0x0000000000000d1d      0x180 /home/notbonzo/code/os-building/build/kernel/c/arch/i686/irq.obj
 .debug_abbrev  0x0000000000000e9d      0x15a /home/notbonzo/code/os-building/build/kernel/c/arch/i686/pic.obj
 .debug_abbrev  0x0000000000000ff7      0x15a /home/notbonzo/code/os-building/build/kernel/c/arch/i686/vga_text.obj
 .debug_abbrev  0x0000000000001151      0x15b /home/notbonzo/toolchain32/i686-elf/lib/gcc/i686-elf/11.2.0/libgcc.a(_udivdi3.o)
 .debug_abbrev  0x00000000000012ac      0x171 /home/notbonzo/toolchain32/i686-elf/lib/gcc/i686-elf/11.2.0/libgcc.a(_umoddi3.o)

.debug_aranges  0x0000000000000000      0x228
 .debug_aranges
                0x0000000000000000       0x20 /home/notbonzo/code/os-building/build/kernel/c/debug.obj
 .debug_aranges
                0x0000000000000020       0x28 /home/notbonzo/code/os-building/build/kernel/c/main.obj
 .debug_aranges
                0x0000000000000048       0x20 /home/notbonzo/code/os-building/build/kernel/c/memory.obj
 .debug_aranges
                0x0000000000000068       0x20 /home/notbonzo/code/os-building/build/kernel/c/stdio.obj
 .debug_aranges
                0x0000000000000088       0x20 /home/notbonzo/code/os-building/build/kernel/c/hal/hal.obj
 .debug_aranges
                0x00000000000000a8       0x20 /home/notbonzo/code/os-building/build/kernel/c/hal/vfs.obj
 .debug_aranges
                0x00000000000000c8       0x20 /home/notbonzo/code/os-building/build/kernel/c/arch/driver/fdc.obj
 .debug_aranges
                0x00000000000000e8       0x20 /home/notbonzo/code/os-building/build/kernel/c/arch/driver/key.obj
 .debug_aranges
                0x0000000000000108       0x20 /home/notbonzo/code/os-building/build/kernel/c/arch/i686/e9.obj
 .debug_aranges
                0x0000000000000128       0x20 /home/notbonzo/code/os-building/build/kernel/c/arch/i686/gdt.obj
 .debug_aranges
                0x0000000000000148       0x20 /home/notbonzo/code/os-building/build/kernel/c/arch/i686/idt.obj
 .debug_aranges
                0x0000000000000168       0x20 /home/notbonzo/code/os-building/build/kernel/c/arch/i686/io.obj
 .debug_aranges
                0x0000000000000188       0x20 /home/notbonzo/code/os-building/build/kernel/c/arch/i686/irq.obj
 .debug_aranges
                0x00000000000001a8       0x20 /home/notbonzo/code/os-building/build/kernel/c/arch/i686/pic.obj
 .debug_aranges
                0x00000000000001c8       0x20 /home/notbonzo/code/os-building/build/kernel/c/arch/i686/vga_text.obj
 .debug_aranges
                0x00000000000001e8       0x20 /home/notbonzo/toolchain32/i686-elf/lib/gcc/i686-elf/11.2.0/libgcc.a(_udivdi3.o)
 .debug_aranges
                0x0000000000000208       0x20 /home/notbonzo/toolchain32/i686-elf/lib/gcc/i686-elf/11.2.0/libgcc.a(_umoddi3.o)

.debug_line     0x0000000000000000     0x1398
 .debug_line    0x0000000000000000       0x7a /home/notbonzo/code/os-building/build/kernel/c/debug.obj
 .debug_line    0x000000000000007a      0x12b /home/notbonzo/code/os-building/build/kernel/c/main.obj
 .debug_line    0x00000000000001a5       0xe8 /home/notbonzo/code/os-building/build/kernel/c/memory.obj
 .debug_line    0x000000000000028d      0x284 /home/notbonzo/code/os-building/build/kernel/c/stdio.obj
 .debug_line    0x0000000000000511       0x74 /home/notbonzo/code/os-building/build/kernel/c/hal/hal.obj
 .debug_line    0x0000000000000585       0xc0 /home/notbonzo/code/os-building/build/kernel/c/hal/vfs.obj
 .debug_line    0x0000000000000645      0x1b1 /home/notbonzo/code/os-building/build/kernel/c/arch/driver/fdc.obj
 .debug_line    0x00000000000007f6      0x170 /home/notbonzo/code/os-building/build/kernel/c/arch/driver/key.obj
 .debug_line    0x0000000000000966       0x62 /home/notbonzo/code/os-building/build/kernel/c/arch/i686/e9.obj
 .debug_line    0x00000000000009c8       0xc9 /home/notbonzo/code/os-building/build/kernel/c/arch/i686/gdt.obj
 .debug_line    0x0000000000000a91      0x111 /home/notbonzo/code/os-building/build/kernel/c/arch/i686/idt.obj
 .debug_line    0x0000000000000ba2       0x5e /home/notbonzo/code/os-building/build/kernel/c/arch/i686/io.obj
 .debug_line    0x0000000000000c00       0xcc /home/notbonzo/code/os-building/build/kernel/c/arch/i686/irq.obj
 .debug_line    0x0000000000000ccc       0xf3 /home/notbonzo/code/os-building/build/kernel/c/arch/i686/pic.obj
 .debug_line    0x0000000000000dbf      0x28b /home/notbonzo/code/os-building/build/kernel/c/arch/i686/vga_text.obj
 .debug_line    0x000000000000104a      0x179 /home/notbonzo/toolchain32/i686-elf/lib/gcc/i686-elf/11.2.0/libgcc.a(_udivdi3.o)
 .debug_line    0x00000000000011c3      0x1d5 /home/notbonzo/toolchain32/i686-elf/lib/gcc/i686-elf/11.2.0/libgcc.a(_umoddi3.o)

.debug_str      0x0000000000000000     0x2075
 .debug_str     0x0000000000000000      0x195 /home/notbonzo/code/os-building/build/kernel/c/debug.obj
 .debug_str     0x0000000000000195      0x242 /home/notbonzo/code/os-building/build/kernel/c/main.obj
 .debug_str     0x00000000000003d7      0x125 /home/notbonzo/code/os-building/build/kernel/c/memory.obj
 .debug_str     0x00000000000004fc      0x21b /home/notbonzo/code/os-building/build/kernel/c/stdio.obj
 .debug_str     0x0000000000000717      0x131 /home/notbonzo/code/os-building/build/kernel/c/hal/hal.obj
 .debug_str     0x0000000000000848      0x112 /home/notbonzo/code/os-building/build/kernel/c/hal/vfs.obj
 .debug_str     0x000000000000095a      0x23b /home/notbonzo/code/os-building/build/kernel/c/arch/driver/fdc.obj
 .debug_str     0x0000000000000b95      0x1df /home/notbonzo/code/os-building/build/kernel/c/arch/driver/key.obj
 .debug_str     0x0000000000000d74       0xf7 /home/notbonzo/code/os-building/build/kernel/c/arch/i686/e9.obj
 .debug_str     0x0000000000000e6b      0x37b /home/notbonzo/code/os-building/build/kernel/c/arch/i686/gdt.obj
 .debug_str     0x00000000000011e6      0x334 /home/notbonzo/code/os-building/build/kernel/c/arch/i686/idt.obj
 .debug_str     0x000000000000151a       0xf6 /home/notbonzo/code/os-building/build/kernel/c/arch/i686/io.obj
 .debug_str     0x0000000000001610      0x23a /home/notbonzo/code/os-building/build/kernel/c/arch/i686/irq.obj
 .debug_str     0x000000000000184a      0x2ce /home/notbonzo/code/os-building/build/kernel/c/arch/i686/pic.obj
 .debug_str     0x0000000000001b18      0x197 /home/notbonzo/code/os-building/build/kernel/c/arch/i686/vga_text.obj
 .debug_str     0x0000000000001caf      0x1e3 /home/notbonzo/toolchain32/i686-elf/lib/gcc/i686-elf/11.2.0/libgcc.a(_udivdi3.o)
 .debug_str     0x0000000000001e92      0x1e3 /home/notbonzo/toolchain32/i686-elf/lib/gcc/i686-elf/11.2.0/libgcc.a(_umoddi3.o)

.debug_line_str
                0x0000000000000000      0xf9f
 .debug_line_str
                0x0000000000000000       0xd9 /home/notbonzo/code/os-building/build/kernel/c/debug.obj
 .debug_line_str
                0x00000000000000d9      0x12c /home/notbonzo/code/os-building/build/kernel/c/main.obj
 .debug_line_str
                0x0000000000000205       0xc2 /home/notbonzo/code/os-building/build/kernel/c/memory.obj
 .debug_line_str
                0x00000000000002c7       0xdd /home/notbonzo/code/os-building/build/kernel/c/stdio.obj
 .debug_line_str
                0x00000000000003a4       0xac /home/notbonzo/code/os-building/build/kernel/c/hal/hal.obj
 .debug_line_str
                0x0000000000000450       0xf0 /home/notbonzo/code/os-building/build/kernel/c/hal/vfs.obj
 .debug_line_str
                0x0000000000000540      0x112 /home/notbonzo/code/os-building/build/kernel/c/arch/driver/fdc.obj
 .debug_line_str
                0x0000000000000652       0xfa /home/notbonzo/code/os-building/build/kernel/c/arch/driver/key.obj
 .debug_line_str
                0x000000000000074c       0xe5 /home/notbonzo/code/os-building/build/kernel/c/arch/i686/e9.obj
 .debug_line_str
                0x0000000000000831       0xe8 /home/notbonzo/code/os-building/build/kernel/c/arch/i686/gdt.obj
 .debug_line_str
                0x0000000000000919       0xf8 /home/notbonzo/code/os-building/build/kernel/c/arch/i686/idt.obj
 .debug_line_str
                0x0000000000000a11       0xd9 /home/notbonzo/code/os-building/build/kernel/c/arch/i686/io.obj
 .debug_line_str
                0x0000000000000aea       0xf8 /home/notbonzo/code/os-building/build/kernel/c/arch/i686/irq.obj
 .debug_line_str
                0x0000000000000be2       0xdc /home/notbonzo/code/os-building/build/kernel/c/arch/i686/pic.obj
 .debug_line_str
                0x0000000000000cbe       0xf7 /home/notbonzo/code/os-building/build/kernel/c/arch/i686/vga_text.obj
 .debug_line_str
                0x0000000000000db5       0xf5 /home/notbonzo/toolchain32/i686-elf/lib/gcc/i686-elf/11.2.0/libgcc.a(_udivdi3.o)
 .debug_line_str
                0x0000000000000eaa       0xf5 /home/notbonzo/toolchain32/i686-elf/lib/gcc/i686-elf/11.2.0/libgcc.a(_umoddi3.o)

.comment        0x0000000000000000      0x143
 .comment       0x0000000000000000       0x13 /home/notbonzo/code/os-building/build/kernel/c/debug.obj
 .comment       0x0000000000000013       0x13 /home/notbonzo/code/os-building/build/kernel/c/main.obj
 .comment       0x0000000000000026       0x13 /home/notbonzo/code/os-building/build/kernel/c/memory.obj
 .comment       0x0000000000000039       0x13 /home/notbonzo/code/os-building/build/kernel/c/stdio.obj
 .comment       0x000000000000004c       0x13 /home/notbonzo/code/os-building/build/kernel/c/hal/hal.obj
 .comment       0x000000000000005f       0x13 /home/notbonzo/code/os-building/build/kernel/c/hal/vfs.obj
 .comment       0x0000000000000072       0x13 /home/notbonzo/code/os-building/build/kernel/c/arch/driver/fdc.obj
 .comment       0x0000000000000085       0x13 /home/notbonzo/code/os-building/build/kernel/c/arch/driver/key.obj
 .comment       0x0000000000000098       0x13 /home/notbonzo/code/os-building/build/kernel/c/arch/i686/e9.obj
 .comment       0x00000000000000ab       0x13 /home/notbonzo/code/os-building/build/kernel/c/arch/i686/gdt.obj
 .comment       0x00000000000000be       0x13 /home/notbonzo/code/os-building/build/kernel/c/arch/i686/idt.obj
 .comment       0x00000000000000d1       0x13 /home/notbonzo/code/os-building/build/kernel/c/arch/i686/io.obj
 .comment       0x00000000000000e4       0x13 /home/notbonzo/code/os-building/build/kernel/c/arch/i686/irq.obj
 .comment       0x00000000000000f7       0x13 /home/notbonzo/code/os-building/build/kernel/c/arch/i686/pic.obj
 .comment       0x000000000000010a       0x13 /home/notbonzo/code/os-building/build/kernel/c/arch/i686/vga_text.obj
 .comment       0x000000000000011d       0x13 /home/notbonzo/toolchain32/i686-elf/lib/gcc/i686-elf/11.2.0/libgcc.a(_udivdi3.o)
 .comment       0x0000000000000130       0x13 /home/notbonzo/toolchain32/i686-elf/lib/gcc/i686-elf/11.2.0/libgcc.a(_umoddi3.o)

.debug_frame    0x0000000000000000      0x994
 .debug_frame   0x0000000000000000       0x34 /home/notbonzo/code/os-building/build/kernel/c/debug.obj
 .debug_frame   0x0000000000000034       0x58 /home/notbonzo/code/os-building/build/kernel/c/main.obj
 .debug_frame   0x000000000000008c       0x74 /home/notbonzo/code/os-building/build/kernel/c/memory.obj
 .debug_frame   0x0000000000000100      0x200 /home/notbonzo/code/os-building/build/kernel/c/stdio.obj
 .debug_frame   0x0000000000000300       0x34 /home/notbonzo/code/os-building/build/kernel/c/hal/hal.obj
 .debug_frame   0x0000000000000334       0x34 /home/notbonzo/code/os-building/build/kernel/c/hal/vfs.obj
 .debug_frame   0x0000000000000368       0xf8 /home/notbonzo/code/os-building/build/kernel/c/arch/driver/fdc.obj
 .debug_frame   0x0000000000000460       0xb4 /home/notbonzo/code/os-building/build/kernel/c/arch/driver/key.obj
 .debug_frame   0x0000000000000514       0x34 /home/notbonzo/code/os-building/build/kernel/c/arch/i686/e9.obj
 .debug_frame   0x0000000000000548       0x74 /home/notbonzo/code/os-building/build/kernel/c/arch/i686/gdt.obj
 .debug_frame   0x00000000000005bc      0x100 /home/notbonzo/code/os-building/build/kernel/c/arch/i686/idt.obj
 .debug_frame   0x00000000000006bc       0x34 /home/notbonzo/code/os-building/build/kernel/c/arch/i686/io.obj
 .debug_frame   0x00000000000006f0       0x74 /home/notbonzo/code/os-building/build/kernel/c/arch/i686/irq.obj
 .debug_frame   0x0000000000000764       0xfc /home/notbonzo/code/os-building/build/kernel/c/arch/i686/pic.obj
 .debug_frame   0x0000000000000860      0x134 /home/notbonzo/code/os-building/build/kernel/c/arch/i686/vga_text.obj

.debug_rnglists
                0x0000000000000000       0x65
 .debug_rnglists
                0x0000000000000000       0x1b /home/notbonzo/code/os-building/build/kernel/c/main.obj
 .debug_rnglists
                0x000000000000001b       0x2a /home/notbonzo/toolchain32/i686-elf/lib/gcc/i686-elf/11.2.0/libgcc.a(_udivdi3.o)
 .debug_rnglists
                0x0000000000000045       0x20 /home/notbonzo/toolchain32/i686-elf/lib/gcc/i686-elf/11.2.0/libgcc.a(_umoddi3.o)

.debug_loclists
                0x0000000000000000      0x9a0
 .debug_loclists
                0x0000000000000000      0x50b /home/notbonzo/toolchain32/i686-elf/lib/gcc/i686-elf/11.2.0/libgcc.a(_udivdi3.o)
 .debug_loclists
                0x000000000000050b      0x495 /home/notbonzo/toolchain32/i686-elf/lib/gcc/i686-elf/11.2.0/libgcc.a(_umoddi3.o)
