Archive member included to satisfy reference by file (symbol)

/home/notbonzo/toolchain32/i686-elf/lib/gcc/i686-elf/11.2.0/libgcc.a(_udivdi3.o)
                              /home/notbonzo/code/os-building/build/stage2/c/stdio.obj (__udivdi3)
/home/notbonzo/toolchain32/i686-elf/lib/gcc/i686-elf/11.2.0/libgcc.a(_umoddi3.o)
                              /home/notbonzo/code/os-building/build/stage2/c/stdio.obj (__umoddi3)

Memory Configuration

Name             Origin             Length             Attributes
*default*        0x0000000000000000 0xffffffffffffffff

Linker script and memory map

LOAD /home/notbonzo/code/os-building/build/stage2/asm/entry.obj
LOAD /home/notbonzo/code/os-building/build/stage2/asm/x86.obj
LOAD /home/notbonzo/code/os-building/build/stage2/c/ctype.obj
LOAD /home/notbonzo/code/os-building/build/stage2/c/disk.obj
LOAD /home/notbonzo/code/os-building/build/stage2/c/fat.obj
LOAD /home/notbonzo/code/os-building/build/stage2/c/main.obj
LOAD /home/notbonzo/code/os-building/build/stage2/c/memdetect.obj
LOAD /home/notbonzo/code/os-building/build/stage2/c/memory.obj
LOAD /home/notbonzo/code/os-building/build/stage2/c/stdio.obj
LOAD /home/notbonzo/code/os-building/build/stage2/c/string.obj
LOAD /home/notbonzo/toolchain32/i686-elf/lib/gcc/i686-elf/11.2.0/libgcc.a
                0x0000000000000500                phys = 0x500
                0x0000000000000500                . = phys

.entry          0x0000000000000500       0xc0
                0x0000000000000500                __entry_start = .
 *(.entry)
 .entry         0x0000000000000500       0xc0 /home/notbonzo/code/os-building/build/stage2/asm/entry.obj
                0x0000000000000500                entry

.text           0x00000000000005c0     0x1d70
                0x00000000000005c0                __text_start = .
 *(.text)
 .text          0x00000000000005c0      0x24e /home/notbonzo/code/os-building/build/stage2/asm/x86.obj
                0x00000000000005c0                x86_outb
                0x00000000000005cb                x86_inb
                0x00000000000005d4                x86_Disk_GetDriveParams
                0x0000000000000697                x86_Disk_Reset
                0x00000000000006e7                x86_Disk_Read
                0x0000000000000765                x86_E820GetNextBlock
 .text          0x000000000000080e       0x55 /home/notbonzo/code/os-building/build/stage2/c/ctype.obj
                0x000000000000080e                islower
                0x0000000000000837                toupper
 .text          0x0000000000000863      0x199 /home/notbonzo/code/os-building/build/stage2/c/disk.obj
                0x0000000000000863                DISK_Initialize
                0x00000000000008d3                DISK_LBA2CHS
                0x0000000000000960                DISK_ReadSectors
 .text          0x00000000000009fc      0xa30 /home/notbonzo/code/os-building/build/stage2/c/fat.obj
                0x00000000000009fc                FAT_ReadBootSector
                0x0000000000000a19                FAT_ReadFat
                0x0000000000000a4d                FAT_Initialize
                0x0000000000000c81                FAT_ClusterToLba
                0x0000000000000ca2                FAT_OpenEntry
                0x0000000000000e6a                FAT_NextCluster
                0x0000000000000eb7                FAT_Read
                0x000000000000110b                FAT_ReadEntry
                0x000000000000112c                FAT_Close
                0x000000000000117a                FAT_FindFile
                0x00000000000012df                FAT_Open
 .text          0x000000000000142c      0x11b /home/notbonzo/code/os-building/build/stage2/c/main.obj
                0x000000000000142c                start
 .text          0x0000000000001547      0x128 /home/notbonzo/code/os-building/build/stage2/c/memdetect.obj
                0x0000000000001547                Memory_Detect
 .text          0x000000000000166f       0xf5 /home/notbonzo/code/os-building/build/stage2/c/memory.obj
                0x000000000000166f                memcpy
                0x00000000000016c1                memset
                0x0000000000001704                memcmp
 .text          0x0000000000001764      0x895 /home/notbonzo/code/os-building/build/stage2/c/stdio.obj
                0x0000000000001764                putchr
                0x0000000000001793                putcolor
                0x00000000000017c5                getchr
                0x00000000000017e7                getcolor
                0x000000000000180c                setcursor
                0x000000000000187d                clrscr
                0x000000000000190b                scrollback
                0x00000000000019f9                putc
                0x0000000000001b06                puts
                0x0000000000001b35                printf_unsigned
                0x0000000000001bee                printf_signed
                0x0000000000001c4b                printf
                0x0000000000001f60                print_buffer
 .text          0x0000000000001ff9       0xb6 /home/notbonzo/code/os-building/build/stage2/c/string.obj
                0x0000000000001ff9                strchr
                0x0000000000002037                strcpy
                0x0000000000002089                strlen
 *fill*         0x00000000000020af        0x1 
 .text          0x00000000000020b0      0x12a /home/notbonzo/toolchain32/i686-elf/lib/gcc/i686-elf/11.2.0/libgcc.a(_udivdi3.o)
                0x00000000000020b0                __udivdi3
 *fill*         0x00000000000021da        0x6 
 .text          0x00000000000021e0      0x150 /home/notbonzo/toolchain32/i686-elf/lib/gcc/i686-elf/11.2.0/libgcc.a(_umoddi3.o)
                0x00000000000021e0                __umoddi3

.data           0x0000000000002330        0xc
                0x0000000000002330                __data_start = .
 *(.data)
 .data          0x0000000000002330        0x0 /home/notbonzo/code/os-building/build/stage2/c/ctype.obj
 .data          0x0000000000002330        0x0 /home/notbonzo/code/os-building/build/stage2/c/disk.obj
 .data          0x0000000000002330        0x0 /home/notbonzo/code/os-building/build/stage2/c/fat.obj
 .data          0x0000000000002330        0x8 /home/notbonzo/code/os-building/build/stage2/c/main.obj
                0x0000000000002330                KernelLoadBuffer
                0x0000000000002334                Kernel
 .data          0x0000000000002338        0x0 /home/notbonzo/code/os-building/build/stage2/c/memdetect.obj
 .data          0x0000000000002338        0x0 /home/notbonzo/code/os-building/build/stage2/c/memory.obj
 .data          0x0000000000002338        0x4 /home/notbonzo/code/os-building/build/stage2/c/stdio.obj
                0x0000000000002338                g_ScreenBuffer
 .data          0x000000000000233c        0x0 /home/notbonzo/code/os-building/build/stage2/c/string.obj
 .data          0x000000000000233c        0x0 /home/notbonzo/toolchain32/i686-elf/lib/gcc/i686-elf/11.2.0/libgcc.a(_udivdi3.o)
 .data          0x000000000000233c        0x0 /home/notbonzo/toolchain32/i686-elf/lib/gcc/i686-elf/11.2.0/libgcc.a(_umoddi3.o)

.rodata         0x000000000000233c      0x22a
                0x000000000000233c                __rodata_start = .
 *(.rodata)
 .rodata        0x000000000000233c      0x11b /home/notbonzo/code/os-building/build/stage2/c/fat.obj
 .rodata        0x0000000000002457       0x2f /home/notbonzo/code/os-building/build/stage2/c/main.obj
 *fill*         0x0000000000002486        0x2 
 .rodata        0x0000000000002488       0x21 /home/notbonzo/code/os-building/build/stage2/c/memdetect.obj
 *fill*         0x00000000000024a9        0x3 
 .rodata        0x00000000000024ac       0xba /home/notbonzo/code/os-building/build/stage2/c/stdio.obj
                0x00000000000024ac                SCREEN_WIDTH
                0x00000000000024b0                SCREEN_HEIGHT
                0x00000000000024b4                DEFAULT_COLOR
                0x00000000000024b8                g_HexChars

.eh_frame       0x0000000000002568       0xd8
 .eh_frame      0x0000000000002568       0x64 /home/notbonzo/toolchain32/i686-elf/lib/gcc/i686-elf/11.2.0/libgcc.a(_udivdi3.o)
 .eh_frame      0x00000000000025cc       0x74 /home/notbonzo/toolchain32/i686-elf/lib/gcc/i686-elf/11.2.0/libgcc.a(_umoddi3.o)

.bss            0x0000000000002640     0x182c
                0x0000000000002640                __bss_start = .
 *(.bss)
 .bss           0x0000000000002640        0x0 /home/notbonzo/code/os-building/build/stage2/c/ctype.obj
 .bss           0x0000000000002640        0x0 /home/notbonzo/code/os-building/build/stage2/c/disk.obj
 .bss           0x0000000000002640        0xc /home/notbonzo/code/os-building/build/stage2/c/fat.obj
 .bss           0x000000000000264c        0x0 /home/notbonzo/code/os-building/build/stage2/c/main.obj
 *fill*         0x000000000000264c       0x14 
 .bss           0x0000000000002660     0x1804 /home/notbonzo/code/os-building/build/stage2/c/memdetect.obj
                0x0000000000002660                g_MemRegions
                0x0000000000003e60                g_MemRegionCount
 .bss           0x0000000000003e64        0x0 /home/notbonzo/code/os-building/build/stage2/c/memory.obj
 .bss           0x0000000000003e64        0x8 /home/notbonzo/code/os-building/build/stage2/c/stdio.obj
                0x0000000000003e64                g_ScreenX
                0x0000000000003e68                g_ScreenY
 .bss           0x0000000000003e6c        0x0 /home/notbonzo/code/os-building/build/stage2/c/string.obj
 .bss           0x0000000000003e6c        0x0 /home/notbonzo/toolchain32/i686-elf/lib/gcc/i686-elf/11.2.0/libgcc.a(_udivdi3.o)
 .bss           0x0000000000003e6c        0x0 /home/notbonzo/toolchain32/i686-elf/lib/gcc/i686-elf/11.2.0/libgcc.a(_umoddi3.o)
                0x0000000000003e6c                __end = .
OUTPUT(/home/notbonzo/code/os-building/build/stage2.bin binary)

.debug_info     0x0000000000000000     0x21e2
 .debug_info    0x0000000000000000       0xcb /home/notbonzo/code/os-building/build/stage2/c/ctype.obj
 .debug_info    0x00000000000000cb      0x2b1 /home/notbonzo/code/os-building/build/stage2/c/disk.obj
 .debug_info    0x000000000000037c      0x9a9 /home/notbonzo/code/os-building/build/stage2/c/fat.obj
 .debug_info    0x0000000000000d25      0x3ad /home/notbonzo/code/os-building/build/stage2/c/main.obj
 .debug_info    0x00000000000010d2      0x23a /home/notbonzo/code/os-building/build/stage2/c/memdetect.obj
 .debug_info    0x000000000000130c      0x1e8 /home/notbonzo/code/os-building/build/stage2/c/memory.obj
 .debug_info    0x00000000000014f4      0x54d /home/notbonzo/code/os-building/build/stage2/c/stdio.obj
 .debug_info    0x0000000000001a41      0x132 /home/notbonzo/code/os-building/build/stage2/c/string.obj
 .debug_info    0x0000000000001b73      0x32c /home/notbonzo/toolchain32/i686-elf/lib/gcc/i686-elf/11.2.0/libgcc.a(_udivdi3.o)
 .debug_info    0x0000000000001e9f      0x343 /home/notbonzo/toolchain32/i686-elf/lib/gcc/i686-elf/11.2.0/libgcc.a(_umoddi3.o)

.debug_abbrev   0x0000000000000000      0xcdb
 .debug_abbrev  0x0000000000000000       0x77 /home/notbonzo/code/os-building/build/stage2/c/ctype.obj
 .debug_abbrev  0x0000000000000077      0x140 /home/notbonzo/code/os-building/build/stage2/c/disk.obj
 .debug_abbrev  0x00000000000001b7      0x24d /home/notbonzo/code/os-building/build/stage2/c/fat.obj
 .debug_abbrev  0x0000000000000404      0x14e /home/notbonzo/code/os-building/build/stage2/c/main.obj
 .debug_abbrev  0x0000000000000552      0x13d /home/notbonzo/code/os-building/build/stage2/c/memdetect.obj
 .debug_abbrev  0x000000000000068f       0xe2 /home/notbonzo/code/os-building/build/stage2/c/memory.obj
 .debug_abbrev  0x0000000000000771      0x1f6 /home/notbonzo/code/os-building/build/stage2/c/stdio.obj
 .debug_abbrev  0x0000000000000967       0xa8 /home/notbonzo/code/os-building/build/stage2/c/string.obj
 .debug_abbrev  0x0000000000000a0f      0x15b /home/notbonzo/toolchain32/i686-elf/lib/gcc/i686-elf/11.2.0/libgcc.a(_udivdi3.o)
 .debug_abbrev  0x0000000000000b6a      0x171 /home/notbonzo/toolchain32/i686-elf/lib/gcc/i686-elf/11.2.0/libgcc.a(_umoddi3.o)

.debug_aranges  0x0000000000000000      0x140
 .debug_aranges
                0x0000000000000000       0x20 /home/notbonzo/code/os-building/build/stage2/c/ctype.obj
 .debug_aranges
                0x0000000000000020       0x20 /home/notbonzo/code/os-building/build/stage2/c/disk.obj
 .debug_aranges
                0x0000000000000040       0x20 /home/notbonzo/code/os-building/build/stage2/c/fat.obj
 .debug_aranges
                0x0000000000000060       0x20 /home/notbonzo/code/os-building/build/stage2/c/main.obj
 .debug_aranges
                0x0000000000000080       0x20 /home/notbonzo/code/os-building/build/stage2/c/memdetect.obj
 .debug_aranges
                0x00000000000000a0       0x20 /home/notbonzo/code/os-building/build/stage2/c/memory.obj
 .debug_aranges
                0x00000000000000c0       0x20 /home/notbonzo/code/os-building/build/stage2/c/stdio.obj
 .debug_aranges
                0x00000000000000e0       0x20 /home/notbonzo/code/os-building/build/stage2/c/string.obj
 .debug_aranges
                0x0000000000000100       0x20 /home/notbonzo/toolchain32/i686-elf/lib/gcc/i686-elf/11.2.0/libgcc.a(_udivdi3.o)
 .debug_aranges
                0x0000000000000120       0x20 /home/notbonzo/toolchain32/i686-elf/lib/gcc/i686-elf/11.2.0/libgcc.a(_umoddi3.o)

.debug_line     0x0000000000000000     0x106d
 .debug_line    0x0000000000000000       0x88 /home/notbonzo/code/os-building/build/stage2/c/ctype.obj
 .debug_line    0x0000000000000088       0xee /home/notbonzo/code/os-building/build/stage2/c/disk.obj
 .debug_line    0x0000000000000176      0x4d7 /home/notbonzo/code/os-building/build/stage2/c/fat.obj
 .debug_line    0x000000000000064d       0xc5 /home/notbonzo/code/os-building/build/stage2/c/main.obj
 .debug_line    0x0000000000000712       0xcd /home/notbonzo/code/os-building/build/stage2/c/memdetect.obj
 .debug_line    0x00000000000007df       0xe8 /home/notbonzo/code/os-building/build/stage2/c/memory.obj
 .debug_line    0x00000000000008c7      0x3c1 /home/notbonzo/code/os-building/build/stage2/c/stdio.obj
 .debug_line    0x0000000000000c88       0x97 /home/notbonzo/code/os-building/build/stage2/c/string.obj
 .debug_line    0x0000000000000d1f      0x179 /home/notbonzo/toolchain32/i686-elf/lib/gcc/i686-elf/11.2.0/libgcc.a(_udivdi3.o)
 .debug_line    0x0000000000000e98      0x1d5 /home/notbonzo/toolchain32/i686-elf/lib/gcc/i686-elf/11.2.0/libgcc.a(_umoddi3.o)

.debug_str      0x0000000000000000     0x14bc
 .debug_str     0x0000000000000000       0xea /home/notbonzo/code/os-building/build/stage2/c/ctype.obj
 .debug_str     0x00000000000000ea      0x1c5 /home/notbonzo/code/os-building/build/stage2/c/disk.obj
 .debug_str     0x00000000000002af      0x5e8 /home/notbonzo/code/os-building/build/stage2/c/fat.obj
 .debug_str     0x0000000000000897      0x261 /home/notbonzo/code/os-building/build/stage2/c/main.obj
 .debug_str     0x0000000000000af8      0x19a /home/notbonzo/code/os-building/build/stage2/c/memdetect.obj
 .debug_str     0x0000000000000c92      0x125 /home/notbonzo/code/os-building/build/stage2/c/memory.obj
 .debug_str     0x0000000000000db7      0x24e /home/notbonzo/code/os-building/build/stage2/c/stdio.obj
 .debug_str     0x0000000000001005       0xf1 /home/notbonzo/code/os-building/build/stage2/c/string.obj
 .debug_str     0x00000000000010f6      0x1e3 /home/notbonzo/toolchain32/i686-elf/lib/gcc/i686-elf/11.2.0/libgcc.a(_udivdi3.o)
 .debug_str     0x00000000000012d9      0x1e3 /home/notbonzo/toolchain32/i686-elf/lib/gcc/i686-elf/11.2.0/libgcc.a(_umoddi3.o)

.debug_line_str
                0x0000000000000000      0x8c1
 .debug_line_str
                0x0000000000000000       0x84 /home/notbonzo/code/os-building/build/stage2/c/ctype.obj
 .debug_line_str
                0x0000000000000084       0xdf /home/notbonzo/code/os-building/build/stage2/c/disk.obj
 .debug_line_str
                0x0000000000000163       0xfe /home/notbonzo/code/os-building/build/stage2/c/fat.obj
 .debug_line_str
                0x0000000000000261      0x11a /home/notbonzo/code/os-building/build/stage2/c/main.obj
 .debug_line_str
                0x000000000000037b      0x119 /home/notbonzo/code/os-building/build/stage2/c/memdetect.obj
 .debug_line_str
                0x0000000000000494       0xd8 /home/notbonzo/code/os-building/build/stage2/c/memory.obj
 .debug_line_str
                0x000000000000056c       0xe4 /home/notbonzo/code/os-building/build/stage2/c/stdio.obj
 .debug_line_str
                0x0000000000000650       0x87 /home/notbonzo/code/os-building/build/stage2/c/string.obj
 .debug_line_str
                0x00000000000006d7       0xf5 /home/notbonzo/toolchain32/i686-elf/lib/gcc/i686-elf/11.2.0/libgcc.a(_udivdi3.o)
 .debug_line_str
                0x00000000000007cc       0xf5 /home/notbonzo/toolchain32/i686-elf/lib/gcc/i686-elf/11.2.0/libgcc.a(_umoddi3.o)

.comment        0x0000000000000000       0xbe
 .comment       0x0000000000000000       0x13 /home/notbonzo/code/os-building/build/stage2/c/ctype.obj
 .comment       0x0000000000000013       0x13 /home/notbonzo/code/os-building/build/stage2/c/disk.obj
 .comment       0x0000000000000026       0x13 /home/notbonzo/code/os-building/build/stage2/c/fat.obj
 .comment       0x0000000000000039       0x13 /home/notbonzo/code/os-building/build/stage2/c/main.obj
 .comment       0x000000000000004c       0x13 /home/notbonzo/code/os-building/build/stage2/c/memdetect.obj
 .comment       0x000000000000005f       0x13 /home/notbonzo/code/os-building/build/stage2/c/memory.obj
 .comment       0x0000000000000072       0x13 /home/notbonzo/code/os-building/build/stage2/c/stdio.obj
 .comment       0x0000000000000085       0x13 /home/notbonzo/code/os-building/build/stage2/c/string.obj
 .comment       0x0000000000000098       0x13 /home/notbonzo/toolchain32/i686-elf/lib/gcc/i686-elf/11.2.0/libgcc.a(_udivdi3.o)
 .comment       0x00000000000000ab       0x13 /home/notbonzo/toolchain32/i686-elf/lib/gcc/i686-elf/11.2.0/libgcc.a(_umoddi3.o)

.debug_frame    0x0000000000000000      0x56c
 .debug_frame   0x0000000000000000       0x54 /home/notbonzo/code/os-building/build/stage2/c/ctype.obj
 .debug_frame   0x0000000000000054       0x80 /home/notbonzo/code/os-building/build/stage2/c/disk.obj
 .debug_frame   0x00000000000000d4      0x184 /home/notbonzo/code/os-building/build/stage2/c/fat.obj
 .debug_frame   0x0000000000000258       0x2c /home/notbonzo/code/os-building/build/stage2/c/main.obj
 .debug_frame   0x0000000000000284       0x40 /home/notbonzo/code/os-building/build/stage2/c/memdetect.obj
 .debug_frame   0x00000000000002c4       0x74 /home/notbonzo/code/os-building/build/stage2/c/memory.obj
 .debug_frame   0x0000000000000338      0x1c0 /home/notbonzo/code/os-building/build/stage2/c/stdio.obj
 .debug_frame   0x00000000000004f8       0x74 /home/notbonzo/code/os-building/build/stage2/c/string.obj

.debug_loclists
                0x0000000000000000      0x9a0
 .debug_loclists
                0x0000000000000000      0x50b /home/notbonzo/toolchain32/i686-elf/lib/gcc/i686-elf/11.2.0/libgcc.a(_udivdi3.o)
 .debug_loclists
                0x000000000000050b      0x495 /home/notbonzo/toolchain32/i686-elf/lib/gcc/i686-elf/11.2.0/libgcc.a(_umoddi3.o)

.debug_rnglists
                0x0000000000000000       0x4a
 .debug_rnglists
                0x0000000000000000       0x2a /home/notbonzo/toolchain32/i686-elf/lib/gcc/i686-elf/11.2.0/libgcc.a(_udivdi3.o)
 .debug_rnglists
                0x000000000000002a       0x20 /home/notbonzo/toolchain32/i686-elf/lib/gcc/i686-elf/11.2.0/libgcc.a(_umoddi3.o)
